Archive member included because of file (symbol)

d:/altera/13.0/nios2eds/bin/gnu/h-i686-mingw32/bin/../lib/gcc/nios2-elf/4.1.2\libgcc.a(_fixunsdfsi.o)
                              obj/default/dm9000a.o (__fixunsdfsi)
d:/altera/13.0/nios2eds/bin/gnu/h-i686-mingw32/bin/../lib/gcc/nios2-elf/4.1.2\libgcc.a(_addsub_sf.o)
                              obj/default/my_threads.o (__addsf3)
d:/altera/13.0/nios2eds/bin/gnu/h-i686-mingw32/bin/../lib/gcc/nios2-elf/4.1.2\libgcc.a(_mul_sf.o)
                              obj/default/my_threads.o (__mulsf3)
d:/altera/13.0/nios2eds/bin/gnu/h-i686-mingw32/bin/../lib/gcc/nios2-elf/4.1.2\libgcc.a(_div_sf.o)
                              obj/default/my_threads.o (__divsf3)
d:/altera/13.0/nios2eds/bin/gnu/h-i686-mingw32/bin/../lib/gcc/nios2-elf/4.1.2\libgcc.a(_sf_to_si.o)
                              obj/default/my_threads.o (__fixsfsi)
d:/altera/13.0/nios2eds/bin/gnu/h-i686-mingw32/bin/../lib/gcc/nios2-elf/4.1.2\libgcc.a(_thenan_sf.o)
                              d:/altera/13.0/nios2eds/bin/gnu/h-i686-mingw32/bin/../lib/gcc/nios2-elf/4.1.2\libgcc.a(_addsub_sf.o) (__thenan_sf)
d:/altera/13.0/nios2eds/bin/gnu/h-i686-mingw32/bin/../lib/gcc/nios2-elf/4.1.2\libgcc.a(_usi_to_sf.o)
                              obj/default/my_threads.o (__floatunsisf)
d:/altera/13.0/nios2eds/bin/gnu/h-i686-mingw32/bin/../lib/gcc/nios2-elf/4.1.2\libgcc.a(_addsub_df.o)
                              d:/altera/13.0/nios2eds/bin/gnu/h-i686-mingw32/bin/../lib/gcc/nios2-elf/4.1.2\libgcc.a(_fixunsdfsi.o) (__subdf3)
d:/altera/13.0/nios2eds/bin/gnu/h-i686-mingw32/bin/../lib/gcc/nios2-elf/4.1.2\libgcc.a(_mul_df.o)
                              obj/default/dm9000a.o (__muldf3)
d:/altera/13.0/nios2eds/bin/gnu/h-i686-mingw32/bin/../lib/gcc/nios2-elf/4.1.2\libgcc.a(_ge_df.o)
                              d:/altera/13.0/nios2eds/bin/gnu/h-i686-mingw32/bin/../lib/gcc/nios2-elf/4.1.2\libgcc.a(_fixunsdfsi.o) (__gedf2)
d:/altera/13.0/nios2eds/bin/gnu/h-i686-mingw32/bin/../lib/gcc/nios2-elf/4.1.2\libgcc.a(_df_to_si.o)
                              d:/altera/13.0/nios2eds/bin/gnu/h-i686-mingw32/bin/../lib/gcc/nios2-elf/4.1.2\libgcc.a(_fixunsdfsi.o) (__fixdfsi)
d:/altera/13.0/nios2eds/bin/gnu/h-i686-mingw32/bin/../lib/gcc/nios2-elf/4.1.2\libgcc.a(_thenan_df.o)
                              d:/altera/13.0/nios2eds/bin/gnu/h-i686-mingw32/bin/../lib/gcc/nios2-elf/4.1.2\libgcc.a(_addsub_df.o) (__thenan_df)
d:/altera/13.0/nios2eds/bin/gnu/h-i686-mingw32/bin/../lib/gcc/nios2-elf/4.1.2\libgcc.a(_usi_to_df.o)
                              obj/default/dm9000a.o (__floatunsidf)
d:/altera/13.0/nios2eds/bin/gnu/h-i686-mingw32/bin/../lib/gcc/nios2-elf/4.1.2\libgcc.a(_muldi3.o)
                              d:/altera/13.0/nios2eds/bin/gnu/h-i686-mingw32/bin/../lib/gcc/nios2-elf/4.1.2\libgcc.a(_mul_sf.o) (__muldi3)
d:/altera/13.0/nios2eds/bin/gnu/h-i686-mingw32/bin/../lib/gcc/nios2-elf/4.1.2\libgcc.a(_clzsi2.o)
                              d:/altera/13.0/nios2eds/bin/gnu/h-i686-mingw32/bin/../lib/gcc/nios2-elf/4.1.2\libgcc.a(_usi_to_sf.o) (__clzsi2)
d:/altera/13.0/nios2eds/bin/gnu/h-i686-mingw32/bin/../lib/gcc/nios2-elf/4.1.2\libgcc.a(_pack_sf.o)
                              d:/altera/13.0/nios2eds/bin/gnu/h-i686-mingw32/bin/../lib/gcc/nios2-elf/4.1.2\libgcc.a(_addsub_sf.o) (__pack_f)
d:/altera/13.0/nios2eds/bin/gnu/h-i686-mingw32/bin/../lib/gcc/nios2-elf/4.1.2\libgcc.a(_unpack_sf.o)
                              d:/altera/13.0/nios2eds/bin/gnu/h-i686-mingw32/bin/../lib/gcc/nios2-elf/4.1.2\libgcc.a(_addsub_sf.o) (__unpack_f)
d:/altera/13.0/nios2eds/bin/gnu/h-i686-mingw32/bin/../lib/gcc/nios2-elf/4.1.2\libgcc.a(_pack_df.o)
                              d:/altera/13.0/nios2eds/bin/gnu/h-i686-mingw32/bin/../lib/gcc/nios2-elf/4.1.2\libgcc.a(_addsub_df.o) (__pack_d)
d:/altera/13.0/nios2eds/bin/gnu/h-i686-mingw32/bin/../lib/gcc/nios2-elf/4.1.2\libgcc.a(_unpack_df.o)
                              d:/altera/13.0/nios2eds/bin/gnu/h-i686-mingw32/bin/../lib/gcc/nios2-elf/4.1.2\libgcc.a(_addsub_df.o) (__unpack_d)
d:/altera/13.0/nios2eds/bin/gnu/h-i686-mingw32/bin/../lib/gcc/nios2-elf/4.1.2\libgcc.a(_fpcmp_parts_df.o)
                              d:/altera/13.0/nios2eds/bin/gnu/h-i686-mingw32/bin/../lib/gcc/nios2-elf/4.1.2\libgcc.a(_ge_df.o) (__fpcmp_parts_d)
d:/altera/13.0/nios2eds/bin/gnu/h-i686-mingw32/bin/../lib/gcc/nios2-elf/4.1.2\libgcc.a(_clz.o)
                              d:/altera/13.0/nios2eds/bin/gnu/h-i686-mingw32/bin/../lib/gcc/nios2-elf/4.1.2\libgcc.a(_clzsi2.o) (__clz_tab)
d:/altera/13.0/nios2eds/bin/gnu/h-i686-mingw32/bin/../lib/gcc/nios2-elf/4.1.2/../../../../nios2-elf/lib\libc.a(lib_a-ctype_.o)
                              obj/default/network_utilities.o (__ctype_ptr)
d:/altera/13.0/nios2eds/bin/gnu/h-i686-mingw32/bin/../lib/gcc/nios2-elf/4.1.2/../../../../nios2-elf/lib\libc.a(lib_a-fprintf.o)
                              obj/default/alt_error_handler.o (fprintf)
[...]
Memory Configuration

Name             Origin             Length             Attributes
sdram_0_BEFORE_EXCEPTION 0x00800000         0x00000020
sdram_0          0x00800020         0x007fffe0
reset            0x01400000         0x00000020
cfi_flash_0      0x01400020         0x003fffe0
sram_0           0x01a00000         0x00080000
epcs_controller  0x01a81000         0x00000800
*default*        0x00000000         0xffffffff

Linker script and memory map

LOAD ../PepinoBoris_bsp//obj/HAL/src/crt0.o
LOAD obj/default/VGA.o
LOAD obj/default/alt_error_handler.o
LOAD obj/default/dm9000a.o
LOAD obj/default/iniche_init.o
LOAD obj/default/led.o
LOAD obj/default/my_threads.o
LOAD obj/default/network_utilities.o
LOAD obj/default/sdcard/my_sdcard.o
LOAD obj/default/simple_socket_server.o
LOAD obj/default/tse_my_system.o
LOAD d:/altera/13.0/nios2eds/bin/gnu/h-i686-mingw32/bin/../lib/gcc/nios2-elf/4.1.2/../../../../nios2-elf/lib\libstdc++.a
LOAD d:/altera/13.0/nios2eds/bin/gnu/h-i686-mingw32/bin/../lib/gcc/nios2-elf/4.1.2/../../../../nios2-elf/lib\libm.a
LOAD d:/altera/13.0/nios2eds/bin/gnu/h-i686-mingw32/bin/../lib/gcc/nios2-elf/4.1.2\libgcc.a
START GROUP
LOAD d:/altera/13.0/nios2eds/bin/gnu/h-i686-mingw32/bin/../lib/gcc/nios2-elf/4.1.2/../../../../nios2-elf/lib\libc.a
LOAD d:/altera/13.0/nios2eds/bin/gnu/h-i686-mingw32/bin/../lib/gcc/nios2-elf/4.1.2\libgcc.a
LOAD ../PepinoBoris_bsp/\libucosii_bsp.a
END GROUP
LOAD d:/altera/13.0/nios2eds/bin/gnu/h-i686-mingw32/bin/../lib/gcc/nios2-elf/4.1.2\libgcc.a
                0x00800000                __alt_mem_sdram_0 = 0x800000
                0x01400000                __alt_mem_cfi_flash_0 = 0x1400000
                0x01a00000                __alt_mem_sram_0 = 0x1a00000
                0x01a81000                __alt_mem_epcs_controller = 0x1a81000

.entry          0x01400000        0x0
 *(.entry)
 .entry         0x01400000        0x0 ../PepinoBoris_bsp//obj/HAL/src/crt0.o
                0x01400000                __reset

.exceptions     0x00800020      0x19c
                0x00800020                PROVIDE (__ram_exceptions_start, ABSOLUTE (.))
                0x00800020                . = ALIGN (0x20)
 *(.irq)
 *(.exceptions.entry.label)
 .exceptions.entry.label
                0x00800020        0x0 ../PepinoBoris_bsp/\libucosii_bsp.a(alt_irq_entry.o)
                0x00800020                alt_irq_entry
 .exceptions.entry.label
                0x00800020        0x0 ../PepinoBoris_bsp/\libucosii_bsp.a(alt_exception_entry.o)
                0x00800020                alt_exception
 *(.exceptions.entry.user)
 *(.exceptions.entry)
 .exceptions.entry
                0x00800020       0x54 ../PepinoBoris_bsp/\libucosii_bsp.a(alt_exception_entry.o)
 *(.exceptions.irqtest.user)
 *(.exceptions.irqtest)
 .exceptions.irqtest
                0x00800074       0x10 ../PepinoBoris_bsp/\libucosii_bsp.a(alt_irq_entry.o)
 *(.exceptions.irqhandler.user)
 *(.exceptions.irqhandler)
 .exceptions.irqhandler
                0x00800084        0x4 ../PepinoBoris_bsp/\libucosii_bsp.a(alt_irq_entry.o)
 *(.exceptions.irqreturn.user)
 *(.exceptions.irqreturn)
 .exceptions.irqreturn
                0x00800088        0x4 ../PepinoBoris_bsp/\libucosii_bsp.a(alt_irq_entry.o)
 *(.exceptions.notirq.label)
 .exceptions.notirq.label
                0x0080008c        0x0 ../PepinoBoris_bsp/\libucosii_bsp.a(alt_irq_entry.o)
 *(.exceptions.notirq.user)
 *(.exceptions.notirq)
 .exceptions.notirq
                0x0080008c        0x8 ../PepinoBoris_bsp/\libucosii_bsp.a(alt_exception_entry.o)
 *(.exceptions.soft.user)
 *(.exceptions.soft)
 *(.exceptions.unknown.user)
 *(.exceptions.unknown)
 .exceptions.unknown
                0x00800094        0x4 ../PepinoBoris_bsp/\libucosii_bsp.a(alt_exception_entry.o)
 *(.exceptions.exit.label)
 .exceptions.exit.label
                0x00800098        0x0 ../PepinoBoris_bsp/\libucosii_bsp.a(alt_irq_entry.o)
 .exceptions.exit.label
                0x00800098        0x0 ../PepinoBoris_bsp/\libucosii_bsp.a(alt_exception_entry.o)
 *(.exceptions.exit.user)
 *(.exceptions.exit)
 .exceptions.exit
                0x00800098       0x54 ../PepinoBoris_bsp/\libucosii_bsp.a(alt_exception_entry.o)
 *(.exceptions)
 .exceptions    0x008000ec       0xd0 ../PepinoBoris_bsp/\libucosii_bsp.a(alt_irq_handler.o)
                0x008000ec                alt_irq_handler
                0x008001bc                PROVIDE (__ram_exceptions_end, ABSOLUTE (.))
                0x00800020                PROVIDE (__flash_exceptions_start, LOADADDR (.exceptions))

.text           0x008001bc    0x4b974
                0x008001bc                PROVIDE (stext, ABSOLUTE (.))
 *(.interp)
 *(.hash)
 *(.dynsym)
 *(.dynstr)
 *(.gnu.version)
 *(.gnu.version_d)
 *(.gnu.version_r)
 *(.rel.init)
 *(.rela.init)
 *(.rel.text .rel.text.* .rel.gnu.linkonce.t.*)
 *(.rela.text .rela.text.* .rela.gnu.linkonce.t.*)
 *(.rel.fini)
 *(.rela.fini)
 *(.rel.rodata .rel.rodata.* .rel.gnu.linkonce.r.*)
 *(.rela.rodata .rela.rodata.* .rela.gnu.linkonce.r.*)
 *(.rel.data .rel.data.* .rel.gnu.linkonce.d.*)
 *(.rela.data .rela.data.* .rela.gnu.linkonce.d.*)
 *(.rel.tdata .rel.tdata.* .rel.gnu.linkonce.td.*)
 *(.rela.tdata .rela.tdata.* .rela.gnu.linkonce.td.*)
 *(.rel.tbss .rel.tbss.* .rel.gnu.linkonce.tb.*)
 *(.rela.tbss .rela.tbss.* .rela.gnu.linkonce.tb.*)
 *(.rel.ctors)
 *(.rela.ctors)
 *(.rel.dtors)
 *(.rela.dtors)
 *(.rel.got)
 *(.rela.got)
 *(.rel.sdata .rel.sdata.* .rel.gnu.linkonce.s.*)
 *(.rela.sdata .rela.sdata.* .rela.gnu.linkonce.s.*)
 *(.rel.sbss .rel.sbss.* .rel.gnu.linkonce.sb.*)
 *(.rela.sbss .rela.sbss.* .rela.gnu.linkonce.sb.*)
 *(.rel.sdata2 .rel.sdata2.* .rel.gnu.linkonce.s2.*)
 *(.rela.sdata2 .rela.sdata2.* .rela.gnu.linkonce.s2.*)
 *(.rel.sbss2 .rel.sbss2.* .rel.gnu.linkonce.sb2.*)
 *(.rela.sbss2 .rela.sbss2.* .rela.gnu.linkonce.sb2.*)
 *(.rel.bss .rel.bss.* .rel.gnu.linkonce.b.*)
 *(.rela.bss .rela.bss.* .rela.gnu.linkonce.b.*)
 *(.rel.plt)
 *(.rela.plt)
 *(.rel.dyn)
 *(.init)
 *(.plt)
 *(.text .stub .text.* .gnu.linkonce.t.*)
 .text          0x008001bc       0x48 ../PepinoBoris_bsp//obj/HAL/src/crt0.o
                0x008001bc                _start
 .text          0x00800204      0x14c obj/default/VGA.o
                0x00800204                Set_Cursor_XY
                0x00800248                Set_Cursor_Color
                0x008002a0                Set_Pixel_On_Color
                0x008002f8                Set_Pixel_Off_Color
 .text          0x00800350      0xba8 obj/default/alt_error_handler.o
                0x00800350                alt_uCOSIIErrorHandler
                0x00800974                alt_NetworkErrorHandler
                0x00800c0c                alt_SSSErrorHandler
 .text          0x00800ef8      0xe48 obj/default/dm9000a.o
                0x00800ef8                dm9000a_iow
                0x00800f4c                dm9000a_ior
                0x00800f98                phy_write
                0x00801034                dm9000a_reset
                0x008011f8                TransmitPacket
                0x00801314                prep_dm9000a
                0x00801530                dm9000a_init
                0x00801980                dm9Ka_isr_wrap
                0x008019c0                dm9ka_init
                0x00801ab8                dm9ka_close
                0x00801bc8                dm9ka_stats
                0x00801c24                dm9ka_pkt_send
 .text          0x00801d40      0x1c0 obj/default/iniche_init.o
                0x00801d40                SSSInitialTask
                0x00801db8                main
 .text          0x00801f00      0x324 obj/default/led.o
                0x00801f00                led_bit_toggle
                0x00801fcc                LED7SegLightshowTask
                0x00802040                LEDManagementTask
 .text          0x00802224      0x3b4 obj/default/my_threads.o
                0x00802224                DisplayUpdateVGATask
                0x008024e0                DisplayReadButtonsTask
 .text          0x008025d8      0x87c obj/default/network_utilities.o
                0x008025d8                get_mac_addr
                0x00802630                get_ip_addr
                0x0080269c                get_serial_number
                0x00802878                generate_and_store_mac_addr
                0x00802a44                generate_mac_addr
                0x00802b80                get_board_mac_addr
                0x00802d14                FindLastFlashSectorOffset
 .text          0x00802e54      0x7e4 obj/default/sdcard/my_sdcard.o
                0x00802e54                escreveBloco
                0x00802f58                leBloco
                0x0080305c                loadSamples
                0x008030b0                storeSamples
                0x00803138                readSamples
                0x008032e8                writeSample
                0x0080349c                printSamples
                0x00803520                sampleDecoder
 .text          0x00803638      0x50c obj/default/simple_socket_server.o
                0x00803638                SSSCreateOSDataStructs
                0x00803764                SSSCreateTasks
                0x00803828                sss_reset_connection
                0x00803898                sss_handle_accept
                0x00803950                SSSSimpleSocketServerTask
 .text          0x00803b44        0x0 obj/default/tse_my_system.o
 .text          0x00803b44       0xa4 d:/altera/13.0/nios2eds/bin/gnu/h-i686-mingw32/bin/../lib/gcc/nios2-elf/4.1.2\libgcc.a(_fixunsdfsi.o)
                0x00803b44                __fixunsdfsi
 .text          0x00803be8      0x2b8 d:/altera/13.0/nios2eds/bin/gnu/h-i686-mingw32/bin/../lib/gcc/nios2-elf/4.1.2\libgcc.a(_addsub_sf.o)
                0x00803dcc                __subsf3
                0x00803e3c                __addsf3
 .text          0x00803ea0      0x1e0 d:/altera/13.0/nios2eds/bin/gnu/h-i686-mingw32/bin/../lib/gcc/nios2-elf/4.1.2\libgcc.a(_mul_sf.o)
                0x00803ea0                __mulsf3
 .text          0x00804080      0x174 d:/altera/13.0/nios2eds/bin/gnu/h-i686-mingw32/bin/../lib/gcc/nios2-elf/4.1.2\libgcc.a(_div_sf.o)
                0x00804080                __divsf3
 .text          0x008041f4       0x94 d:/altera/13.0/nios2eds/bin/gnu/h-i686-mingw32/bin/../lib/gcc/nios2-elf/4.1.2\libgcc.a(_sf_to_si.o)
                0x008041f4                __fixsfsi
 .text          0x00804288        0x0 d:/altera/13.0/nios2eds/bin/gnu/h-i686-mingw32/bin/../lib/gcc/nios2-elf/4.1.2\libgcc.a(_thenan_sf.o)
 .text          0x00804288       0xc0 d:/altera/13.0/nios2eds/bin/gnu/h-i686-mingw32/bin/../lib/gcc/nios2-elf/4.1.2\libgcc.a(_usi_to_sf.o)
                0x00804288                __floatunsisf
 .text          0x00804348      0x504 d:/altera/13.0/nios2eds/bin/gnu/h-i686-mingw32/bin/../lib/gcc/nios2-elf/4.1.2\libgcc.a(_addsub_df.o)
                0x00804758                __subdf3
                0x008047d8                __adddf3
 .text          0x0080484c      0x3c4 d:/altera/13.0/nios2eds/bin/gnu/h-i686-mingw32/bin/../lib/gcc/nios2-elf/4.1.2\libgcc.a(_mul_df.o)
                0x0080484c                __muldf3
 .text          0x00804c10       0x88 d:/altera/13.0/nios2eds/bin/gnu/h-i686-mingw32/bin/../lib/gcc/nios2-elf/4.1.2\libgcc.a(_ge_df.o)
                0x00804c10                __gedf2
 .text          0x00804c98       0xd8 d:/altera/13.0/nios2eds/bin/gnu/h-i686-mingw32/bin/../lib/gcc/nios2-elf/4.1.2\libgcc.a(_df_to_si.o)
                0x00804c98                __fixdfsi
 .text          0x00804d70        0x0 d:/altera/13.0/nios2eds/bin/gnu/h-i686-mingw32/bin/../lib/gcc/nios2-elf/4.1.2\libgcc.a(_thenan_df.o)
 .text          0x00804d70      0x194 d:/altera/13.0/nios2eds/bin/gnu/h-i686-mingw32/bin/../lib/gcc/nios2-elf/4.1.2\libgcc.a(_usi_to_df.o)
                0x00804d70                __floatunsidf
 .text          0x00804f04       0x98 d:/altera/13.0/nios2eds/bin/gnu/h-i686-mingw32/bin/../lib/gcc/nios2-elf/4.1.2\libgcc.a(_muldi3.o)
                0x00804f04                __muldi3
 .text          0x00804f9c       0x80 d:/altera/13.0/nios2eds/bin/gnu/h-i686-mingw32/bin/../lib/gcc/nios2-elf/4.1.2\libgcc.a(_clzsi2.o)
                0x00804f9c                __clzsi2
 .text          0x0080501c      0x160 d:/altera/13.0/nios2eds/bin/gnu/h-i686-mingw32/bin/../lib/gcc/nios2-elf/4.1.2\libgcc.a(_pack_sf.o)
                0x0080501c                __pack_f
 .text          0x0080517c       0xc8 d:/altera/13.0/nios2eds/bin/gnu/h-i686-mingw32/bin/../lib/gcc/nios2-elf/4.1.2\libgcc.a(_unpack_sf.o)
                0x0080517c                __unpack_f
 .text          0x00805244      0x314 d:/altera/13.0/nios2eds/bin/gnu/h-i686-mingw32/bin/../lib/gcc/nios2-elf/4.1.2\libgcc.a(_pack_df.o)
                0x00805244                __pack_d
 .text          0x00805558      0x138 d:/altera/13.0/nios2eds/bin/gnu/h-i686-mingw32/bin/../lib/gcc/nios2-elf/4.1.2\libgcc.a(_unpack_df.o)
                0x00805558                __unpack_d
 .text          0x00805690       0xc8 d:/altera/13.0/nios2eds/bin/gnu/h-i686-mingw32/bin/../lib/gcc/nios2-elf/4.1.2\libgcc.a(_fpcmp_parts_df.o)
                0x00805690                __fpcmp_parts_d
 .text          0x00805758        0x0 d:/altera/13.0/nios2eds/bin/gnu/h-i686-mingw32/bin/../lib/gcc/nios2-elf/4.1.2\libgcc.a(_clz.o)
 .text          0x00805758        0x0 d:/altera/13.0/nios2eds/bin/gnu/h-i686-mingw32/bin/../lib/gcc/nios2-elf/4.1.2/../../../../nios2-elf/lib\libc.a(lib_a-ctype_.o)
 .text          0x00805758       0x60 d:/altera/13.0/nios2eds/bin/gnu/h-i686-mingw32/bin/../lib/gcc/nios2-elf/4.1.2/../../../../nios2-elf/lib\libc.a(lib_a-fprintf.o)
                0x00805758                fprintf
                0x00805784                _fprintf_r
 .text          0x008057b8       0xdc d:/altera/13.0/nios2eds/bin/gnu/h-i686-mingw32/bin/../lib/gcc/nios2-elf/4.1.2/../../../../nios2-elf/lib\libc.a(lib_a-fwrite.o)
                0x008057b8                _fwrite_r
                0x00805854                fwrite
 .text          0x00805894      0x128 d:/altera/13.0/nios2eds/bin/gnu/h-i686-mingw32/bin/../lib/gcc/nios2-elf/4.1.2/../../../../nios2-elf/lib\libc.a(lib_a-getc.o)
                0x00805894                getc
                0x0080592c                _getc_r
 .text          0x008059bc        0x0 d:/altera/13.0/nios2eds/bin/gnu/h-i686-mingw32/bin/../lib/gcc/nios2-elf/4.1.2/../../../../nios2-elf/lib\libc.a(lib_a-impure.o)
 .text          0x008059bc       0x98 d:/altera/13.0/nios2eds/bin/gnu/h-i686-mingw32/bin/../lib/gcc/nios2-elf/4.1.2/../../../../nios2-elf/lib\libc.a(lib_a-memset.o)
                0x008059bc                memset
 .text          0x00805a54       0x80 d:/altera/13.0/nios2eds/bin/gnu/h-i686-mingw32/bin/../lib/gcc/nios2-elf/4.1.2/../../../../nios2-elf/lib\libc.a(lib_a-perror.o)
                0x00805a54                _perror_r
                0x00805ac0                perror
 .text          0x00805ad4       0x78 d:/altera/13.0/nios2eds/bin/gnu/h-i686-mingw32/bin/../lib/gcc/nios2-elf/4.1.2/../../../../nios2-elf/lib\libc.a(lib_a-printf.o)
                0x00805ad4                printf
                0x00805b18                _printf_r
 .text          0x00805b4c      0x1ec d:/altera/13.0/nios2eds/bin/gnu/h-i686-mingw32/bin/../lib/gcc/nios2-elf/4.1.2/../../../../nios2-elf/lib\libc.a(lib_a-putc.o)
                0x00805b4c                putc
                0x00805c50                _putc_r
 .text          0x00805d38       0x24 d:/altera/13.0/nios2eds/bin/gnu/h-i686-mingw32/bin/../lib/gcc/nios2-elf/4.1.2/../../../../nios2-elf/lib\libc.a(lib_a-putchar.o)
                0x00805d38                putchar
                0x00805d54                _putchar_r
 .text          0x00805d5c       0xb4 d:/altera/13.0/nios2eds/bin/gnu/h-i686-mingw32/bin/../lib/gcc/nios2-elf/4.1.2/../../../../nios2-elf/lib\libc.a(lib_a-puts.o)
                0x00805d5c                _puts_r
                0x00805dfc                puts
 .text          0x00805e10       0x60 d:/altera/13.0/nios2eds/bin/gnu/h-i686-mingw32/bin/../lib/gcc/nios2-elf/4.1.2/../../../../nios2-elf/lib\libc.a(lib_a-rget.o)
                0x00805e10                __srget_r
                0x00805e5c                __srget
 .text          0x00805e70      0x674 d:/altera/13.0/nios2eds/bin/gnu/h-i686-mingw32/bin/../lib/gcc/nios2-elf/4.1.2/../../../../nios2-elf/lib\libc.a(lib_a-strerror.o)
                0x00805e70                strerror
 .text          0x008064e4       0x74 d:/altera/13.0/nios2eds/bin/gnu/h-i686-mingw32/bin/../lib/gcc/nios2-elf/4.1.2/../../../../nios2-elf/lib\libc.a(lib_a-strlen.o)
                0x008064e4                strlen
 .text          0x00806558        0x8 d:/altera/13.0/nios2eds/bin/gnu/h-i686-mingw32/bin/../lib/gcc/nios2-elf/4.1.2/../../../../nios2-elf/lib\libc.a(lib_a-u_strerr.o)
                0x00806558                _user_strerror
 .text          0x00806560     0x1f28 d:/altera/13.0/nios2eds/bin/gnu/h-i686-mingw32/bin/../lib/gcc/nios2-elf/4.1.2/../../../../nios2-elf/lib\libc.a(lib_a-vfprintf.o)
                0x008065b8                ___vfprintf_internal_r
                0x00808464                __vfprintf_internal
 .text          0x00808488      0x14c d:/altera/13.0/nios2eds/bin/gnu/h-i686-mingw32/bin/../lib/gcc/nios2-elf/4.1.2/../../../../nios2-elf/lib\libc.a(lib_a-wbuf.o)
                0x00808488                __swbuf_r
                0x008085b8                __swbuf
 .text          0x008085d4      0x13c d:/altera/13.0/nios2eds/bin/gnu/h-i686-mingw32/bin/../lib/gcc/nios2-elf/4.1.2/../../../../nios2-elf/lib\libc.a(lib_a-wsetup.o)
                0x008085d4                __swsetup_r
 .text          0x00808710     0x17cc d:/altera/13.0/nios2eds/bin/gnu/h-i686-mingw32/bin/../lib/gcc/nios2-elf/4.1.2/../../../../nios2-elf/lib\libc.a(lib_a-dtoa.o)
                0x00808928                _dtoa_r
 .text          0x00809edc      0x230 d:/altera/13.0/nios2eds/bin/gnu/h-i686-mingw32/bin/../lib/gcc/nios2-elf/4.1.2/../../../../nios2-elf/lib\libc.a(lib_a-fflush.o)
                0x00809edc                _fflush_r
                0x0080a0d8                fflush
 .text          0x0080a10c      0x2c0 d:/altera/13.0/nios2eds/bin/gnu/h-i686-mingw32/bin/../lib/gcc/nios2-elf/4.1.2/../../../../nios2-elf/lib\libc.a(lib_a-findfp.o)
                0x0080a164                __sfp_lock_acquire
                0x0080a168                __sfp_lock_release
                0x0080a16c                __sinit_lock_acquire
                0x0080a170                __sinit_lock_release
                0x0080a174                __sinit
                0x0080a228                __fp_unlock_all
                0x0080a240                __fp_lock_all
                0x0080a258                _cleanup_r
                0x0080a264                _cleanup
                0x0080a274                __sfmoreglue
                0x0080a2dc                __sfp
 .text          0x0080a3cc       0xbc d:/altera/13.0/nios2eds/bin/gnu/h-i686-mingw32/bin/../lib/gcc/nios2-elf/4.1.2/../../../../nios2-elf/lib\libc.a(lib_a-fputc.o)
                0x0080a3cc                fputc
                0x0080a430                _fputc_r
 .text          0x0080a488       0x90 d:/altera/13.0/nios2eds/bin/gnu/h-i686-mingw32/bin/../lib/gcc/nios2-elf/4.1.2/../../../../nios2-elf/lib\libc.a(lib_a-fputs.o)
                0x0080a488                _fputs_r
                0x0080a4fc                fputs
 .text          0x0080a518      0x440 d:/altera/13.0/nios2eds/bin/gnu/h-i686-mingw32/bin/../lib/gcc/nios2-elf/4.1.2/../../../../nios2-elf/lib\libc.a(lib_a-freer.o)
                0x0080a518                _malloc_trim_r
                0x0080a644                _free_r
 .text          0x0080a958      0x49c d:/altera/13.0/nios2eds/bin/gnu/h-i686-mingw32/bin/../lib/gcc/nios2-elf/4.1.2/../../../../nios2-elf/lib\libc.a(lib_a-fvwrite.o)
                0x0080a958                __sfvwrite_r
 .text          0x0080adf4      0x180 d:/altera/13.0/nios2eds/bin/gnu/h-i686-mingw32/bin/../lib/gcc/nios2-elf/4.1.2/../../../../nios2-elf/lib\libc.a(lib_a-fwalk.o)
                0x0080adf4                _fwalk_reent
                0x0080aebc                _fwalk
 .text          0x0080af74       0xc4 d:/altera/13.0/nios2eds/bin/gnu/h-i686-mingw32/bin/../lib/gcc/nios2-elf/4.1.2/../../../../nios2-elf/lib\libc.a(lib_a-locale.o)
                0x0080af74                __locale_charset
                0x0080af7c                _localeconv_r
                0x0080af88                localeconv
                0x0080af98                _setlocale_r
                0x0080b01c                setlocale
 .text          0x0080b038      0x194 d:/altera/13.0/nios2eds/bin/gnu/h-i686-mingw32/bin/../lib/gcc/nios2-elf/4.1.2/../../../../nios2-elf/lib\libc.a(lib_a-makebuf.o)
                0x0080b038                __smakebuf_r
 .text          0x0080b1cc      0x740 d:/altera/13.0/nios2eds/bin/gnu/h-i686-mingw32/bin/../lib/gcc/nios2-elf/4.1.2/../../../../nios2-elf/lib\libc.a(lib_a-mallocr.o)
                0x0080b1cc                _malloc_r
 .text          0x0080b90c       0xe4 d:/altera/13.0/nios2eds/bin/gnu/h-i686-mingw32/bin/../lib/gcc/nios2-elf/4.1.2/../../../../nios2-elf/lib\libc.a(lib_a-memchr.o)
                0x0080b90c                memchr
 .text          0x0080b9f0       0xa0 d:/altera/13.0/nios2eds/bin/gnu/h-i686-mingw32/bin/../lib/gcc/nios2-elf/4.1.2/../../../../nios2-elf/lib\libc.a(lib_a-memcpy.o)
                0x0080b9f0                memcpy
 .text          0x0080ba90       0xe0 d:/altera/13.0/nios2eds/bin/gnu/h-i686-mingw32/bin/../lib/gcc/nios2-elf/4.1.2/../../../../nios2-elf/lib\libc.a(lib_a-memmove.o)
                0x0080ba90                memmove
 .text          0x0080bb70      0xff4 d:/altera/13.0/nios2eds/bin/gnu/h-i686-mingw32/bin/../lib/gcc/nios2-elf/4.1.2/../../../../nios2-elf/lib\libc.a(lib_a-mprec.o)
                0x0080bb70                _Bfree
                0x0080bb98                __hi0bits
                0x0080bc08                __lo0bits
                0x0080bccc                __mcmp
                0x0080bd2c                __ulp
                0x0080bdac                __b2d
                0x0080becc                __ratio
                0x0080bf7c                _mprec_log10
                0x0080c010                __copybits
                0x0080c068                __any_on
                0x0080c0f0                _Balloc
                0x0080c1ac                __d2b
                0x0080c328                __mdiff
                0x0080c4b4                __lshift
                0x0080c600                __multiply
                0x0080c7e8                __i2b
                0x0080c824                __multadd
                0x0080c924                __pow5mult
                0x0080ca44                __s2b
 .text          0x0080cb64      0x5f4 d:/altera/13.0/nios2eds/bin/gnu/h-i686-mingw32/bin/../lib/gcc/nios2-elf/4.1.2/../../../../nios2-elf/lib\libc.a(lib_a-reallocr.o)
                0x0080cb64                _realloc_r
 .text          0x0080d158      0x1e0 d:/altera/13.0/nios2eds/bin/gnu/h-i686-mingw32/bin/../lib/gcc/nios2-elf/4.1.2/../../../../nios2-elf/lib\libc.a(lib_a-refill.o)
                0x0080d158                __srefill_r
 .text          0x0080d338       0x40 d:/altera/13.0/nios2eds/bin/gnu/h-i686-mingw32/bin/../lib/gcc/nios2-elf/4.1.2/../../../../nios2-elf/lib\libc.a(lib_a-s_isinfd.o)
                0x0080d338                __isinfd
 .text          0x0080d378       0x30 d:/altera/13.0/nios2eds/bin/gnu/h-i686-mingw32/bin/../lib/gcc/nios2-elf/4.1.2/../../../../nios2-elf/lib\libc.a(lib_a-s_isnand.o)
                0x0080d378                __isnand
 .text          0x0080d3a8       0x70 d:/altera/13.0/nios2eds/bin/gnu/h-i686-mingw32/bin/../lib/gcc/nios2-elf/4.1.2/../../../../nios2-elf/lib\libc.a(lib_a-sbrkr.o)
                0x0080d3a8                _sbrk_r
 .text          0x0080d418      0x14c d:/altera/13.0/nios2eds/bin/gnu/h-i686-mingw32/bin/../lib/gcc/nios2-elf/4.1.2/../../../../nios2-elf/lib\libc.a(lib_a-stdio.o)
                0x0080d418                __sclose
                0x0080d420                __sseek
                0x0080d488                __swrite
                0x0080d504                __sread
 .text          0x0080d564       0xbc d:/altera/13.0/nios2eds/bin/gnu/h-i686-mingw32/bin/../lib/gcc/nios2-elf/4.1.2/../../../../nios2-elf/lib\libc.a(lib_a-strcmp.o)
                0x0080d564                strcmp
 .text          0x0080d620       0x78 d:/altera/13.0/nios2eds/bin/gnu/h-i686-mingw32/bin/../lib/gcc/nios2-elf/4.1.2/../../../../nios2-elf/lib\libc.a(lib_a-writer.o)
                0x0080d620                _write_r
 .text          0x0080d698       0xb4 d:/altera/13.0/nios2eds/bin/gnu/h-i686-mingw32/bin/../lib/gcc/nios2-elf/4.1.2/../../../../nios2-elf/lib\libc.a(lib_a-callocr.o)
                0x0080d698                _calloc_r
 .text          0x0080d74c       0x70 d:/altera/13.0/nios2eds/bin/gnu/h-i686-mingw32/bin/../lib/gcc/nios2-elf/4.1.2/../../../../nios2-elf/lib\libc.a(lib_a-closer.o)
                0x0080d74c                _close_r
 .text          0x0080d7bc      0x124 d:/altera/13.0/nios2eds/bin/gnu/h-i686-mingw32/bin/../lib/gcc/nios2-elf/4.1.2/../../../../nios2-elf/lib\libc.a(lib_a-fclose.o)
                0x0080d7bc                _fclose_r
                0x0080d8cc                fclose
 .text          0x0080d8e0       0x74 d:/altera/13.0/nios2eds/bin/gnu/h-i686-mingw32/bin/../lib/gcc/nios2-elf/4.1.2/../../../../nios2-elf/lib\libc.a(lib_a-fstatr.o)
                0x0080d8e0                _fstat_r
 .text          0x0080d954        0x0 d:/altera/13.0/nios2eds/bin/gnu/h-i686-mingw32/bin/../lib/gcc/nios2-elf/4.1.2/../../../../nios2-elf/lib\libc.a(lib_a-int_errno.o)
 .text          0x0080d954       0x70 d:/altera/13.0/nios2eds/bin/gnu/h-i686-mingw32/bin/../lib/gcc/nios2-elf/4.1.2/../../../../nios2-elf/lib\libc.a(lib_a-isattyr.o)
                0x0080d954                _isatty_r
 .text          0x0080d9c4       0x78 d:/altera/13.0/nios2eds/bin/gnu/h-i686-mingw32/bin/../lib/gcc/nios2-elf/4.1.2/../../../../nios2-elf/lib\libc.a(lib_a-lseekr.o)
                0x0080d9c4                _lseek_r
 .text          0x0080da3c       0x78 d:/altera/13.0/nios2eds/bin/gnu/h-i686-mingw32/bin/../lib/gcc/nios2-elf/4.1.2/../../../../nios2-elf/lib\libc.a(lib_a-readr.o)
                0x0080da3c                _read_r
 .text          0x0080dab4      0x5dc d:/altera/13.0/nios2eds/bin/gnu/h-i686-mingw32/bin/../lib/gcc/nios2-elf/4.1.2\libgcc.a(_udivdi3.o)
                0x0080dab4                __udivdi3
 .text          0x0080e090      0x5b0 d:/altera/13.0/nios2eds/bin/gnu/h-i686-mingw32/bin/../lib/gcc/nios2-elf/4.1.2\libgcc.a(_umoddi3.o)
                0x0080e090                __umoddi3
 .text          0x0080e640      0x258 d:/altera/13.0/nios2eds/bin/gnu/h-i686-mingw32/bin/../lib/gcc/nios2-elf/4.1.2\libgcc.a(_div_df.o)
                0x0080e640                __divdf3
 .text          0x0080e898       0x88 d:/altera/13.0/nios2eds/bin/gnu/h-i686-mingw32/bin/../lib/gcc/nios2-elf/4.1.2\libgcc.a(_eq_df.o)
                0x0080e898                __eqdf2
 .text          0x0080e920       0x88 d:/altera/13.0/nios2eds/bin/gnu/h-i686-mingw32/bin/../lib/gcc/nios2-elf/4.1.2\libgcc.a(_ne_df.o)
                0x0080e920                __nedf2
 .text          0x0080e9a8       0x88 d:/altera/13.0/nios2eds/bin/gnu/h-i686-mingw32/bin/../lib/gcc/nios2-elf/4.1.2\libgcc.a(_gt_df.o)
                0x0080e9a8                __gtdf2
 .text          0x0080ea30       0x88 d:/altera/13.0/nios2eds/bin/gnu/h-i686-mingw32/bin/../lib/gcc/nios2-elf/4.1.2\libgcc.a(_lt_df.o)
                0x0080ea30                __ltdf2
 .text          0x0080eab8       0xf8 d:/altera/13.0/nios2eds/bin/gnu/h-i686-mingw32/bin/../lib/gcc/nios2-elf/4.1.2\libgcc.a(_si_to_df.o)
                0x0080eab8                __floatsidf
 .text          0x0080ebb0      0x14c d:/altera/13.0/nios2eds/bin/gnu/h-i686-mingw32/bin/../lib/gcc/nios2-elf/4.1.2\libgcc.a(lib2-divmod.o)
                0x0080ec2c                __divsi3
                0x0080ec8c                __modsi3
                0x0080ecec                __udivsi3
                0x0080ecf4                __umodsi3
 .text          0x0080ecfc       0xd0 ../PepinoBoris_bsp/\libucosii_bsp.a(alt_flash_dev.o)
                0x0080ecfc                alt_flash_open_dev
                0x0080ed78                alt_flash_close_dev
 .text          0x0080edcc      0x134 ../PepinoBoris_bsp/\libucosii_bsp.a(alt_fstat.o)
                0x0080edcc                fstat
 .text          0x0080ef00      0x1c0 ../PepinoBoris_bsp/\libucosii_bsp.a(alt_irq_register.o)
                0x0080ef00                alt_irq_register
 .text          0x0080f0c0        0x0 ../PepinoBoris_bsp/\libucosii_bsp.a(alt_irq_vars.o)
 .text          0x0080f0c0      0x120 ../PepinoBoris_bsp/\libucosii_bsp.a(alt_isatty.o)
                0x0080f0c0                isatty
 .text          0x0080f1e0      0x150 ../PepinoBoris_bsp/\libucosii_bsp.a(alt_lseek.o)
                0x0080f1e0                lseek
 .text          0x0080f330       0xc8 ../PepinoBoris_bsp/\libucosii_bsp.a(alt_main.o)
                0x0080f330                alt_main
 .text          0x0080f3f8       0xbc ../PepinoBoris_bsp/\libucosii_bsp.a(alt_sbrk.o)
                0x0080f3f8                sbrk
 .text          0x0080f4b4      0x118 ../PepinoBoris_bsp/\libucosii_bsp.a(alt_usleep.o)
                0x0080f4b4                usleep
 .text          0x0080f5cc      0x108 ../PepinoBoris_bsp/\libucosii_bsp.a(alt_env_lock.o)
                0x0080f5cc                __env_lock
                0x0080f678                __env_unlock
 .text          0x0080f6d4      0x1d8 ../PepinoBoris_bsp/\libucosii_bsp.a(alt_malloc_lock.o)
                0x0080f6d4                __malloc_lock
                0x0080f7dc                __malloc_unlock
 .text          0x0080f8ac     0x2128 ../PepinoBoris_bsp/\libucosii_bsp.a(os_core.o)
                0x0080f8ac                OSEventNameGet
                0x0080f9dc                OSEventNameSet
                0x0080fb20                OSEventPendMulti
                0x008101d4                OSInit
                0x00810228                OSIntEnter
                0x008102a4                OSIntExit
                0x008103a4                OSSchedLock
                0x00810430                OSSchedUnlock
                0x00810514                OSStart
                0x00810584                OSStatInit
                0x00810630                OSTimeTick
                0x00810870                OSVersion
                0x00810890                OS_Dummy
                0x008108ac                OS_EventTaskRdy
                0x00810a40                OS_EventTaskWait
                0x00810b50                OS_EventTaskWaitMulti
                0x00810ca4                OS_EventTaskRemove
                0x00810d5c                OS_EventTaskRemoveMulti
                0x00810e60                OS_EventWaitListInit
                0x0081122c                OS_MemClr
                0x00811280                OS_MemCopy
                0x008112ec                OS_Sched
                0x00811430                OS_StrCopy
                0x008114b0                OS_StrLen
                0x00811508                OS_TaskIdle
                0x00811564                OS_TaskStat
                0x0081162c                OS_TaskStatStkChk
                0x008116f4                OS_TCBInit
 .text          0x008119d4      0x18c ../PepinoBoris_bsp/\libucosii_bsp.a(os_dbg.o)
                0x008119d4                OSDebugInit
 .text          0x00811b60     0x193c ../PepinoBoris_bsp/\libucosii_bsp.a(os_flag.o)
                0x00811b60                OSFlagAccept
                0x00811e94                OSFlagCreate
                0x00811fd0                OSFlagDel
                0x00812278                OSFlagNameGet
                0x008123bc                OSFlagNameSet
                0x00812510                OSFlagPend
                0x00812b54                OSFlagPendGetFlagsRdy
                0x00812bbc                OSFlagPost
                0x00812f64                OSFlagQuery
                0x008131fc                OS_FlagInit
                0x008133f0                OS_FlagUnlink
 .text          0x0081349c      0x808 ../PepinoBoris_bsp/\libucosii_bsp.a(os_mem.o)
                0x0081349c                OSMemCreate
                0x008136b8                OSMemGet
                0x008137bc                OSMemNameGet
                0x008138c8                OSMemNameSet
                0x008139e8                OSMemPut
                0x00813ad8                OSMemQuery
                0x00813bd4                OS_MemInit
 .text          0x00813ca4     0x1334 ../PepinoBoris_bsp/\libucosii_bsp.a(os_q.o)
                0x00813ca4                OSQAccept
                0x00813df8                OSQCreate
                0x0081400c                OSQDel
                0x0081430c                OSQFlush
                0x008143d4                OSQPend
                0x008146f4                OSQPendAbort
                0x00814870                OSQPost
                0x008149f0                OSQPostFront
                0x00814b78                OSQPostOpt
                0x00814dac                OSQQuery
                0x00814f2c                OS_QInit
 .text          0x00814fd8      0xbc8 ../PepinoBoris_bsp/\libucosii_bsp.a(os_sem.o)
                0x00814fd8                OSSemAccept
                0x00815098                OSSemCreate
                0x008151ac                OSSemDel
                0x0081544c                OSSemPend
                0x008156c8                OSSemPendAbort
                0x00815844                OSSemPost
                0x0081596c                OSSemQuery
                0x00815a9c                OSSemSet
 .text          0x00815ba0     0x1a40 ../PepinoBoris_bsp/\libucosii_bsp.a(os_task.o)
                0x00815ba0                OSTaskChangePrio
                0x00816114                OSTaskCreate
                0x008162e8                OSTaskCreateExt
                0x008164e8                OSTaskDel
                0x008168f4                OSTaskDelReq
                0x00816a64                OSTaskNameGet
                0x00816c1c                OSTaskNameSet
                0x00816de0                OSTaskResume
                0x00816ff8                OSTaskStkChk
                0x008171f4                OSTaskSuspend
                0x00817420                OSTaskQuery
                0x00817564                OS_TaskStkClr
 .text          0x008175e0      0x670 ../PepinoBoris_bsp/\libucosii_bsp.a(os_time.o)
                0x008175e0                OSTimeDly
                0x0081772c                OSTimeDlyHMSM
                0x00817978                OSTimeDlyResume
                0x00817b88                OSTimeGet
                0x00817bec                OSTimeSet
 .text          0x00817c50      0x124 ../PepinoBoris_bsp/\libucosii_bsp.a(alt_sys_init.o)
                0x00817c50                alt_irq_init
                0x00817c84                alt_sys_init
 .text          0x00817d74      0x8c8 ../PepinoBoris_bsp/\libucosii_bsp.a(altera_avalon_cfi_flash.o)
                0x00817d74                alt_flash_cfi_init
                0x00817e48                alt_flash_cfi_write
                0x00818108                alt_flash_cfi_get_info
                0x00818198                alt_flash_cfi_read
                0x00818200                alt_write_value_to_flash
                0x00818364                alt_flash_program_block
 .text          0x0081863c     0x14a8 ../PepinoBoris_bsp/\libucosii_bsp.a(altera_avalon_cfi_flash_table.o)
                0x0081863c                alt_read_query_entry_8bit
                0x0081867c                alt_read_query_entry_16bit
                0x008186c0                alt_read_query_entry_32bit
                0x00818708                alt_write_flash_command_8bit_device_8bit_mode
                0x00818744                alt_write_flash_command_16bit_device_8bit_mode
                0x008187c0                alt_write_flash_command_32bit_device_8bit_mode
                0x00818808                alt_write_flash_command_16bit_device_16bit_mode
                0x0081884c                alt_write_flash_command_32bit_device_16bit_mode
                0x00818894                alt_write_flash_command_32bit_device_32bit_mode
                0x008188dc                alt_write_native_8bit
                0x00818910                alt_write_native_16bit
                0x00818944                alt_write_native_32bit
                0x00818974                alt_set_flash_width_func
                0x00818b54                alt_set_flash_algorithm_func
                0x00818c7c                alt_read_cfi_table
                0x0081925c                alt_read_cfi_width
                0x00819a08                alt_check_primary_table
 .text          0x00819ae4      0x9e4 ../PepinoBoris_bsp/\libucosii_bsp.a(altera_avalon_epcs_flash_controller.o)
                0x00819ae4                alt_epcs_flash_init
                0x00819f00                alt_epcs_flash_write
                0x0081a180                alt_epcs_flash_get_info
                0x0081a210                alt_epcs_flash_erase_block
                0x0081a314                alt_epcs_flash_write_block
                0x0081a430                alt_epcs_flash_read
 .text          0x0081a4c8      0x148 ../PepinoBoris_bsp/\libucosii_bsp.a(altera_avalon_jtag_uart_fd.o)
                0x0081a4c8                altera_avalon_jtag_uart_read_fd
                0x0081a520                altera_avalon_jtag_uart_write_fd
                0x0081a578                altera_avalon_jtag_uart_close_fd
                0x0081a5c0                altera_avalon_jtag_uart_ioctl_fd
 .text          0x0081a610      0x584 ../PepinoBoris_bsp/\libucosii_bsp.a(altera_avalon_jtag_uart_init.o)
                0x0081a610                altera_avalon_jtag_uart_init
                0x0081ab20                altera_avalon_jtag_uart_close
 .text          0x0081ab94       0xf4 ../PepinoBoris_bsp/\libucosii_bsp.a(altera_avalon_jtag_uart_ioctl.o)
                0x0081ab94                altera_avalon_jtag_uart_ioctl
 .text          0x0081ac88      0x2c0 ../PepinoBoris_bsp/\libucosii_bsp.a(altera_avalon_jtag_uart_read.o)
                0x0081ac88                altera_avalon_jtag_uart_read
 .text          0x0081af48      0x2dc ../PepinoBoris_bsp/\libucosii_bsp.a(altera_avalon_jtag_uart_write.o)
                0x0081af48                altera_avalon_jtag_uart_write
 .text          0x0081b224      0xf3c ../PepinoBoris_bsp/\libucosii_bsp.a(altera_avalon_lcd_16207.o)
                0x0081b9f8                altera_avalon_lcd_16207_write
                0x0081bffc                altera_avalon_lcd_16207_init
 .text          0x0081c160       0x58 ../PepinoBoris_bsp/\libucosii_bsp.a(altera_avalon_lcd_16207_fd.o)
                0x0081c160                altera_avalon_lcd_16207_write_fd
 .text          0x0081c1b8      0x100 ../PepinoBoris_bsp/\libucosii_bsp.a(altera_avalon_timer_sc.o)
                0x0081c228                alt_avalon_timer_sc_init
 .text          0x0081c2b8       0xf8 ../PepinoBoris_bsp/\libucosii_bsp.a(altera_avalon_uart_fd.o)
                0x0081c2b8                altera_avalon_uart_read_fd
                0x0081c310                altera_avalon_uart_write_fd
                0x0081c368                altera_avalon_uart_close_fd
 .text          0x0081c3b0      0x57c ../PepinoBoris_bsp/\libucosii_bsp.a(altera_avalon_uart_init.o)
                0x0081c3b0                altera_avalon_uart_init
                0x0081c8cc                altera_avalon_uart_close
 .text          0x0081c92c      0x310 ../PepinoBoris_bsp/\libucosii_bsp.a(altera_avalon_uart_read.o)
                0x0081c92c                altera_avalon_uart_read
 .text          0x0081cc3c      0x2a8 ../PepinoBoris_bsp/\libucosii_bsp.a(altera_avalon_uart_write.o)
                0x0081cc3c                altera_avalon_uart_write
 .text          0x0081cee4     0x4200 ../PepinoBoris_bsp/\libucosii_bsp.a(altera_up_sd_card_avalon_interface.o)
                0x0081cee4                Write_Sector_Data
                0x0081cfa0                Save_Modified_Sector
                0x0081cff0                Read_Sector_Data
                0x0081d0e0                get_cluster_flag
                0x0081d190                mark_cluster
                0x0081d274                Check_for_Master_Boot_Record
                0x0081d410                Read_File_Record_At_Offset
                0x0081d650                Write_File_Record_At_Offset
                0x0081d8c0                Check_for_DOS_FAT
                0x0081de54                Look_for_FAT16
                0x0081df4c                filename_to_upper_case
                0x0081e01c                check_file_name_for_FAT16_compliance
                0x0081e2ac                get_dir_divider_location
                0x0081e36c                match_file_record_to_name_ext
                0x0081e658                get_home_directory_cluster_for_file
                0x0081eb6c                find_file_in_directory
                0x0081efd0                find_first_empty_cluster
                0x0081f170                find_first_empty_record_in_a_subdirectory
                0x0081f3b8                find_first_empty_record_in_root_directory
                0x0081f4e0                convert_filename_to_name_extension
                0x0081f698                create_file
                0x0081f96c                copy_file_record_name_to_string
                0x0081fac0                alt_up_sd_card_open_dev
                0x0081fb78                alt_up_sd_card_is_Present
                0x0081fbc8                alt_up_sd_card_is_FAT16
                0x0081fc54                alt_up_sd_card_find_first
                0x0081fd28                alt_up_sd_card_find_next
                0x008200d0                alt_up_sd_card_fopen
                0x00820478                alt_up_sd_card_set_attributes
                0x00820508                alt_up_sd_card_get_attributes
                0x00820594                alt_up_sd_card_read
                0x0082090c                alt_up_sd_card_write
                0x00820f18                alt_up_sd_card_fclose
 .text          0x008210e4      0x6d4 ../PepinoBoris_bsp/\libucosii_bsp.a(epcs_commands.o)
                0x008210e4                epcs_read_status_register
                0x00821144                epcs_sector_erase
                0x008212ac                epcs_read_buffer
                0x008213f8                epcs_write_enable
                0x00821448                epcs_write_status_register
                0x008214ac                epcs_write_buffer
                0x0082161c                epcs_read_electronic_signature
                0x00821688                epcs_read_device_id
                0x00821708                epcs_enter_4_bytes_mode
                0x00821760                epcs_exit_4_bytes_mode
 .text          0x008217b8       0x54 ../PepinoBoris_bsp/\libucosii_bsp.a(alt_iniche_close.o)
                0x008217b8                close
 .text          0x0082180c      0x144 ../PepinoBoris_bsp/\libucosii_bsp.a(alt_iniche_dev.o)
                0x0082180c                iniche_devices_init
 .text          0x00821950       0x78 ../PepinoBoris_bsp/\libucosii_bsp.a(alt_iniche_read.o)
                0x00821950                read
 .text          0x008219c8       0x70 ../PepinoBoris_bsp/\libucosii_bsp.a(alt_iniche_write.o)
                0x008219c8                write
 .text          0x00821a38      0xedc ../PepinoBoris_bsp/\libucosii_bsp.a(ipnet.o)
                0x00821a38                Netinit
                0x00822084                fixup_subnet_mask
                0x008221e4                netclose
                0x008222cc                pktdemux
                0x008226a0                c_older
                0x00822770                ip2mac
 .text          0x00822914      0x4b0 ../PepinoBoris_bsp/\libucosii_bsp.a(ipstart.o)
                0x00822914                ip_startup
                0x00822bf8                exit_hook
                0x00822c64                ip_exit
                0x00822d34                if_netnumber
 .text          0x00822dc4     0x10e8 ../PepinoBoris_bsp/\libucosii_bsp.a(igmp_cmn.o)
                0x00822dc4                igmp_init
                0x00822eb4                igmp_input
                0x00822fac                igmp_fasttimo
                0x008231e0                igmp_send
                0x00823488                igmp_joingroup
                0x008236f4                igmp_leavegroup
                0x00823770                igmp_validate
                0x00823acc                igmp_print_stats
 .text          0x00823eac      0xbc8 ../PepinoBoris_bsp/\libucosii_bsp.a(bsdsock.o)
                0x00823eac                bsd_accept
                0x00823fe4                bsd_getpeername
                0x00824110                bsd_getsockname
                0x0082423c                bsd_i_sockoptlen
                0x008243f4                bsd_getsockopt
                0x00824514                bsd_ioctl
                0x00824618                bsd_inet_ntoa
                0x00824648                bsd_recvfrom
                0x008247a8                bsd_select
                0x00824988                bsd_setsockopt
 .text          0x00824a74      0x118 ../PepinoBoris_bsp/\libucosii_bsp.a(cksum.o)
                0x00824a74                ccksum
                0x00824b24                cksum
 .text          0x00824b8c      0xa9c ../PepinoBoris_bsp/\libucosii_bsp.a(in_utils.o)
                0x00824b8c                do_trap
                0x00824bb8                nextarg
                0x00824c34                hexdump
                0x00824d7c                print_ipad
                0x00824df0                print_uptime
                0x00824f1c                panic
                0x00824f60                print_eth
                0x008250c4                uslash
                0x00825144                ns_printf
                0x008252c8                std_out
                0x0082530c                con_page
                0x008253fc                parse_args
 .text          0x00825628      0x1c8 ../PepinoBoris_bsp/\libucosii_bsp.a(netmain.o)
                0x00825628                netmain
                0x0082571c                tk_netmain
                0x008257a4                tk_nettick
 .text          0x008257f0      0x5e8 ../PepinoBoris_bsp/\libucosii_bsp.a(tk_crnos.o)
                0x008257f0                TK_OSTimeDly
                0x0082581c                TK_OSTaskResume
                0x0082588c                tcp_sleep
                0x00825a2c                tcp_wakeup
                0x00825b30                TK_OSTaskQuery
                0x00825ba4                tk_yield
                0x00825bd0                tk_stats
 .text          0x00825dd8     0x3294 ../PepinoBoris_bsp/\libucosii_bsp.a(dhcpclnt.o)
                0x00825dd8                dhc_get_srv_ipaddr
                0x00825e68                dhc_init
                0x00825f24                dhc_set_callback
                0x00825f68                dhc_upcall
                0x00826798                dhc_buildheader
                0x008269b4                dhc_discover
                0x00826ecc                dhc_rx_offer
                0x00826fd0                dhc_request
                0x00827b0c                dhc_setip
                0x00827d8c                dhc_resetip
                0x00827e70                dhc_decline
                0x00828054                dhc_extract_opts
                0x00828310                dhc_second
                0x00828c00                dhc_halt
                0x00828c88                dhc_reclaim
                0x00828e58                dhc_state_init
                0x00828eb8                dhc_alldone
                0x00828f48                dhc_ifacedone
                0x00828fbc                dhc_set_state
 .text          0x0082906c       0xcc ../PepinoBoris_bsp/\libucosii_bsp.a(dhcputil.o)
                0x0082906c                find_opt
 .text          0x00829138      0x79c ../PepinoBoris_bsp/\libucosii_bsp.a(pktalloc.o)
                0x00829138                pk_init
                0x008293c8                pk_alloc
                0x008294a4                pk_validate
                0x0082975c                pk_free
                0x00829808                pk_get_max_intrsafe_buf_len
                0x00829828                dump_buf_estats
 .text          0x008298d4      0x288 ../PepinoBoris_bsp/\libucosii_bsp.a(q.o)
                0x008298d4                getq
                0x0082999c                putq
                0x00829a4c                qdel
 .text          0x00829b5c      0x31c ../PepinoBoris_bsp/\libucosii_bsp.a(udp_open.o)
                0x00829b5c                udp_open
                0x00829d94                udp_close
 .text          0x00829e78      0x194 ../PepinoBoris_bsp/\libucosii_bsp.a(asm_cksum.o)
                0x00829e78                asm_cksum
 .text          0x0082a00c      0x2e4 ../PepinoBoris_bsp/\libucosii_bsp.a(brdutils.o)
                0x0082a00c                dtrap
                0x0082a03c                kbhit
                0x0082a0e8                getch
                0x0082a148                clock_init
                0x0082a184                clock_c
                0x0082a1a0                cticks_hook
                0x0082a250                irq_Mask
                0x0082a2ac                irq_Unmask
 .text          0x0082a2f0      0x488 ../PepinoBoris_bsp/\libucosii_bsp.a(osportco.o)
                0x0082a2f0                LOCK_NET_RESOURCE
                0x0082a3b0                UNLOCK_NET_RESOURCE
                0x0082a438                TK_NEWTASK
                0x0082a64c                wait_app_sem
                0x0082a700                post_app_sem
 .text          0x0082a778      0x568 ../PepinoBoris_bsp/\libucosii_bsp.a(targnios.o)
                0x0082a778                alt_iniche_init
                0x0082a994                pre_task_setup
                0x0082aa08                post_task_setup
                0x0082aa28                prep_armintcp
                0x0082aa60                calloc2
                0x0082aa94                npalloc
                0x0082ab88                npfree
                0x0082ac40                ncpalloc
                0x0082ac94                ncpfree
 .text          0x0082ace0     0x19b8 ../PepinoBoris_bsp/\libucosii_bsp.a(nptcp.o)
                0x0082ace0                pffindtype
                0x0082ad80                pffindproto
                0x0082ae50                m_getnbuf
                0x0082aff8                m_free
                0x0082b12c                m_freem
                0x0082b170                m_copy
                0x0082b494                m_adj
                0x0082b664                mbuf_len
                0x0082b6bc                dtom
                0x0082b764                remque
                0x0082b7d4                insque
                0x0082b850                nptcp_init
                0x0082b974                tcp_rcv
                0x0082bb60                ip_output
                0x0082c158                in_broadcast
                0x0082c198                np_stripoptions
                0x0082c280                so_icmpdu
                0x0082c5d8                tcp_tick
 .text          0x0082c698      0xa2c ../PepinoBoris_bsp/\libucosii_bsp.a(rawsock.o)
                0x0082c698                rawip_lookup
                0x0082c708                rawip_soinput
                0x0082c8dc                rawip_usrreq
 .text          0x0082d0c4     0x17fc ../PepinoBoris_bsp/\libucosii_bsp.a(sockcall.o)
                0x0082d0c4                DOMAIN_CHECK
                0x0082d110                t_socket
                0x0082d1a0                t_bind
                0x0082d31c                t_listen
                0x0082d400                t_accept
                0x0082d698                t_connect
                0x0082d940                t_getpeername
                0x0082d984                t_getsockname
                0x0082dbc4                t_setsockopt
                0x0082dda0                t_getsockopt
                0x0082df44                t_recv
                0x0082e034                t_recvfrom
                0x0082e184                t_sendto
                0x0082e3b0                t_send
                0x0082e5d8                t_shutdown
                0x0082e6bc                t_socketclose
                0x0082e824                t_errno
 .text          0x0082e8c0     0x23ec ../PepinoBoris_bsp/\libucosii_bsp.a(socket.o)
                0x0082e8c0                socreate
                0x0082ea8c                sobind
                0x0082eae8                solisten
                0x0082ebd8                sofree
                0x0082ed08                soclose
                0x0082f074                soabort
                0x0082f0c4                soaccept
                0x0082f160                soconnect
                0x0082f234                sodisconnect
                0x0082f2d4                sosend
                0x0082f8dc                soreceive
                0x008300c0                soshutdown
                0x00830168                sorflush
                0x00830268                sosetopt
                0x00830728                sogetopt
                0x00830c68                sohasoutofband
 .text          0x00830cac     0x12f8 ../PepinoBoris_bsp/\libucosii_bsp.a(socket2.o)
                0x00830cac                soisconnecting
                0x00830d18                soisconnected
                0x00830e14                soisdisconnecting
                0x00830ea0                soisdisconnected
                0x00830f5c                sonewconn
                0x00831178                soqinsque
                0x00831224                soqremque
                0x00831344                socantsendmore
                0x00831394                socantrcvmore
                0x008313e4                sbselqueue
                0x0083141c                sbwait
                0x00831484                sbwakeup
                0x00831520                soreserve
                0x008315a0                sbreserve
                0x00831600                sbrelease
                0x00831648                sbappend
                0x008316f0                sbappendrecord
                0x008317d0                sbappendaddr
                0x008319b8                sbcompress
                0x00831ba0                sbflush
                0x00831c30                sbdrop
                0x00831e00                sbdropend
                0x00831f10                sbdroprecord
 .text          0x00831fa4      0x914 ../PepinoBoris_bsp/\libucosii_bsp.a(soselect.o)
                0x00831fa4                t_select
                0x008321c4                sock_selscan
                0x0083231c                sock_select
                0x00832530                in_pcbnotify
                0x008325fc                tcp_notify
                0x00832664                ifd_clr
                0x00832754                ifd_set
                0x008327c8                ifd_isset
                0x00832848                ifd_get
 .text          0x008328b8     0x3020 ../PepinoBoris_bsp/\libucosii_bsp.a(tcp_in.o)
                0x008328b8                tcp_reass
                0x00832cc0                tcp_input
                0x00835214                tcp_dooptions
                0x008353a4                tcp_pulloutofband
                0x008354d0                tcp_xmit_timer
                0x00835774                ip4_tcpmss
                0x008357bc                tcp_mss
 .text          0x008358d8     0x1360 ../PepinoBoris_bsp/\libucosii_bsp.a(tcp_out.o)
                0x008358d8                tcp_output
                0x00836a54                tcp_setpersist
 .text          0x00836c38      0x9e8 ../PepinoBoris_bsp/\libucosii_bsp.a(tcp_subr.o)
                0x00836c38                tcp_init
                0x00836c90                tcp_template
                0x00836da8                tcp_respond
                0x00837230                tcp_newtcpcb
                0x00837348                tcp_drop
                0x008373f4                tcp_close
                0x008374dc                tcp_quench
                0x00837528                tcp_putseq
                0x008375a8                tcp_getseq
 .text          0x00837620      0x798 ../PepinoBoris_bsp/\libucosii_bsp.a(tcp_timr.o)
                0x00837620                tcp_slowtimo
                0x008378c0                tcp_canceltimers
                0x0083791c                tcp_timers
 .text          0x00837db8      0x9ec ../PepinoBoris_bsp/\libucosii_bsp.a(tcp_usr.o)
                0x00837db8                tcp_usrreq
                0x008384bc                tcp_attach
                0x008385f0                tcp_disconnect
                0x008386c4                tcp_usrclosed
 .text          0x008387a4       0x4c ../PepinoBoris_bsp/\libucosii_bsp.a(tcpport.o)
                0x008387a4                tcpinit
 .text          0x008387f0      0xd20 ../PepinoBoris_bsp/\libucosii_bsp.a(udpsock.o)
                0x008387f0                udp_lookup
                0x00838860                udp_soinput
                0x00838a18                udp_usrreq
                0x00838c9c                udp4_sockbind
                0x00838fd8                udp4_socksend
                0x008393b4                udp4_sockaddr
 .text          0x00839510      0x154 ../PepinoBoris_bsp/\libucosii_bsp.a(alt_alarm_start.o)
                0x00839510                alt_alarm_start
 .text          0x00839664      0x14c ../PepinoBoris_bsp/\libucosii_bsp.a(alt_busy_sleep.o)
                0x00839664                alt_busy_sleep
 .text          0x008397b0      0x15c ../PepinoBoris_bsp/\libucosii_bsp.a(alt_close.o)
                0x008397b0                alt_close
 .text          0x0083990c       0x78 ../PepinoBoris_bsp/\libucosii_bsp.a(alt_dcache_flush.o)
                0x0083990c                alt_dcache_flush
 .text          0x00839984       0x2c ../PepinoBoris_bsp/\libucosii_bsp.a(alt_dev.o)
 .text          0x008399b0      0x114 ../PepinoBoris_bsp/\libucosii_bsp.a(alt_dev_llist_insert.o)
                0x008399b0                alt_dev_llist_insert
 .text          0x00839ac4       0x64 ../PepinoBoris_bsp/\libucosii_bsp.a(alt_do_ctors.o)
                0x00839ac4                _do_ctors
 .text          0x00839b28       0x64 ../PepinoBoris_bsp/\libucosii_bsp.a(alt_do_dtors.o)
                0x00839b28                _do_dtors
 .text          0x00839b8c        0x0 ../PepinoBoris_bsp/\libucosii_bsp.a(alt_errno.o)
 .text          0x00839b8c       0x94 ../PepinoBoris_bsp/\libucosii_bsp.a(alt_find_dev.o)
                0x00839b8c                alt_find_dev
 .text          0x00839c20      0x1d4 ../PepinoBoris_bsp/\libucosii_bsp.a(alt_iic.o)
                0x00839c20                alt_ic_isr_register
                0x00839c70                alt_ic_irq_enable
                0x00839d0c                alt_ic_irq_disable
                0x00839dac                alt_ic_irq_enabled
 .text          0x00839df4       0xf8 ../PepinoBoris_bsp/\libucosii_bsp.a(alt_iic_isr_register.o)
                0x00839df4                alt_iic_isr_register
 .text          0x00839eec      0x13c ../PepinoBoris_bsp/\libucosii_bsp.a(alt_io_redirect.o)
                0x00839fb0                alt_io_redirect
 .text          0x0083a028        0x0 ../PepinoBoris_bsp/\libucosii_bsp.a(alt_irq_entry.o)
 .text          0x0083a028        0x0 ../PepinoBoris_bsp/\libucosii_bsp.a(alt_irq_handler.o)
 .text          0x0083a028      0x2c4 ../PepinoBoris_bsp/\libucosii_bsp.a(alt_open.o)
                0x0083a104                open
 .text          0x0083a2ec      0x180 ../PepinoBoris_bsp/\libucosii_bsp.a(alt_read.o)
                0x0083a2ec                alt_read
 .text          0x0083a46c       0x60 ../PepinoBoris_bsp/\libucosii_bsp.a(alt_release_fd.o)
                0x0083a46c                alt_release_fd
 .text          0x0083a4cc       0x38 ../PepinoBoris_bsp/\libucosii_bsp.a(alt_remap_cached.o)
                0x0083a4cc                alt_remap_cached
 .text          0x0083a504       0x40 ../PepinoBoris_bsp/\libucosii_bsp.a(alt_remap_uncached.o)
                0x0083a504                alt_remap_uncached
 .text          0x0083a544      0x1a8 ../PepinoBoris_bsp/\libucosii_bsp.a(alt_tick.o)
                0x0083a544                alt_alarm_stop
                0x0083a5dc                alt_tick
 .text          0x0083a6ec      0x180 ../PepinoBoris_bsp/\libucosii_bsp.a(alt_write.o)
                0x0083a6ec                alt_write
 .text          0x0083a86c       0x20 ../PepinoBoris_bsp/\libucosii_bsp.a(altera_nios2_qsys_irq.o)
                0x0083a86c                altera_nios2_qsys_irq_init
 .text          0x0083a88c       0xd0 ../PepinoBoris_bsp/\libucosii_bsp.a(os_cpu_a.o)
                0x0083a88c                OSCtxSw
                0x0083a88c                OSIntCtxSw
                0x0083a918                OSStartHighRdy
                0x0083a938                OSStartTsk
 .text          0x0083a95c      0x424 ../PepinoBoris_bsp/\libucosii_bsp.a(os_cpu_c.o)
                0x0083a95c                OSTaskStkInit
                0x0083ac6c                OSTaskCreateHook
                0x0083ac8c                OSTaskDelHook
                0x0083acac                OSTaskSwHook
                0x0083acc8                OSTaskStatHook
                0x0083ace4                OSTimeTickHook
                0x0083ad0c                OSInitHookBegin
                0x0083ad28                OSInitHookEnd
                0x0083ad44                OSTaskIdleHook
                0x0083ad60                OSTCBInitHook
 .text          0x0083ad80      0x460 ../PepinoBoris_bsp/\libucosii_bsp.a(altera_avalon_cfi_flash_amd.o)
                0x0083ad80                alt_program_amd
                0x0083ade8                alt_erase_block_amd
 .text          0x0083b1e0      0x460 ../PepinoBoris_bsp/\libucosii_bsp.a(altera_avalon_cfi_flash_intel.o)
                0x0083b1e0                alt_program_intel
                0x0083b264                alt_erase_block_intel
 .text          0x0083b640      0x238 ../PepinoBoris_bsp/\libucosii_bsp.a(altera_avalon_spi.o)
                0x0083b640                alt_avalon_spi_command
 .text          0x0083b878      0x444 ../PepinoBoris_bsp/\libucosii_bsp.a(allports.o)
                0x0083b878                netmain_init
                0x0083b974                icmp_port_du
                0x0083b9fc                station_state
                0x0083bb60                sysuptime
                0x0083bbf4                packet_check
                0x0083bc40                mcastlist
                0x0083bc64                prep_modules
 .text          0x0083bcbc      0x580 ../PepinoBoris_bsp/\libucosii_bsp.a(timeouts.o)
                0x0083bcbc                inet_timer
                0x0083bfbc                in_timerset
                0x0083c194                in_timerkill
 .text          0x0083c23c       0xa4 ../PepinoBoris_bsp/\libucosii_bsp.a(tk_misc.o)
                0x0083c23c                create_apptasks
                0x0083c260                task_stats
 .text          0x0083c2e0       0xb0 ../PepinoBoris_bsp/\libucosii_bsp.a(alt_iniche_fcntl.o)
                0x0083c2e0                fcntl
 .text          0x0083c390     0x15b0 ../PepinoBoris_bsp/\libucosii_bsp.a(et_arp.o)
                0x0083c390                etainit
                0x0083c3e4                et_send
                0x0083c560                arp_free_pending
                0x0083c5e8                arp_send_pending
                0x0083c65c                send_arp
                0x0083caf4                find_oldest_arp
                0x0083ccf0                make_arp_entry
                0x0083ce04                arpReply
                0x0083d098                arprcv
                0x0083d2f8                send_via_arp
                0x0083d4c8                cb_arpent_tmo
                0x0083d674                grat_arp
 .text          0x0083d940      0x298 ../PepinoBoris_bsp/\libucosii_bsp.a(iface.o)
                0x0083d940                if_getbynum
                0x0083d9c4                isbcast
                0x0083daa4                reg_type
                0x0083db40                if_killsocks
 .text          0x0083dbd8     0x22a4 ../PepinoBoris_bsp/\libucosii_bsp.a(ip.o)
                0x0083dbd8                ip_init
                0x0083dcd4                ip_bldhead
                0x0083de78                ip_write_internal
                0x0083e5f8                ip_write
                0x0083e840                ip_write2
                0x0083ebf0                ip_raw_write
                0x0083ecc8                ip_fragment_lc
                0x0083f150                ip_fragment
                0x0083f774                ip_mymach
                0x0083f820                ip_dump
                0x0083fad8                iproute
                0x0083fd44                ip_copypkt
 .text          0x0083fe7c     0x1e08 ../PepinoBoris_bsp/\libucosii_bsp.a(ip_reasm.o)
                0x0083fe7c                ip_reasm_match_frag_with_ire
                0x0083ff4c                ip_reasm_determine_type_of_frag
                0x00840038                ip_reasm_check_mem_useage
                0x008400d0                ip_reasm_incr_mem_useage
                0x00840178                ip_reasm_decr_mem_useage
                0x00840218                ip_reasm_process_first_fragment
                0x008404f8                ip_reassm
                0x00840598                ip_reasm_compute_overlap
                0x00840b28                ip_reasm_process_subsequent_fragments
                0x008410bc                ip_reasm_find_ire
                0x00841120                ip_reasm_copy_queued_fragments_into_reassy_buffer
                0x0084147c                ip_reasm_process_timer_tick
                0x0084159c                ip_reasm_delete_ire
                0x00841764                ip_reasm_mark_compact_rfq
                0x008418ac                ipr_stats
                0x00841c30                ip_reasm_send_icmp_timex
 .text          0x00841c84      0xe3c ../PepinoBoris_bsp/\libucosii_bsp.a(ipdemux.o)
                0x00841c84                ip_rcv
                0x00842084                ip_rcv_phase2
                0x00842690                ip_demux
 .text          0x00842ac0      0x2f0 ../PepinoBoris_bsp/\libucosii_bsp.a(ipmc.o)
                0x00842ac0                in_addmulti
                0x00842c28                in_delmulti
                0x00842d40                lookup_mcast
 .text          0x00842db0       0xe4 ../PepinoBoris_bsp/\libucosii_bsp.a(ipport.o)
                0x00842db0                prep_ifaces
                0x00842e44                netexit
                0x00842e6c                evtmap_setup
 .text          0x00842e94      0x550 ../PepinoBoris_bsp/\libucosii_bsp.a(ipraw.o)
                0x00842e94                ip_raw_open
                0x00842f84                ip_raw_close
                0x00843044                ip_raw_input
                0x0084327c                ip_raw_alloc
                0x00843348                ip_raw_free
                0x00843388                ip_raw_maxalloc
 .text          0x008433e4      0x6f0 ../PepinoBoris_bsp/\libucosii_bsp.a(iproute.o)
                0x008433e4                rt_lookup
                0x00843568                add_route
                0x00843990                del_route
 .text          0x00843ad4      0xe3c ../PepinoBoris_bsp/\libucosii_bsp.a(udp.o)
                0x00843ad4                udpdemux
                0x0084432c                udp_send
                0x008445e4                udpswap
                0x00844714                udp_socket
                0x008447e4                udp_alloc
                0x008448a4                udp_maxalloc
                0x008448d0                udp_free
 .text          0x00844910      0x2e8 ../PepinoBoris_bsp/\libucosii_bsp.a(igmp.o)
                0x00844910                igmpv1_input
 .text          0x00844bf8      0x7c0 ../PepinoBoris_bsp/\libucosii_bsp.a(igmp2.o)
                0x00844bf8                igmpv2_input
                0x00844d58                igmpv2_process_report
                0x00844ea4                igmpv2_process_query
                0x008450f0                igmpv2_chk_set_timer
                0x00845248                igmpv2_chk4_rtr_alert_opt
 .text          0x008453b8      0x8fc ../PepinoBoris_bsp/\libucosii_bsp.a(ipopt.o)
                0x008453b8                IPADDR_TO_NETP
                0x00845500                ip_setmoptions
                0x00845af0                ip_getmoptions
                0x00845c30                ip_freemoptions
 .text          0x00845cb4      0x6e8 ../PepinoBoris_bsp/\libucosii_bsp.a(u_mctest.o)
                0x00845cb4                u_mctest_init
                0x00845ce4                u_mctest_run
 .text          0x0084639c      0x3d0 ../PepinoBoris_bsp/\libucosii_bsp.a(dhcsetup.o)
                0x0084639c                dhc_setup
                0x00846668                dhc_main_ipset
 .text          0x0084676c      0x40c ../PepinoBoris_bsp/\libucosii_bsp.a(memdev.o)
                0x0084676c                init_memdev
                0x008467e4                md_fopen
                0x0084680c                md_fclose
                0x0084682c                md_fread
                0x008469ac                md_fwrite
                0x00846a2c                md_fseek
                0x00846a58                md_ftell
                0x00846a7c                md_fgetc
                0x00846b54                md_unlink
 .text          0x00846b78      0x810 ../PepinoBoris_bsp/\libucosii_bsp.a(parseip.o)
                0x00846b78                parse_ipad
                0x00846e94                inet_addr
                0x00846efc                hextoa
                0x00846f6c                inet_pton
                0x00847018                inet_ntop
                0x008470a4                print46_addr
                0x00847104                inet46_addr
                0x008471c8                inet_setport
                0x0084723c                convert_ip
 .text          0x00847388      0x1cc ../PepinoBoris_bsp/\libucosii_bsp.a(tcpcksum.o)
                0x00847388                tcp_cksum
 .text          0x00847554      0x900 ../PepinoBoris_bsp/\libucosii_bsp.a(in_pcb.o)
                0x00847554                in_pcballoc
                0x008475e8                in_pcbdetach
                0x0084763c                in_pcbbind
                0x00847890                in_pcbconnect
                0x00847aa0                in_pcbdisconnect
                0x00847b00                in_setsockaddr
                0x00847b7c                in_setpeeraddr
                0x00847bf8                in_pcblookup
 .text          0x00847e54     0x1a74 ../PepinoBoris_bsp/\libucosii_bsp.a(vfsfiles.o)
                0x00847e54                set_vfopen_error
                0x00847e7c                get_vfopen_error
                0x00847e9c                vf_alloc_and_link_vop
                0x00847f18                vf_alloc_buffer
                0x00847ff0                vf_free_buffer
                0x00848040                vfopen_locked
                0x008483a8                vfopen
                0x008483f8                vfclose_locked
                0x008485a0                vfclose
                0x008485e0                vfflush
                0x00848628                vfgets
                0x0084870c                vfeof
                0x00848764                vunlink_flag_open_files
                0x008487c0                vunlink
                0x008489e0                vfread
                0x00848b8c                vfwrite_locked
                0x00848f74                vfwrite
                0x00848fd4                vfseek
                0x00849150                vftell
                0x00849284                vgetc_locked
                0x008493a4                vgetc
                0x008493ec                vfslookup_locked
                0x00849524                vfslookup
                0x0084956c                strippath
                0x00849754                isvfile_locked
                0x008497b8                isvfile
                0x00849800                vferror
                0x0084986c                vclearerr
 .text          0x008498c8       0x24 ../PepinoBoris_bsp/\libucosii_bsp.a(vfsport.o)
                0x008498c8                prep_vfs
 .text          0x008498ec        0x0 ../PepinoBoris_bsp/\libucosii_bsp.a(alt_exception_entry.o)
 .text          0x008498ec      0x1b4 ../PepinoBoris_bsp/\libucosii_bsp.a(alt_fcntl.o)
                0x008498ec                alt_fcntl
 .text          0x00849aa0      0x120 ../PepinoBoris_bsp/\libucosii_bsp.a(alt_find_file.o)
                0x00849aa0                alt_find_file
 .text          0x00849bc0       0xf4 ../PepinoBoris_bsp/\libucosii_bsp.a(alt_get_fd.o)
                0x00849bc0                alt_get_fd
 .text          0x00849cb4     0x130c ../PepinoBoris_bsp/\libucosii_bsp.a(icmp.o)
                0x00849cb4                icmprcv
                0x0084a8e8                icmp_destun
                0x0084ac38                icmp_timex
                0x0084af6c                icmp_du
 .text          0x0084afc0       0x14 d:/altera/13.0/nios2eds/bin/gnu/h-i686-mingw32/bin/../lib/gcc/nios2-elf/4.1.2/../../../../nios2-elf/lib\libc.a(lib_a-atexit.o)
                0x0084afc0                atexit
 .text          0x0084afd4       0x18 d:/altera/13.0/nios2eds/bin/gnu/h-i686-mingw32/bin/../lib/gcc/nios2-elf/4.1.2/../../../../nios2-elf/lib\libc.a(lib_a-atoi.o)
                0x0084afd4                _atoi_r
                0x0084afe0                atoi
 .text          0x0084afec       0x1c d:/altera/13.0/nios2eds/bin/gnu/h-i686-mingw32/bin/../lib/gcc/nios2-elf/4.1.2/../../../../nios2-elf/lib\libc.a(lib_a-calloc.o)
                0x0084afec                calloc
 .text          0x0084b008       0x38 d:/altera/13.0/nios2eds/bin/gnu/h-i686-mingw32/bin/../lib/gcc/nios2-elf/4.1.2/../../../../nios2-elf/lib\libc.a(lib_a-exit.o)
                0x0084b008                exit
 .text          0x0084b040       0x28 d:/altera/13.0/nios2eds/bin/gnu/h-i686-mingw32/bin/../lib/gcc/nios2-elf/4.1.2/../../../../nios2-elf/lib\libc.a(lib_a-malloc.o)
                0x0084b040                free
                0x0084b054                malloc
 .text          0x0084b068       0x74 d:/altera/13.0/nios2eds/bin/gnu/h-i686-mingw32/bin/../lib/gcc/nios2-elf/4.1.2/../../../../nios2-elf/lib\libc.a(lib_a-memcmp.o)
                0x0084b068                memcmp
 .text          0x0084b0dc       0xd4 d:/altera/13.0/nios2eds/bin/gnu/h-i686-mingw32/bin/../lib/gcc/nios2-elf/4.1.2/../../../../nios2-elf/lib\libc.a(lib_a-sprintf.o)
                0x0084b0dc                sprintf
                0x0084b150                _sprintf_r
 .text          0x0084b1b0       0xe0 d:/altera/13.0/nios2eds/bin/gnu/h-i686-mingw32/bin/../lib/gcc/nios2-elf/4.1.2/../../../../nios2-elf/lib\libc.a(lib_a-strchr.o)
                0x0084b1b0                strchr
 .text          0x0084b290       0x8c d:/altera/13.0/nios2eds/bin/gnu/h-i686-mingw32/bin/../lib/gcc/nios2-elf/4.1.2/../../../../nios2-elf/lib\libc.a(lib_a-strcpy.o)
                0x0084b290                strcpy
 .text          0x0084b31c       0xf0 d:/altera/13.0/nios2eds/bin/gnu/h-i686-mingw32/bin/../lib/gcc/nios2-elf/4.1.2/../../../../nios2-elf/lib\libc.a(lib_a-strncmp.o)
                0x0084b31c                strncmp
 .text          0x0084b40c       0xbc d:/altera/13.0/nios2eds/bin/gnu/h-i686-mingw32/bin/../lib/gcc/nios2-elf/4.1.2/../../../../nios2-elf/lib\libc.a(lib_a-strncpy.o)
                0x0084b40c                strncpy
 .text          0x0084b4c8      0x268 d:/altera/13.0/nios2eds/bin/gnu/h-i686-mingw32/bin/../lib/gcc/nios2-elf/4.1.2/../../../../nios2-elf/lib\libc.a(lib_a-strtol.o)
                0x0084b4c8                _strtol_r
                0x0084b70c                strtol
 .text          0x0084b730       0x34 d:/altera/13.0/nios2eds/bin/gnu/h-i686-mingw32/bin/../lib/gcc/nios2-elf/4.1.2/../../../../nios2-elf/lib\libc.a(lib_a-vprintf.o)
                0x0084b730                _vprintf_r
                0x0084b744                vprintf
 .text          0x0084b764       0x74 d:/altera/13.0/nios2eds/bin/gnu/h-i686-mingw32/bin/../lib/gcc/nios2-elf/4.1.2/../../../../nios2-elf/lib\libc.a(lib_a-vsprintf.o)
                0x0084b764                _vsprintf_r
                0x0084b7b4                vsprintf
 .text          0x0084b7d8      0x134 d:/altera/13.0/nios2eds/bin/gnu/h-i686-mingw32/bin/../lib/gcc/nios2-elf/4.1.2/../../../../nios2-elf/lib\libc.a(lib_a-__atexit.o)
                0x0084b7d8                __register_exitproc
 .text          0x0084b90c      0x1b4 d:/altera/13.0/nios2eds/bin/gnu/h-i686-mingw32/bin/../lib/gcc/nios2-elf/4.1.2/../../../../nios2-elf/lib\libc.a(lib_a-__call_atexit.o)
                0x0084b910                __call_exitprocs
 .text          0x0084bac0       0x6c ../PepinoBoris_bsp/\libucosii_bsp.a(alt_exit.o)
                0x0084bb00                _exit
 *(.gnu.warning.*)
 *(.fini)
                0x0084bb2c                PROVIDE (__etext, ABSOLUTE (.))
                0x0084bb2c                PROVIDE (_etext, ABSOLUTE (.))
                0x0084bb2c                PROVIDE (etext, ABSOLUTE (.))
 *(.eh_frame_hdr)
                0x0084bb2c                . = ALIGN (0x4)
                0x0084bb2c                PROVIDE (__preinit_array_start, ABSOLUTE (.))
 *(.preinit_array)
                0x0084bb2c                PROVIDE (__preinit_array_end, ABSOLUTE (.))
                0x0084bb2c                PROVIDE (__init_array_start, ABSOLUTE (.))
 *(.init_array)
                0x0084bb2c                PROVIDE (__init_array_end, ABSOLUTE (.))
                0x0084bb2c                PROVIDE (__fini_array_start, ABSOLUTE (.))
 *(.fini_array)
                0x0084bb2c                PROVIDE (__fini_array_end, ABSOLUTE (.))
 *(.eh_frame)
 *(.gcc_except_table)
 *(.dynamic)
                0x0084bb2c                PROVIDE (__CTOR_LIST__, ABSOLUTE (.))
 *(.ctors)
 *(SORT(.ctors.*))
 .ctors.65535   0x0084bb2c        0x4 d:/altera/13.0/nios2eds/bin/gnu/h-i686-mingw32/bin/../lib/gcc/nios2-elf/4.1.2/../../../../nios2-elf/lib\libc.a(lib_a-__call_atexit.o)
                0x0084bb30                PROVIDE (__CTOR_END__, ABSOLUTE (.))
                0x0084bb30                PROVIDE (__DTOR_LIST__, ABSOLUTE (.))
 *(.dtors)
 *(SORT(.dtors.*))
                0x0084bb30                PROVIDE (__DTOR_END__, ABSOLUTE (.))
 *(.jcr)
                0x0084bb30                . = ALIGN (0x4)

.rodata         0x0084bb30     0x3ff8
                0x0084bb30                PROVIDE (__ram_rodata_start, ABSOLUTE (.))
                0x0084bb30                . = ALIGN (0x4)
 *(.rodata .rodata.* .gnu.linkonce.r.*)
 .rodata        0x0084bb30      0xba4 obj/default/alt_error_handler.o
 .rodata        0x0084c6d4       0x64 obj/default/dm9000a.o
 .rodata        0x0084c738       0x9c obj/default/iniche_init.o
 .rodata        0x0084c7d4      0x234 obj/default/network_utilities.o
 .rodata        0x0084ca08       0x10 obj/default/sdcard/my_sdcard.o
 .rodata        0x0084ca18      0x1dc obj/default/simple_socket_server.o
 .rodata        0x0084cbf4       0x10 d:/altera/13.0/nios2eds/bin/gnu/h-i686-mingw32/bin/../lib/gcc/nios2-elf/4.1.2\libgcc.a(_thenan_sf.o)
                0x0084cbf4                __thenan_sf
 .rodata        0x0084cc04       0x14 d:/altera/13.0/nios2eds/bin/gnu/h-i686-mingw32/bin/../lib/gcc/nios2-elf/4.1.2\libgcc.a(_thenan_df.o)
                0x0084cc04                __thenan_df
 .rodata        0x0084cc18      0x100 d:/altera/13.0/nios2eds/bin/gnu/h-i686-mingw32/bin/../lib/gcc/nios2-elf/4.1.2\libgcc.a(_clz.o)
                0x0084cc18                __clz_tab
 .rodata        0x0084cd18      0x284 d:/altera/13.0/nios2eds/bin/gnu/h-i686-mingw32/bin/../lib/gcc/nios2-elf/4.1.2/../../../../nios2-elf/lib\libc.a(lib_a-ctype_.o)
                0x0084cd18                _ctype_
 .rodata.str1.4
                0x0084cf9c        0x2 d:/altera/13.0/nios2eds/bin/gnu/h-i686-mingw32/bin/../lib/gcc/nios2-elf/4.1.2/../../../../nios2-elf/lib\libc.a(lib_a-impure.o)
                                  0x4 (size before relaxing)
 *fill*         0x0084cf9e        0x2 00
 .rodata.str1.4
                0x0084cfa0        0x3 d:/altera/13.0/nios2eds/bin/gnu/h-i686-mingw32/bin/../lib/gcc/nios2-elf/4.1.2/../../../../nios2-elf/lib\libc.a(lib_a-perror.o)
                                  0x4 (size before relaxing)
 *fill*         0x0084cfa3        0x1 00
 .rodata.str1.4
                0x0084cfa4        0x2 d:/altera/13.0/nios2eds/bin/gnu/h-i686-mingw32/bin/../lib/gcc/nios2-elf/4.1.2/../../../../nios2-elf/lib\libc.a(lib_a-puts.o)
                                  0x4 (size before relaxing)
 *fill*         0x0084cfa6        0x2 00
 .rodata.str1.4
                0x0084cfa8      0x7a2 d:/altera/13.0/nios2eds/bin/gnu/h-i686-mingw32/bin/../lib/gcc/nios2-elf/4.1.2/../../../../nios2-elf/lib\libc.a(lib_a-strerror.o)
                                0x7a8 (size before relaxing)
 *fill*         0x0084d74a        0x2 00
 .rodata.str1.4
                0x0084d74c       0x5e d:/altera/13.0/nios2eds/bin/gnu/h-i686-mingw32/bin/../lib/gcc/nios2-elf/4.1.2/../../../../nios2-elf/lib\libc.a(lib_a-vfprintf.o)
                                 0x60 (size before relaxing)
 *fill*         0x0084d7aa        0x2 00
 .rodata        0x0084d7ac       0x20 d:/altera/13.0/nios2eds/bin/gnu/h-i686-mingw32/bin/../lib/gcc/nios2-elf/4.1.2/../../../../nios2-elf/lib\libc.a(lib_a-vfprintf.o)
 .rodata.str1.4
                0x0084d7cc       0x10 d:/altera/13.0/nios2eds/bin/gnu/h-i686-mingw32/bin/../lib/gcc/nios2-elf/4.1.2/../../../../nios2-elf/lib\libc.a(lib_a-dtoa.o)
                                 0x14 (size before relaxing)
 .rodata.str1.4
                0x0084d7dc       0x10 d:/altera/13.0/nios2eds/bin/gnu/h-i686-mingw32/bin/../lib/gcc/nios2-elf/4.1.2/../../../../nios2-elf/lib\libc.a(lib_a-locale.o)
                                 0x18 (size before relaxing)
 .rodata        0x0084d7ec       0x30 d:/altera/13.0/nios2eds/bin/gnu/h-i686-mingw32/bin/../lib/gcc/nios2-elf/4.1.2/../../../../nios2-elf/lib\libc.a(lib_a-locale.o)
 .rodata        0x0084d81c      0x124 d:/altera/13.0/nios2eds/bin/gnu/h-i686-mingw32/bin/../lib/gcc/nios2-elf/4.1.2/../../../../nios2-elf/lib\libc.a(lib_a-mprec.o)
                0x0084d81c                __mprec_tens
                0x0084d8e4                __mprec_bigtens
                0x0084d90c                __mprec_tinytens
 .rodata        0x0084d940       0x14 ../PepinoBoris_bsp/\libucosii_bsp.a(alt_main.o)
 .rodata        0x0084d954      0x120 ../PepinoBoris_bsp/\libucosii_bsp.a(os_core.o)
                0x0084d954                OSUnMapTbl
 .rodata        0x0084da74       0x8c ../PepinoBoris_bsp/\libucosii_bsp.a(alt_sys_init.o)
 .rodata        0x0084db00       0xd8 ../PepinoBoris_bsp/\libucosii_bsp.a(ipnet.o)
 .rodata        0x0084dbd8       0xec ../PepinoBoris_bsp/\libucosii_bsp.a(ipstart.o)
 .rodata        0x0084dcc4      0x54c ../PepinoBoris_bsp/\libucosii_bsp.a(igmp_cmn.o)
 .rodata        0x0084e210       0xb8 ../PepinoBoris_bsp/\libucosii_bsp.a(in_utils.o)
 .rodata        0x0084e2c8       0x34 ../PepinoBoris_bsp/\libucosii_bsp.a(netmain.o)
 .rodata        0x0084e2fc      0x1a8 ../PepinoBoris_bsp/\libucosii_bsp.a(tk_crnos.o)
 .rodata        0x0084e4a4        0x8 ../PepinoBoris_bsp/\libucosii_bsp.a(dhcpclnt.o)
 .rodata        0x0084e4ac      0x118 ../PepinoBoris_bsp/\libucosii_bsp.a(pktalloc.o)
 .rodata        0x0084e5c4       0x84 ../PepinoBoris_bsp/\libucosii_bsp.a(udp_open.o)
 .rodata        0x0084e648       0x2c ../PepinoBoris_bsp/\libucosii_bsp.a(brdutils.o)
 .rodata        0x0084e674      0x26c ../PepinoBoris_bsp/\libucosii_bsp.a(osportco.o)
 .rodata        0x0084e8e0       0xa0 ../PepinoBoris_bsp/\libucosii_bsp.a(targnios.o)
 .rodata        0x0084e980       0x90 ../PepinoBoris_bsp/\libucosii_bsp.a(nptcp.o)
 .rodata        0x0084ea10        0x8 ../PepinoBoris_bsp/\libucosii_bsp.a(sockcall.o)
 .rodata        0x0084ea18       0x50 ../PepinoBoris_bsp/\libucosii_bsp.a(socket.o)
 .rodata        0x0084ea68       0x40 ../PepinoBoris_bsp/\libucosii_bsp.a(socket2.o)
 .rodata        0x0084eaa8       0x20 ../PepinoBoris_bsp/\libucosii_bsp.a(tcp_in.o)
 .rodata        0x0084eac8       0x40 ../PepinoBoris_bsp/\libucosii_bsp.a(tcp_out.o)
 .rodata        0x0084eb08       0x24 ../PepinoBoris_bsp/\libucosii_bsp.a(tcp_subr.o)
 .rodata        0x0084eb2c       0x2c ../PepinoBoris_bsp/\libucosii_bsp.a(tcp_usr.o)
 .rodata        0x0084eb58        0xc ../PepinoBoris_bsp/\libucosii_bsp.a(alt_dev.o)
 .rodata        0x0084eb64        0x4 ../PepinoBoris_bsp/\libucosii_bsp.a(os_cpu_c.o)
 .rodata        0x0084eb68      0x1d4 ../PepinoBoris_bsp/\libucosii_bsp.a(allports.o)
 .rodata        0x0084ed3c       0x34 ../PepinoBoris_bsp/\libucosii_bsp.a(tk_misc.o)
 .rodata        0x0084ed70       0x44 ../PepinoBoris_bsp/\libucosii_bsp.a(et_arp.o)
 .rodata        0x0084edb4      0x1dc ../PepinoBoris_bsp/\libucosii_bsp.a(ip.o)
 .rodata        0x0084ef90      0x158 ../PepinoBoris_bsp/\libucosii_bsp.a(ip_reasm.o)
 .rodata        0x0084f0e8      0x120 ../PepinoBoris_bsp/\libucosii_bsp.a(ipdemux.o)
 .rodata        0x0084f208       0x34 ../PepinoBoris_bsp/\libucosii_bsp.a(ipport.o)
 .rodata        0x0084f23c       0x24 ../PepinoBoris_bsp/\libucosii_bsp.a(ipraw.o)
 .rodata        0x0084f260       0x38 ../PepinoBoris_bsp/\libucosii_bsp.a(iproute.o)
 .rodata        0x0084f298       0xe8 ../PepinoBoris_bsp/\libucosii_bsp.a(udp.o)
 .rodata        0x0084f380      0x2d0 ../PepinoBoris_bsp/\libucosii_bsp.a(u_mctest.o)
 .rodata        0x0084f650       0xf8 ../PepinoBoris_bsp/\libucosii_bsp.a(dhcsetup.o)
 .rodata        0x0084f748       0x94 ../PepinoBoris_bsp/\libucosii_bsp.a(parseip.o)
 .rodata        0x0084f7dc       0x34 ../PepinoBoris_bsp/\libucosii_bsp.a(vfsfiles.o)
 .rodata        0x0084f810      0x318 ../PepinoBoris_bsp/\libucosii_bsp.a(icmp.o)
 *(.rodata1)
                0x0084fb28                . = ALIGN (0x4)
                0x0084fb28                PROVIDE (__ram_rodata_end, ABSOLUTE (.))
                0x0084bb30                PROVIDE (__flash_rodata_start, LOADADDR (.rodata))

.rwdata         0x0084fb28     0x216c
                0x0084fb28                PROVIDE (__ram_rwdata_start, ABSOLUTE (.))
                0x0084fb28                . = ALIGN (0x4)
 *(.got.plt)
 *(.got)
 *(.data1)
 *(.data .data.* .gnu.linkonce.d.*)
 .data          0x0084fb28        0x0 ../PepinoBoris_bsp//obj/HAL/src/crt0.o
 .data          0x0084fb28        0x0 obj/default/VGA.o
 .data          0x0084fb28        0x0 obj/default/alt_error_handler.o
 .data          0x0084fb28        0x0 obj/default/dm9000a.o
 .data          0x0084fb28       0x18 obj/default/iniche_init.o
                0x0084fb28                ssstask
 .data          0x0084fb40        0x0 obj/default/led.o
 .data          0x0084fb40        0x0 obj/default/my_threads.o
 .data          0x0084fb40        0x0 obj/default/network_utilities.o
 .data          0x0084fb40        0x0 obj/default/sdcard/my_sdcard.o
 .data          0x0084fb40        0x0 obj/default/simple_socket_server.o
 .data          0x0084fb40        0x0 obj/default/tse_my_system.o
 .data          0x0084fb40        0x0 d:/altera/13.0/nios2eds/bin/gnu/h-i686-mingw32/bin/../lib/gcc/nios2-elf/4.1.2\libgcc.a(_fixunsdfsi.o)
 .data          0x0084fb40        0x0 d:/altera/13.0/nios2eds/bin/gnu/h-i686-mingw32/bin/../lib/gcc/nios2-elf/4.1.2\libgcc.a(_addsub_sf.o)
 .data          0x0084fb40        0x0 d:/altera/13.0/nios2eds/bin/gnu/h-i686-mingw32/bin/../lib/gcc/nios2-elf/4.1.2\libgcc.a(_mul_sf.o)
 .data          0x0084fb40        0x0 d:/altera/13.0/nios2eds/bin/gnu/h-i686-mingw32/bin/../lib/gcc/nios2-elf/4.1.2\libgcc.a(_div_sf.o)
 .data          0x0084fb40        0x0 d:/altera/13.0/nios2eds/bin/gnu/h-i686-mingw32/bin/../lib/gcc/nios2-elf/4.1.2\libgcc.a(_sf_to_si.o)
 .data          0x0084fb40        0x0 d:/altera/13.0/nios2eds/bin/gnu/h-i686-mingw32/bin/../lib/gcc/nios2-elf/4.1.2\libgcc.a(_thenan_sf.o)
 .data          0x0084fb40        0x0 d:/altera/13.0/nios2eds/bin/gnu/h-i686-mingw32/bin/../lib/gcc/nios2-elf/4.1.2\libgcc.a(_usi_to_sf.o)
 .data          0x0084fb40        0x0 d:/altera/13.0/nios2eds/bin/gnu/h-i686-mingw32/bin/../lib/gcc/nios2-elf/4.1.2\libgcc.a(_addsub_df.o)
 .data          0x0084fb40        0x0 d:/altera/13.0/nios2eds/bin/gnu/h-i686-mingw32/bin/../lib/gcc/nios2-elf/4.1.2\libgcc.a(_mul_df.o)
 .data          0x0084fb40        0x0 d:/altera/13.0/nios2eds/bin/gnu/h-i686-mingw32/bin/../lib/gcc/nios2-elf/4.1.2\libgcc.a(_ge_df.o)
 .data          0x0084fb40        0x0 d:/altera/13.0/nios2eds/bin/gnu/h-i686-mingw32/bin/../lib/gcc/nios2-elf/4.1.2\libgcc.a(_df_to_si.o)
 .data          0x0084fb40        0x0 d:/altera/13.0/nios2eds/bin/gnu/h-i686-mingw32/bin/../lib/gcc/nios2-elf/4.1.2\libgcc.a(_thenan_df.o)
 .data          0x0084fb40        0x0 d:/altera/13.0/nios2eds/bin/gnu/h-i686-mingw32/bin/../lib/gcc/nios2-elf/4.1.2\libgcc.a(_usi_to_df.o)
 .data          0x0084fb40        0x0 d:/altera/13.0/nios2eds/bin/gnu/h-i686-mingw32/bin/../lib/gcc/nios2-elf/4.1.2\libgcc.a(_muldi3.o)
 .data          0x0084fb40        0x0 d:/altera/13.0/nios2eds/bin/gnu/h-i686-mingw32/bin/../lib/gcc/nios2-elf/4.1.2\libgcc.a(_clzsi2.o)
 .data          0x0084fb40        0x0 d:/altera/13.0/nios2eds/bin/gnu/h-i686-mingw32/bin/../lib/gcc/nios2-elf/4.1.2\libgcc.a(_pack_sf.o)
 .data          0x0084fb40        0x0 d:/altera/13.0/nios2eds/bin/gnu/h-i686-mingw32/bin/../lib/gcc/nios2-elf/4.1.2\libgcc.a(_unpack_sf.o)
 .data          0x0084fb40        0x0 d:/altera/13.0/nios2eds/bin/gnu/h-i686-mingw32/bin/../lib/gcc/nios2-elf/4.1.2\libgcc.a(_pack_df.o)
 .data          0x0084fb40        0x0 d:/altera/13.0/nios2eds/bin/gnu/h-i686-mingw32/bin/../lib/gcc/nios2-elf/4.1.2\libgcc.a(_unpack_df.o)
 .data          0x0084fb40        0x0 d:/altera/13.0/nios2eds/bin/gnu/h-i686-mingw32/bin/../lib/gcc/nios2-elf/4.1.2\libgcc.a(_fpcmp_parts_df.o)
 .data          0x0084fb40        0x0 d:/altera/13.0/nios2eds/bin/gnu/h-i686-mingw32/bin/../lib/gcc/nios2-elf/4.1.2\libgcc.a(_clz.o)
 .data          0x0084fb40        0x0 d:/altera/13.0/nios2eds/bin/gnu/h-i686-mingw32/bin/../lib/gcc/nios2-elf/4.1.2/../../../../nios2-elf/lib\libc.a(lib_a-ctype_.o)
 .data          0x0084fb40        0x0 d:/altera/13.0/nios2eds/bin/gnu/h-i686-mingw32/bin/../lib/gcc/nios2-elf/4.1.2/../../../../nios2-elf/lib\libc.a(lib_a-fprintf.o)
 .data          0x0084fb40        0x0 d:/altera/13.0/nios2eds/bin/gnu/h-i686-mingw32/bin/../lib/gcc/nios2-elf/4.1.2/../../../../nios2-elf/lib\libc.a(lib_a-fwrite.o)
 .data          0x0084fb40        0x0 d:/altera/13.0/nios2eds/bin/gnu/h-i686-mingw32/bin/../lib/gcc/nios2-elf/4.1.2/../../../../nios2-elf/lib\libc.a(lib_a-getc.o)
 .data          0x0084fb40      0x400 d:/altera/13.0/nios2eds/bin/gnu/h-i686-mingw32/bin/../lib/gcc/nios2-elf/4.1.2/../../../../nios2-elf/lib\libc.a(lib_a-impure.o)
 .data          0x0084ff40        0x0 d:/altera/13.0/nios2eds/bin/gnu/h-i686-mingw32/bin/../lib/gcc/nios2-elf/4.1.2/../../../../nios2-elf/lib\libc.a(lib_a-memset.o)
 .data          0x0084ff40        0x0 d:/altera/13.0/nios2eds/bin/gnu/h-i686-mingw32/bin/../lib/gcc/nios2-elf/4.1.2/../../../../nios2-elf/lib\libc.a(lib_a-perror.o)
 .data          0x0084ff40        0x0 d:/altera/13.0/nios2eds/bin/gnu/h-i686-mingw32/bin/../lib/gcc/nios2-elf/4.1.2/../../../../nios2-elf/lib\libc.a(lib_a-printf.o)
 .data          0x0084ff40        0x0 d:/altera/13.0/nios2eds/bin/gnu/h-i686-mingw32/bin/../lib/gcc/nios2-elf/4.1.2/../../../../nios2-elf/lib\libc.a(lib_a-putc.o)
 .data          0x0084ff40        0x0 d:/altera/13.0/nios2eds/bin/gnu/h-i686-mingw32/bin/../lib/gcc/nios2-elf/4.1.2/../../../../nios2-elf/lib\libc.a(lib_a-putchar.o)
 .data          0x0084ff40        0x0 d:/altera/13.0/nios2eds/bin/gnu/h-i686-mingw32/bin/../lib/gcc/nios2-elf/4.1.2/../../../../nios2-elf/lib\libc.a(lib_a-puts.o)
 .data          0x0084ff40        0x0 d:/altera/13.0/nios2eds/bin/gnu/h-i686-mingw32/bin/../lib/gcc/nios2-elf/4.1.2/../../../../nios2-elf/lib\libc.a(lib_a-rget.o)
 .data          0x0084ff40        0x0 d:/altera/13.0/nios2eds/bin/gnu/h-i686-mingw32/bin/../lib/gcc/nios2-elf/4.1.2/../../../../nios2-elf/lib\libc.a(lib_a-strerror.o)
 .data          0x0084ff40        0x0 d:/altera/13.0/nios2eds/bin/gnu/h-i686-mingw32/bin/../lib/gcc/nios2-elf/4.1.2/../../../../nios2-elf/lib\libc.a(lib_a-strlen.o)
 .data          0x0084ff40        0x0 d:/altera/13.0/nios2eds/bin/gnu/h-i686-mingw32/bin/../lib/gcc/nios2-elf/4.1.2/../../../../nios2-elf/lib\libc.a(lib_a-u_strerr.o)
 .data          0x0084ff40        0x0 d:/altera/13.0/nios2eds/bin/gnu/h-i686-mingw32/bin/../lib/gcc/nios2-elf/4.1.2/../../../../nios2-elf/lib\libc.a(lib_a-vfprintf.o)
 .data          0x0084ff40        0x0 d:/altera/13.0/nios2eds/bin/gnu/h-i686-mingw32/bin/../lib/gcc/nios2-elf/4.1.2/../../../../nios2-elf/lib\libc.a(lib_a-wbuf.o)
 .data          0x0084ff40        0x0 d:/altera/13.0/nios2eds/bin/gnu/h-i686-mingw32/bin/../lib/gcc/nios2-elf/4.1.2/../../../../nios2-elf/lib\libc.a(lib_a-wsetup.o)