Archive member included because of file (symbol)

c:/altera/13.0/nios2eds/bin/gnu/h-i686-mingw32/bin/../lib/gcc/nios2-elf/4.1.2\libgcc.a(_fixunsdfsi.o)
                              obj/default/dm9000a.o (__fixunsdfsi)
c:/altera/13.0/nios2eds/bin/gnu/h-i686-mingw32/bin/../lib/gcc/nios2-elf/4.1.2\libgcc.a(_addsub_df.o)
                              c:/altera/13.0/nios2eds/bin/gnu/h-i686-mingw32/bin/../lib/gcc/nios2-elf/4.1.2\libgcc.a(_fixunsdfsi.o) (__subdf3)
c:/altera/13.0/nios2eds/bin/gnu/h-i686-mingw32/bin/../lib/gcc/nios2-elf/4.1.2\libgcc.a(_mul_df.o)
                              obj/default/dm9000a.o (__muldf3)
c:/altera/13.0/nios2eds/bin/gnu/h-i686-mingw32/bin/../lib/gcc/nios2-elf/4.1.2\libgcc.a(_ge_df.o)
                              c:/altera/13.0/nios2eds/bin/gnu/h-i686-mingw32/bin/../lib/gcc/nios2-elf/4.1.2\libgcc.a(_fixunsdfsi.o) (__gedf2)
c:/altera/13.0/nios2eds/bin/gnu/h-i686-mingw32/bin/../lib/gcc/nios2-elf/4.1.2\libgcc.a(_df_to_si.o)
                              c:/altera/13.0/nios2eds/bin/gnu/h-i686-mingw32/bin/../lib/gcc/nios2-elf/4.1.2\libgcc.a(_fixunsdfsi.o) (__fixdfsi)
c:/altera/13.0/nios2eds/bin/gnu/h-i686-mingw32/bin/../lib/gcc/nios2-elf/4.1.2\libgcc.a(_thenan_df.o)
                              c:/altera/13.0/nios2eds/bin/gnu/h-i686-mingw32/bin/../lib/gcc/nios2-elf/4.1.2\libgcc.a(_addsub_df.o) (__thenan_df)
c:/altera/13.0/nios2eds/bin/gnu/h-i686-mingw32/bin/../lib/gcc/nios2-elf/4.1.2\libgcc.a(_usi_to_df.o)
                              obj/default/dm9000a.o (__floatunsidf)
c:/altera/13.0/nios2eds/bin/gnu/h-i686-mingw32/bin/../lib/gcc/nios2-elf/4.1.2\libgcc.a(lib2-divmod.o)
                              obj/default/srec_flash.o (__divsi3)
c:/altera/13.0/nios2eds/bin/gnu/h-i686-mingw32/bin/../lib/gcc/nios2-elf/4.1.2\libgcc.a(_muldi3.o)
                              c:/altera/13.0/nios2eds/bin/gnu/h-i686-mingw32/bin/../lib/gcc/nios2-elf/4.1.2\libgcc.a(_mul_df.o) (__muldi3)
c:/altera/13.0/nios2eds/bin/gnu/h-i686-mingw32/bin/../lib/gcc/nios2-elf/4.1.2\libgcc.a(_clzsi2.o)
                              c:/altera/13.0/nios2eds/bin/gnu/h-i686-mingw32/bin/../lib/gcc/nios2-elf/4.1.2\libgcc.a(_usi_to_df.o) (__clzsi2)
c:/altera/13.0/nios2eds/bin/gnu/h-i686-mingw32/bin/../lib/gcc/nios2-elf/4.1.2\libgcc.a(_pack_df.o)
                              c:/altera/13.0/nios2eds/bin/gnu/h-i686-mingw32/bin/../lib/gcc/nios2-elf/4.1.2\libgcc.a(_addsub_df.o) (__pack_d)
c:/altera/13.0/nios2eds/bin/gnu/h-i686-mingw32/bin/../lib/gcc/nios2-elf/4.1.2\libgcc.a(_unpack_df.o)
                              c:/altera/13.0/nios2eds/bin/gnu/h-i686-mingw32/bin/../lib/gcc/nios2-elf/4.1.2\libgcc.a(_addsub_df.o) (__unpack_d)
c:/altera/13.0/nios2eds/bin/gnu/h-i686-mingw32/bin/../lib/gcc/nios2-elf/4.1.2\libgcc.a(_fpcmp_parts_df.o)
                              c:/altera/13.0/nios2eds/bin/gnu/h-i686-mingw32/bin/../lib/gcc/nios2-elf/4.1.2\libgcc.a(_ge_df.o) (__fpcmp_parts_d)
c:/altera/13.0/nios2eds/bin/gnu/h-i686-mingw32/bin/../lib/gcc/nios2-elf/4.1.2\libgcc.a(_clz.o)
                              c:/altera/13.0/nios2eds/bin/gnu/h-i686-mingw32/bin/../lib/gcc/nios2-elf/4.1.2\libgcc.a(_clzsi2.o) (__clz_tab)
c:/altera/13.0/nios2eds/bin/gnu/h-i686-mingw32/bin/../lib/gcc/nios2-elf/4.1.2/../../../../nios2-elf/lib\libc.a(lib_a-atoi.o)
                              obj/default/http.o (atoi)
c:/altera/13.0/nios2eds/bin/gnu/h-i686-mingw32/bin/../lib/gcc/nios2-elf/4.1.2/../../../../nios2-elf/lib\libc.a(lib_a-ctype_.o)
                              obj/default/http.o (__ctype_ptr)
c:/altera/13.0/nios2eds/bin/gnu/h-i686-mingw32/bin/../lib/gcc/nios2-elf/4.1.2/../../../../nios2-elf/lib\libc.a(lib_a-fclose.o)
                              obj/default/http.o (fclose)
c:/altera/13.0/nios2eds/bin/gnu/h-i686-mingw32/bin/../lib/gcc/nios2-elf/4.1.2/../../../../nios2-elf/lib\libc.a(lib_a-fflush.o)
                              c:/altera/13.0/nios2eds/bin/gnu/h-i686-mingw32/bin/../lib/gcc/nios2-elf/4.1.2/../../../../nios2-elf/lib\libc.a(lib_a-fclose.o) (_fflush_r)
c:/altera/13.0/nios2eds/bin/gnu/h-i686-mingw32/bin/../lib/gcc/nios2-elf/4.1.2/../../../../nios2-elf/lib\libc.a(lib_a-fgetpos.o)
                              obj/default/http.o (fgetpos)
c:/altera/13.0/nios2eds/bin/gnu/h-i686-mingw32/bin/../lib/gcc/nios2-elf/4.1.2/../../../../nios2-elf/lib\libc.a(lib_a-findfp.o)
                              c:/altera/13.0/nios2eds/bin/gnu/h-i686-mingw32/bin/../lib/gcc/nios2-elf/4.1.2/../../../../nios2-elf/lib\libc.a(lib_a-fclose.o) (__sfp_lock_acquire)
c:/altera/13.0/nios2eds/bin/gnu/h-i686-mingw32/bin/../lib/gcc/nios2-elf/4.1.2/../../../../nios2-elf/lib\libc.a(lib_a-fopen.o)
                              obj/default/http.o (fopen)
c:/altera/13.0/nios2eds/bin/gnu/h-i686-mingw32/bin/../lib/gcc/nios2-elf/4.1.2/../../../../nios2-elf/lib\libc.a(lib_a-fprintf.o)
                              obj/default/alt_error_handler.o (fprintf)
c:/altera/13.0/nios2eds/bin/gnu/h-i686-mingw32/bin/../lib/gcc/nios2-elf/4.1.2/../../../../nios2-elf/lib\libc.a(lib_a-fread.o)
[...]
Memory Configuration

Name             Origin             Length             Attributes
sdram_0_BEFORE_EXCEPTION 0x00800000         0x00000020
sdram_0          0x00800020         0x007fffe0
reset            0x01400000         0x00000020
cfi_flash_0      0x01400020         0x003fffe0
sram_0           0x01a00000         0x00080000
epcs_controller  0x01a81800         0x00000800
*default*        0x00000000         0xffffffff

Linker script and memory map

LOAD ../WebServer_bsp//obj/HAL/src/crt0.o
LOAD obj/default/alt_error_handler.o
LOAD obj/default/dm9000a.o
LOAD obj/default/http.o
LOAD obj/default/network_utilities.o
LOAD obj/default/srec_flash.o
LOAD obj/default/web_server.o
LOAD c:/altera/13.0/nios2eds/bin/gnu/h-i686-mingw32/bin/../lib/gcc/nios2-elf/4.1.2/../../../../nios2-elf/lib\libstdc++.a
LOAD c:/altera/13.0/nios2eds/bin/gnu/h-i686-mingw32/bin/../lib/gcc/nios2-elf/4.1.2/../../../../nios2-elf/lib\libm.a
LOAD c:/altera/13.0/nios2eds/bin/gnu/h-i686-mingw32/bin/../lib/gcc/nios2-elf/4.1.2\libgcc.a
START GROUP
LOAD c:/altera/13.0/nios2eds/bin/gnu/h-i686-mingw32/bin/../lib/gcc/nios2-elf/4.1.2/../../../../nios2-elf/lib\libc.a
LOAD c:/altera/13.0/nios2eds/bin/gnu/h-i686-mingw32/bin/../lib/gcc/nios2-elf/4.1.2\libgcc.a
LOAD ../WebServer_bsp/\libucosii_bsp.a
END GROUP
LOAD c:/altera/13.0/nios2eds/bin/gnu/h-i686-mingw32/bin/../lib/gcc/nios2-elf/4.1.2\libgcc.a
                0x00800000                __alt_mem_sdram_0 = 0x800000
                0x01400000                __alt_mem_cfi_flash_0 = 0x1400000
                0x01a00000                __alt_mem_sram_0 = 0x1a00000
                0x01a81800                __alt_mem_epcs_controller = 0x1a81800

.entry          0x01400000        0x0
 *(.entry)
 .entry         0x01400000        0x0 ../WebServer_bsp//obj/HAL/src/crt0.o
                0x01400000                __reset

.exceptions     0x00800020      0x19c
                0x00800020                PROVIDE (__ram_exceptions_start, ABSOLUTE (.))
                0x00800020                . = ALIGN (0x20)
 *(.irq)
 *(.exceptions.entry.label)
 .exceptions.entry.label
                0x00800020        0x0 ../WebServer_bsp/\libucosii_bsp.a(alt_irq_entry.o)
                0x00800020                alt_irq_entry
 .exceptions.entry.label
                0x00800020        0x0 ../WebServer_bsp/\libucosii_bsp.a(alt_exception_entry.o)
                0x00800020                alt_exception
 *(.exceptions.entry.user)
 *(.exceptions.entry)
 .exceptions.entry
                0x00800020       0x54 ../WebServer_bsp/\libucosii_bsp.a(alt_exception_entry.o)
 *(.exceptions.irqtest.user)
 *(.exceptions.irqtest)
 .exceptions.irqtest
                0x00800074       0x10 ../WebServer_bsp/\libucosii_bsp.a(alt_irq_entry.o)
 *(.exceptions.irqhandler.user)
 *(.exceptions.irqhandler)
 .exceptions.irqhandler
                0x00800084        0x4 ../WebServer_bsp/\libucosii_bsp.a(alt_irq_entry.o)
 *(.exceptions.irqreturn.user)
 *(.exceptions.irqreturn)
 .exceptions.irqreturn
                0x00800088        0x4 ../WebServer_bsp/\libucosii_bsp.a(alt_irq_entry.o)
 *(.exceptions.notirq.label)
 .exceptions.notirq.label
                0x0080008c        0x0 ../WebServer_bsp/\libucosii_bsp.a(alt_irq_entry.o)
 *(.exceptions.notirq.user)
 *(.exceptions.notirq)
 .exceptions.notirq
                0x0080008c        0x8 ../WebServer_bsp/\libucosii_bsp.a(alt_exception_entry.o)
 *(.exceptions.soft.user)
 *(.exceptions.soft)
 *(.exceptions.unknown.user)
 *(.exceptions.unknown)
 .exceptions.unknown
                0x00800094        0x4 ../WebServer_bsp/\libucosii_bsp.a(alt_exception_entry.o)
 *(.exceptions.exit.label)
 .exceptions.exit.label
                0x00800098        0x0 ../WebServer_bsp/\libucosii_bsp.a(alt_irq_entry.o)
 .exceptions.exit.label
                0x00800098        0x0 ../WebServer_bsp/\libucosii_bsp.a(alt_exception_entry.o)
 *(.exceptions.exit.user)
 *(.exceptions.exit)
 .exceptions.exit
                0x00800098       0x54 ../WebServer_bsp/\libucosii_bsp.a(alt_exception_entry.o)
 *(.exceptions)
 .exceptions    0x008000ec       0xd0 ../WebServer_bsp/\libucosii_bsp.a(alt_irq_handler.o)
                0x008000ec                alt_irq_handler
                0x008001bc                PROVIDE (__ram_exceptions_end, ABSOLUTE (.))
                0x00800020                PROVIDE (__flash_exceptions_start, LOADADDR (.exceptions))

.text           0x008001bc    0x50110
                0x008001bc                PROVIDE (stext, ABSOLUTE (.))
 *(.interp)
 *(.hash)
 *(.dynsym)
 *(.dynstr)
 *(.gnu.version)
 *(.gnu.version_d)
 *(.gnu.version_r)
 *(.rel.init)
 *(.rela.init)
 *(.rel.text .rel.text.* .rel.gnu.linkonce.t.*)
 *(.rela.text .rela.text.* .rela.gnu.linkonce.t.*)
 *(.rel.fini)
 *(.rela.fini)
 *(.rel.rodata .rel.rodata.* .rel.gnu.linkonce.r.*)
 *(.rela.rodata .rela.rodata.* .rela.gnu.linkonce.r.*)
 *(.rel.data .rel.data.* .rel.gnu.linkonce.d.*)
 *(.rela.data .rela.data.* .rela.gnu.linkonce.d.*)
 *(.rel.tdata .rel.tdata.* .rel.gnu.linkonce.td.*)
 *(.rela.tdata .rela.tdata.* .rela.gnu.linkonce.td.*)
 *(.rel.tbss .rel.tbss.* .rel.gnu.linkonce.tb.*)
 *(.rela.tbss .rela.tbss.* .rela.gnu.linkonce.tb.*)
 *(.rel.ctors)
 *(.rela.ctors)
 *(.rel.dtors)
 *(.rela.dtors)
 *(.rel.got)
 *(.rela.got)
 *(.rel.sdata .rel.sdata.* .rel.gnu.linkonce.s.*)
 *(.rela.sdata .rela.sdata.* .rela.gnu.linkonce.s.*)
 *(.rel.sbss .rel.sbss.* .rel.gnu.linkonce.sb.*)
 *(.rela.sbss .rela.sbss.* .rela.gnu.linkonce.sb.*)
 *(.rel.sdata2 .rel.sdata2.* .rel.gnu.linkonce.s2.*)
 *(.rela.sdata2 .rela.sdata2.* .rela.gnu.linkonce.s2.*)
 *(.rel.sbss2 .rel.sbss2.* .rel.gnu.linkonce.sb2.*)
 *(.rela.sbss2 .rela.sbss2.* .rela.gnu.linkonce.sb2.*)
 *(.rel.bss .rel.bss.* .rel.gnu.linkonce.b.*)
 *(.rela.bss .rela.bss.* .rela.gnu.linkonce.b.*)
 *(.rel.plt)
 *(.rela.plt)
 *(.rel.dyn)
 *(.init)
 *(.plt)
 *(.text .stub .text.* .gnu.linkonce.t.*)
 .text          0x008001bc       0x48 ../WebServer_bsp//obj/HAL/src/crt0.o
                0x008001bc                _start
 .text          0x00800204      0x624 obj/default/alt_error_handler.o
                0x00800204                alt_uCOSIIErrorHandler
 .text          0x00800828      0xe48 obj/default/dm9000a.o
                0x00800828                dm9000a_iow
                0x0080087c                dm9000a_ior
                0x008008c8                phy_write
                0x00800964                dm9000a_reset
                0x00800b28                TransmitPacket
                0x00800c44                prep_dm9000a
                0x00800e60                dm9000a_init
                0x008012b0                dm9Ka_isr_wrap
                0x008012f0                dm9ka_init
                0x008013e8                dm9ka_close
                0x008014f8                dm9ka_stats
                0x00801554                dm9ka_pkt_send
 .text          0x00801670     0x2844 obj/default/http.o
                0x00801670                print
                0x008016a0                sweep
                0x00801788                http_cleanup_lcd_text
                0x00801804                lcd_output
                0x008018cc                http_parse_multipart_header
                0x00801b1c                file_upload
                0x00801d80                ProgFlashStub
                0x00801dd0                http_reset_connection
                0x00801ec0                http_manage_connection
                0x0080206c                http_handle_accept
                0x00802194                http_read_line
                0x00802244                http_parse_type_boundary
                0x00802330                http_process_headers
                0x00802564                http_process_request
                0x00802858                http_send_file_chunk
                0x00802a04                http_send_file_header
                0x00803144                http_find_file
                0x008033c0                http_send_redirect
                0x008033f4                http_handle_post
                0x008036ec                http_prepare_response
                0x00803760                http_handle_receive
                0x00803b1c                http_handle_transmit
                0x00803b7c                WSTask
 .text          0x00803eb4      0x8b0 obj/default/network_utilities.o
                0x00803eb4                die_with_error
                0x00803ee4                get_serial_number
                0x008040c0                generate_and_store_mac_addr
                0x0080428c                generate_mac_addr
                0x008043c8                get_board_mac_addr
                0x0080455c                get_mac_addr
                0x008045b4                get_ip_addr
                0x00804620                FindLastFlashSectorOffset
 .text          0x00804764      0x820 obj/default/srec_flash.o
                0x00804764                ProgFlash
                0x00804a08                ParseAndProgramLine
                0x00804cc4                ParseSRECBuf
 .text          0x00804f84      0x5c8 obj/default/web_server.o
                0x00804f84                lcd_ip_addr
                0x00805140                WSInitialTask
                0x008051bc                main
                0x008053a0                lcd_output_text
                0x0080541c                board_control_task
                0x008054c0                LED_task
 .text          0x0080554c       0xa4 c:/altera/13.0/nios2eds/bin/gnu/h-i686-mingw32/bin/../lib/gcc/nios2-elf/4.1.2\libgcc.a(_fixunsdfsi.o)
                0x0080554c                __fixunsdfsi
 .text          0x008055f0      0x504 c:/altera/13.0/nios2eds/bin/gnu/h-i686-mingw32/bin/../lib/gcc/nios2-elf/4.1.2\libgcc.a(_addsub_df.o)
                0x00805a00                __subdf3
                0x00805a80                __adddf3
 .text          0x00805af4      0x3c4 c:/altera/13.0/nios2eds/bin/gnu/h-i686-mingw32/bin/../lib/gcc/nios2-elf/4.1.2\libgcc.a(_mul_df.o)
                0x00805af4                __muldf3
 .text          0x00805eb8       0x88 c:/altera/13.0/nios2eds/bin/gnu/h-i686-mingw32/bin/../lib/gcc/nios2-elf/4.1.2\libgcc.a(_ge_df.o)
                0x00805eb8                __gedf2
 .text          0x00805f40       0xd8 c:/altera/13.0/nios2eds/bin/gnu/h-i686-mingw32/bin/../lib/gcc/nios2-elf/4.1.2\libgcc.a(_df_to_si.o)
                0x00805f40                __fixdfsi
 .text          0x00806018        0x0 c:/altera/13.0/nios2eds/bin/gnu/h-i686-mingw32/bin/../lib/gcc/nios2-elf/4.1.2\libgcc.a(_thenan_df.o)
 .text          0x00806018      0x194 c:/altera/13.0/nios2eds/bin/gnu/h-i686-mingw32/bin/../lib/gcc/nios2-elf/4.1.2\libgcc.a(_usi_to_df.o)
                0x00806018                __floatunsidf
 .text          0x008061ac      0x14c c:/altera/13.0/nios2eds/bin/gnu/h-i686-mingw32/bin/../lib/gcc/nios2-elf/4.1.2\libgcc.a(lib2-divmod.o)
                0x00806228                __divsi3
                0x00806288                __modsi3
                0x008062e8                __udivsi3
                0x008062f0                __umodsi3
 .text          0x008062f8       0x98 c:/altera/13.0/nios2eds/bin/gnu/h-i686-mingw32/bin/../lib/gcc/nios2-elf/4.1.2\libgcc.a(_muldi3.o)
                0x008062f8                __muldi3
 .text          0x00806390       0x80 c:/altera/13.0/nios2eds/bin/gnu/h-i686-mingw32/bin/../lib/gcc/nios2-elf/4.1.2\libgcc.a(_clzsi2.o)
                0x00806390                __clzsi2
 .text          0x00806410      0x314 c:/altera/13.0/nios2eds/bin/gnu/h-i686-mingw32/bin/../lib/gcc/nios2-elf/4.1.2\libgcc.a(_pack_df.o)
                0x00806410                __pack_d
 .text          0x00806724      0x138 c:/altera/13.0/nios2eds/bin/gnu/h-i686-mingw32/bin/../lib/gcc/nios2-elf/4.1.2\libgcc.a(_unpack_df.o)
                0x00806724                __unpack_d
 .text          0x0080685c       0xc8 c:/altera/13.0/nios2eds/bin/gnu/h-i686-mingw32/bin/../lib/gcc/nios2-elf/4.1.2\libgcc.a(_fpcmp_parts_df.o)
                0x0080685c                __fpcmp_parts_d
 .text          0x00806924        0x0 c:/altera/13.0/nios2eds/bin/gnu/h-i686-mingw32/bin/../lib/gcc/nios2-elf/4.1.2\libgcc.a(_clz.o)
 .text          0x00806924       0x18 c:/altera/13.0/nios2eds/bin/gnu/h-i686-mingw32/bin/../lib/gcc/nios2-elf/4.1.2/../../../../nios2-elf/lib\libc.a(lib_a-atoi.o)
                0x00806924                _atoi_r
                0x00806930                atoi
 .text          0x0080693c        0x0 c:/altera/13.0/nios2eds/bin/gnu/h-i686-mingw32/bin/../lib/gcc/nios2-elf/4.1.2/../../../../nios2-elf/lib\libc.a(lib_a-ctype_.o)
 .text          0x0080693c      0x124 c:/altera/13.0/nios2eds/bin/gnu/h-i686-mingw32/bin/../lib/gcc/nios2-elf/4.1.2/../../../../nios2-elf/lib\libc.a(lib_a-fclose.o)
                0x0080693c                _fclose_r
                0x00806a4c                fclose
 .text          0x00806a60      0x230 c:/altera/13.0/nios2eds/bin/gnu/h-i686-mingw32/bin/../lib/gcc/nios2-elf/4.1.2/../../../../nios2-elf/lib\libc.a(lib_a-fflush.o)
                0x00806a60                _fflush_r
                0x00806c5c                fflush
 .text          0x00806c90       0x48 c:/altera/13.0/nios2eds/bin/gnu/h-i686-mingw32/bin/../lib/gcc/nios2-elf/4.1.2/../../../../nios2-elf/lib\libc.a(lib_a-fgetpos.o)
                0x00806c90                _fgetpos_r
                0x00806cbc                fgetpos
 .text          0x00806cd8      0x2c0 c:/altera/13.0/nios2eds/bin/gnu/h-i686-mingw32/bin/../lib/gcc/nios2-elf/4.1.2/../../../../nios2-elf/lib\libc.a(lib_a-findfp.o)
                0x00806d30                __sfp_lock_acquire
                0x00806d34                __sfp_lock_release
                0x00806d38                __sinit_lock_acquire
                0x00806d3c                __sinit_lock_release
                0x00806d40                __sinit
                0x00806df4                __fp_unlock_all
                0x00806e0c                __fp_lock_all
                0x00806e24                _cleanup_r
                0x00806e30                _cleanup
                0x00806e40                __sfmoreglue
                0x00806ea8                __sfp
 .text          0x00806f98      0x110 c:/altera/13.0/nios2eds/bin/gnu/h-i686-mingw32/bin/../lib/gcc/nios2-elf/4.1.2/../../../../nios2-elf/lib\libc.a(lib_a-fopen.o)
                0x00806f98                _fopen_r
                0x0080708c                fopen
 .text          0x008070a8       0x60 c:/altera/13.0/nios2eds/bin/gnu/h-i686-mingw32/bin/../lib/gcc/nios2-elf/4.1.2/../../../../nios2-elf/lib\libc.a(lib_a-fprintf.o)
                0x008070a8                fprintf
                0x008070d4                _fprintf_r
 .text          0x00807108      0x23c c:/altera/13.0/nios2eds/bin/gnu/h-i686-mingw32/bin/../lib/gcc/nios2-elf/4.1.2/../../../../nios2-elf/lib\libc.a(lib_a-fread.o)
                0x00807108                _fread_r
                0x00807304                fread
 .text          0x00807344      0x440 c:/altera/13.0/nios2eds/bin/gnu/h-i686-mingw32/bin/../lib/gcc/nios2-elf/4.1.2/../../../../nios2-elf/lib\libc.a(lib_a-freer.o)
                0x00807344                _malloc_trim_r
                0x00807470                _free_r
 .text          0x00807784      0x460 c:/altera/13.0/nios2eds/bin/gnu/h-i686-mingw32/bin/../lib/gcc/nios2-elf/4.1.2/../../../../nios2-elf/lib\libc.a(lib_a-fseek.o)
                0x00807784                _fseek_r
                0x00807bc0                fseek
 .text          0x00807be4       0x74 c:/altera/13.0/nios2eds/bin/gnu/h-i686-mingw32/bin/../lib/gcc/nios2-elf/4.1.2/../../../../nios2-elf/lib\libc.a(lib_a-fstatr.o)
                0x00807be4                _fstat_r
 .text          0x00807c58      0x10c c:/altera/13.0/nios2eds/bin/gnu/h-i686-mingw32/bin/../lib/gcc/nios2-elf/4.1.2/../../../../nios2-elf/lib\libc.a(lib_a-ftell.o)
                0x00807c58                _ftell_r
                0x00807d50                ftell
 .text          0x00807d64      0x180 c:/altera/13.0/nios2eds/bin/gnu/h-i686-mingw32/bin/../lib/gcc/nios2-elf/4.1.2/../../../../nios2-elf/lib\libc.a(lib_a-fwalk.o)
                0x00807d64                _fwalk_reent
                0x00807e2c                _fwalk
 .text          0x00807ee4       0xdc c:/altera/13.0/nios2eds/bin/gnu/h-i686-mingw32/bin/../lib/gcc/nios2-elf/4.1.2/../../../../nios2-elf/lib\libc.a(lib_a-fwrite.o)
                0x00807ee4                _fwrite_r
                0x00807f80                fwrite
 .text          0x00807fc0      0x128 c:/altera/13.0/nios2eds/bin/gnu/h-i686-mingw32/bin/../lib/gcc/nios2-elf/4.1.2/../../../../nios2-elf/lib\libc.a(lib_a-getc.o)
                0x00807fc0                getc
                0x00808058                _getc_r
 .text          0x008080e8        0x0 c:/altera/13.0/nios2eds/bin/gnu/h-i686-mingw32/bin/../lib/gcc/nios2-elf/4.1.2/../../../../nios2-elf/lib\libc.a(lib_a-impure.o)
 .text          0x008080e8        0x0 c:/altera/13.0/nios2eds/bin/gnu/h-i686-mingw32/bin/../lib/gcc/nios2-elf/4.1.2/../../../../nios2-elf/lib\libc.a(lib_a-int_errno.o)
 .text          0x008080e8      0x194 c:/altera/13.0/nios2eds/bin/gnu/h-i686-mingw32/bin/../lib/gcc/nios2-elf/4.1.2/../../../../nios2-elf/lib\libc.a(lib_a-makebuf.o)
                0x008080e8                __smakebuf_r
 .text          0x0080827c      0x740 c:/altera/13.0/nios2eds/bin/gnu/h-i686-mingw32/bin/../lib/gcc/nios2-elf/4.1.2/../../../../nios2-elf/lib\libc.a(lib_a-mallocr.o)
                0x0080827c                _malloc_r
 .text          0x008089bc       0xa0 c:/altera/13.0/nios2eds/bin/gnu/h-i686-mingw32/bin/../lib/gcc/nios2-elf/4.1.2/../../../../nios2-elf/lib\libc.a(lib_a-memcpy.o)
                0x008089bc                memcpy
 .text          0x00808a5c       0xe0 c:/altera/13.0/nios2eds/bin/gnu/h-i686-mingw32/bin/../lib/gcc/nios2-elf/4.1.2/../../../../nios2-elf/lib\libc.a(lib_a-memmove.o)
                0x00808a5c                memmove
 .text          0x00808b3c       0x98 c:/altera/13.0/nios2eds/bin/gnu/h-i686-mingw32/bin/../lib/gcc/nios2-elf/4.1.2/../../../../nios2-elf/lib\libc.a(lib_a-memset.o)
                0x00808b3c                memset
 .text          0x00808bd4       0x78 c:/altera/13.0/nios2eds/bin/gnu/h-i686-mingw32/bin/../lib/gcc/nios2-elf/4.1.2/../../../../nios2-elf/lib\libc.a(lib_a-openr.o)
                0x00808bd4                _open_r
 .text          0x00808c4c       0x80 c:/altera/13.0/nios2eds/bin/gnu/h-i686-mingw32/bin/../lib/gcc/nios2-elf/4.1.2/../../../../nios2-elf/lib\libc.a(lib_a-perror.o)
                0x00808c4c                _perror_r
                0x00808cb8                perror
 .text          0x00808ccc       0x78 c:/altera/13.0/nios2eds/bin/gnu/h-i686-mingw32/bin/../lib/gcc/nios2-elf/4.1.2/../../../../nios2-elf/lib\libc.a(lib_a-printf.o)
                0x00808ccc                printf
                0x00808d10                _printf_r
 .text          0x00808d44      0x1ec c:/altera/13.0/nios2eds/bin/gnu/h-i686-mingw32/bin/../lib/gcc/nios2-elf/4.1.2/../../../../nios2-elf/lib\libc.a(lib_a-putc.o)
                0x00808d44                putc
                0x00808e48                _putc_r
 .text          0x00808f30       0x24 c:/altera/13.0/nios2eds/bin/gnu/h-i686-mingw32/bin/../lib/gcc/nios2-elf/4.1.2/../../../../nios2-elf/lib\libc.a(lib_a-putchar.o)
                0x00808f30                putchar
                0x00808f4c                _putchar_r
 .text          0x00808f54       0xb4 c:/altera/13.0/nios2eds/bin/gnu/h-i686-mingw32/bin/../lib/gcc/nios2-elf/4.1.2/../../../../nios2-elf/lib\libc.a(lib_a-puts.o)
                0x00808f54                _puts_r
                0x00808ff4                puts
 .text          0x00809008      0x1e0 c:/altera/13.0/nios2eds/bin/gnu/h-i686-mingw32/bin/../lib/gcc/nios2-elf/4.1.2/../../../../nios2-elf/lib\libc.a(lib_a-refill.o)
                0x00809008                __srefill_r
 .text          0x008091e8       0x60 c:/altera/13.0/nios2eds/bin/gnu/h-i686-mingw32/bin/../lib/gcc/nios2-elf/4.1.2/../../../../nios2-elf/lib\libc.a(lib_a-rget.o)
                0x008091e8                __srget_r
                0x00809234                __srget
 .text          0x00809248       0x70 c:/altera/13.0/nios2eds/bin/gnu/h-i686-mingw32/bin/../lib/gcc/nios2-elf/4.1.2/../../../../nios2-elf/lib\libc.a(lib_a-sbrkr.o)
                0x00809248                _sbrk_r
 .text          0x008092b8       0xd4 c:/altera/13.0/nios2eds/bin/gnu/h-i686-mingw32/bin/../lib/gcc/nios2-elf/4.1.2/../../../../nios2-elf/lib\libc.a(lib_a-sprintf.o)
                0x008092b8                sprintf
                0x0080932c                _sprintf_r
 .text          0x0080938c      0x114 c:/altera/13.0/nios2eds/bin/gnu/h-i686-mingw32/bin/../lib/gcc/nios2-elf/4.1.2/../../../../nios2-elf/lib\libc.a(lib_a-sscanf.o)
                0x00809394                _sscanf_r
                0x0080941c                sscanf
 .text          0x008094a0      0x14c c:/altera/13.0/nios2eds/bin/gnu/h-i686-mingw32/bin/../lib/gcc/nios2-elf/4.1.2/../../../../nios2-elf/lib\libc.a(lib_a-stdio.o)
                0x008094a0                __sclose
                0x008094a8                __sseek
                0x00809510                __swrite
                0x0080958c                __sread
 .text          0x008095ec       0xb0 c:/altera/13.0/nios2eds/bin/gnu/h-i686-mingw32/bin/../lib/gcc/nios2-elf/4.1.2/../../../../nios2-elf/lib\libc.a(lib_a-strcasecmp.o)
                0x008095ec                strcasecmp
 .text          0x0080969c       0x90 c:/altera/13.0/nios2eds/bin/gnu/h-i686-mingw32/bin/../lib/gcc/nios2-elf/4.1.2/../../../../nios2-elf/lib\libc.a(lib_a-strcat.o)
                0x0080969c                strcat
 .text          0x0080972c       0xe0 c:/altera/13.0/nios2eds/bin/gnu/h-i686-mingw32/bin/../lib/gcc/nios2-elf/4.1.2/../../../../nios2-elf/lib\libc.a(lib_a-strchr.o)
                0x0080972c                strchr
 .text          0x0080980c       0xbc c:/altera/13.0/nios2eds/bin/gnu/h-i686-mingw32/bin/../lib/gcc/nios2-elf/4.1.2/../../../../nios2-elf/lib\libc.a(lib_a-strcmp.o)
                0x0080980c                strcmp
 .text          0x008098c8       0x8c c:/altera/13.0/nios2eds/bin/gnu/h-i686-mingw32/bin/../lib/gcc/nios2-elf/4.1.2/../../../../nios2-elf/lib\libc.a(lib_a-strcpy.o)
                0x008098c8                strcpy
 .text          0x00809954      0x674 c:/altera/13.0/nios2eds/bin/gnu/h-i686-mingw32/bin/../lib/gcc/nios2-elf/4.1.2/../../../../nios2-elf/lib\libc.a(lib_a-strerror.o)
                0x00809954                strerror
 .text          0x00809fc8       0x74 c:/altera/13.0/nios2eds/bin/gnu/h-i686-mingw32/bin/../lib/gcc/nios2-elf/4.1.2/../../../../nios2-elf/lib\libc.a(lib_a-strlen.o)
                0x00809fc8                strlen
 .text          0x0080a03c       0xf0 c:/altera/13.0/nios2eds/bin/gnu/h-i686-mingw32/bin/../lib/gcc/nios2-elf/4.1.2/../../../../nios2-elf/lib\libc.a(lib_a-strncmp.o)
                0x0080a03c                strncmp
 .text          0x0080a12c       0xbc c:/altera/13.0/nios2eds/bin/gnu/h-i686-mingw32/bin/../lib/gcc/nios2-elf/4.1.2/../../../../nios2-elf/lib\libc.a(lib_a-strncpy.o)
                0x0080a12c                strncpy
 .text          0x0080a1e8      0x794 c:/altera/13.0/nios2eds/bin/gnu/h-i686-mingw32/bin/../lib/gcc/nios2-elf/4.1.2/../../../../nios2-elf/lib\libc.a(lib_a-strstr.o)
                0x0080a31c                strstr
 .text          0x0080a97c       0x18 c:/altera/13.0/nios2eds/bin/gnu/h-i686-mingw32/bin/../lib/gcc/nios2-elf/4.1.2/../../../../nios2-elf/lib\libc.a(lib_a-strtok.o)
                0x0080a97c                strtok
 .text          0x0080a994       0xac c:/altera/13.0/nios2eds/bin/gnu/h-i686-mingw32/bin/../lib/gcc/nios2-elf/4.1.2/../../../../nios2-elf/lib\libc.a(lib_a-strtok_r.o)
                0x0080a994                __strtok_r
                0x0080aa38                strtok_r
 .text          0x0080aa40      0x268 c:/altera/13.0/nios2eds/bin/gnu/h-i686-mingw32/bin/../lib/gcc/nios2-elf/4.1.2/../../../../nios2-elf/lib\libc.a(lib_a-strtol.o)
                0x0080aa40                _strtol_r
                0x0080ac84                strtol
 .text          0x0080aca8        0x8 c:/altera/13.0/nios2eds/bin/gnu/h-i686-mingw32/bin/../lib/gcc/nios2-elf/4.1.2/../../../../nios2-elf/lib\libc.a(lib_a-u_strerr.o)
                0x0080aca8                _user_strerror
 .text          0x0080acb0     0x1f28 c:/altera/13.0/nios2eds/bin/gnu/h-i686-mingw32/bin/../lib/gcc/nios2-elf/4.1.2/../../../../nios2-elf/lib\libc.a(lib_a-vfprintf.o)
                0x0080ad08                ___vfprintf_internal_r
                0x0080cbb4                __vfprintf_internal
 .text          0x0080cbd8     0x1780 c:/altera/13.0/nios2eds/bin/gnu/h-i686-mingw32/bin/../lib/gcc/nios2-elf/4.1.2/../../../../nios2-elf/lib\libc.a(lib_a-vfscanf.o)
                0x0080cbd8                __svfscanf_r
                0x0080e258                __svfscanf
                0x0080e27c                _vfscanf_r
                0x0080e2e4                vfscanf
 .text          0x0080e358      0x14c c:/altera/13.0/nios2eds/bin/gnu/h-i686-mingw32/bin/../lib/gcc/nios2-elf/4.1.2/../../../../nios2-elf/lib\libc.a(lib_a-wbuf.o)
                0x0080e358                __swbuf_r
                0x0080e488                __swbuf
 .text          0x0080e4a4       0x78 c:/altera/13.0/nios2eds/bin/gnu/h-i686-mingw32/bin/../lib/gcc/nios2-elf/4.1.2/../../../../nios2-elf/lib\libc.a(lib_a-writer.o)
                0x0080e4a4                _write_r
 .text          0x0080e51c      0x13c c:/altera/13.0/nios2eds/bin/gnu/h-i686-mingw32/bin/../lib/gcc/nios2-elf/4.1.2/../../../../nios2-elf/lib\libc.a(lib_a-wsetup.o)
                0x0080e51c                __swsetup_r
 .text          0x0080e658       0x70 c:/altera/13.0/nios2eds/bin/gnu/h-i686-mingw32/bin/../lib/gcc/nios2-elf/4.1.2/../../../../nios2-elf/lib\libc.a(lib_a-closer.o)
                0x0080e658                _close_r
 .text          0x0080e6c8     0x17cc c:/altera/13.0/nios2eds/bin/gnu/h-i686-mingw32/bin/../lib/gcc/nios2-elf/4.1.2/../../../../nios2-elf/lib\libc.a(lib_a-dtoa.o)
                0x0080e8e0                _dtoa_r
 .text          0x0080fe94       0xa0 c:/altera/13.0/nios2eds/bin/gnu/h-i686-mingw32/bin/../lib/gcc/nios2-elf/4.1.2/../../../../nios2-elf/lib\libc.a(lib_a-flags.o)
                0x0080fe94                __sflags
 .text          0x0080ff34       0xbc c:/altera/13.0/nios2eds/bin/gnu/h-i686-mingw32/bin/../lib/gcc/nios2-elf/4.1.2/../../../../nios2-elf/lib\libc.a(lib_a-fputc.o)
                0x0080ff34                fputc
                0x0080ff98                _fputc_r
 .text          0x0080fff0       0x90 c:/altera/13.0/nios2eds/bin/gnu/h-i686-mingw32/bin/../lib/gcc/nios2-elf/4.1.2/../../../../nios2-elf/lib\libc.a(lib_a-fputs.o)
                0x0080fff0                _fputs_r
                0x00810064                fputs
 .text          0x00810080      0x49c c:/altera/13.0/nios2eds/bin/gnu/h-i686-mingw32/bin/../lib/gcc/nios2-elf/4.1.2/../../../../nios2-elf/lib\libc.a(lib_a-fvwrite.o)
                0x00810080                __sfvwrite_r
 .text          0x0081051c       0x70 c:/altera/13.0/nios2eds/bin/gnu/h-i686-mingw32/bin/../lib/gcc/nios2-elf/4.1.2/../../../../nios2-elf/lib\libc.a(lib_a-isattyr.o)
                0x0081051c                _isatty_r
 .text          0x0081058c       0x2c c:/altera/13.0/nios2eds/bin/gnu/h-i686-mingw32/bin/../lib/gcc/nios2-elf/4.1.2/../../../../nios2-elf/lib\libc.a(lib_a-iswspace.o)
                0x0081058c                iswspace
 .text          0x008105b8       0xc4 c:/altera/13.0/nios2eds/bin/gnu/h-i686-mingw32/bin/../lib/gcc/nios2-elf/4.1.2/../../../../nios2-elf/lib\libc.a(lib_a-locale.o)
                0x008105b8                __locale_charset
                0x008105c0                _localeconv_r
                0x008105cc                localeconv
                0x008105dc                _setlocale_r
                0x00810660                setlocale
 .text          0x0081067c       0x78 c:/altera/13.0/nios2eds/bin/gnu/h-i686-mingw32/bin/../lib/gcc/nios2-elf/4.1.2/../../../../nios2-elf/lib\libc.a(lib_a-lseekr.o)
                0x0081067c                _lseek_r
 .text          0x008106f4       0xc0 c:/altera/13.0/nios2eds/bin/gnu/h-i686-mingw32/bin/../lib/gcc/nios2-elf/4.1.2/../../../../nios2-elf/lib\libc.a(lib_a-mbrtowc.o)
                0x008106f4                _mbrtowc_r
                0x00810774                mbrtowc
 .text          0x008107b4       0x40 c:/altera/13.0/nios2eds/bin/gnu/h-i686-mingw32/bin/../lib/gcc/nios2-elf/4.1.2/../../../../nios2-elf/lib\libc.a(lib_a-mbtowc_r.o)
                0x008107b4                _mbtowc_r
 .text          0x008107f4       0xe4 c:/altera/13.0/nios2eds/bin/gnu/h-i686-mingw32/bin/../lib/gcc/nios2-elf/4.1.2/../../../../nios2-elf/lib\libc.a(lib_a-memchr.o)
                0x008107f4                memchr
 .text          0x008108d8       0x74 c:/altera/13.0/nios2eds/bin/gnu/h-i686-mingw32/bin/../lib/gcc/nios2-elf/4.1.2/../../../../nios2-elf/lib\libc.a(lib_a-memcmp.o)
                0x008108d8                memcmp
 .text          0x0081094c      0xff4 c:/altera/13.0/nios2eds/bin/gnu/h-i686-mingw32/bin/../lib/gcc/nios2-elf/4.1.2/../../../../nios2-elf/lib\libc.a(lib_a-mprec.o)
                0x0081094c                _Bfree
                0x00810974                __hi0bits
                0x008109e4                __lo0bits
                0x00810aa8                __mcmp
                0x00810b08                __ulp
                0x00810b88                __b2d
                0x00810ca8                __ratio
                0x00810d58                _mprec_log10
                0x00810dec                __copybits
                0x00810e44                __any_on
                0x00810ecc                _Balloc
                0x00810f88                __d2b
                0x00811104                __mdiff
                0x00811290                __lshift
                0x008113dc                __multiply
                0x008115c4                __i2b
                0x00811600                __multadd
                0x00811700                __pow5mult
                0x00811820                __s2b
 .text          0x00811940       0x78 c:/altera/13.0/nios2eds/bin/gnu/h-i686-mingw32/bin/../lib/gcc/nios2-elf/4.1.2/../../../../nios2-elf/lib\libc.a(lib_a-readr.o)
                0x00811940                _read_r
 .text          0x008119b8      0x5f4 c:/altera/13.0/nios2eds/bin/gnu/h-i686-mingw32/bin/../lib/gcc/nios2-elf/4.1.2/../../../../nios2-elf/lib\libc.a(lib_a-reallocr.o)
                0x008119b8                _realloc_r
 .text          0x00811fac       0x40 c:/altera/13.0/nios2eds/bin/gnu/h-i686-mingw32/bin/../lib/gcc/nios2-elf/4.1.2/../../../../nios2-elf/lib\libc.a(lib_a-s_isinfd.o)
                0x00811fac                __isinfd
 .text          0x00811fec       0x30 c:/altera/13.0/nios2eds/bin/gnu/h-i686-mingw32/bin/../lib/gcc/nios2-elf/4.1.2/../../../../nios2-elf/lib\libc.a(lib_a-s_isnand.o)
                0x00811fec                __isnand
 .text          0x0081201c       0xc0 c:/altera/13.0/nios2eds/bin/gnu/h-i686-mingw32/bin/../lib/gcc/nios2-elf/4.1.2/../../../../nios2-elf/lib\libc.a(lib_a-sccl.o)
                0x0081201c                __sccl
 .text          0x008120dc        0x8 c:/altera/13.0/nios2eds/bin/gnu/h-i686-mingw32/bin/../lib/gcc/nios2-elf/4.1.2/../../../../nios2-elf/lib\libc.a(lib_a-sf_nan.o)
                0x008120dc                nanf
 .text          0x008120e4     0x166c c:/altera/13.0/nios2eds/bin/gnu/h-i686-mingw32/bin/../lib/gcc/nios2-elf/4.1.2/../../../../nios2-elf/lib\libc.a(lib_a-strtod.o)
                0x0081212c                _strtod_r
                0x00813610                strtof
                0x00813734                strtod
 .text          0x00813750      0x318 c:/altera/13.0/nios2eds/bin/gnu/h-i686-mingw32/bin/../lib/gcc/nios2-elf/4.1.2/../../../../nios2-elf/lib\libc.a(lib_a-strtoll_r.o)
                0x00813750                _strtoll_r
 .text          0x00813a68      0x254 c:/altera/13.0/nios2eds/bin/gnu/h-i686-mingw32/bin/../lib/gcc/nios2-elf/4.1.2/../../../../nios2-elf/lib\libc.a(lib_a-strtoul.o)
                0x00813a68                _strtoul_r
                0x00813c98                strtoul
 .text          0x00813cbc      0x2f0 c:/altera/13.0/nios2eds/bin/gnu/h-i686-mingw32/bin/../lib/gcc/nios2-elf/4.1.2/../../../../nios2-elf/lib\libc.a(lib_a-strtoull_r.o)
                0x00813cbc                _strtoull_r
 .text          0x00813fac      0x294 c:/altera/13.0/nios2eds/bin/gnu/h-i686-mingw32/bin/../lib/gcc/nios2-elf/4.1.2/../../../../nios2-elf/lib\libc.a(lib_a-ungetc.o)
                0x00813fac                __submore
                0x00814088                _ungetc_r
                0x00814224                ungetc
 .text          0x00814240       0xb4 c:/altera/13.0/nios2eds/bin/gnu/h-i686-mingw32/bin/../lib/gcc/nios2-elf/4.1.2/../../../../nios2-elf/lib\libc.a(lib_a-callocr.o)
                0x00814240                _calloc_r
 .text          0x008142f4      0x8f4 c:/altera/13.0/nios2eds/bin/gnu/h-i686-mingw32/bin/../lib/gcc/nios2-elf/4.1.2/../../../../nios2-elf/lib\libc.a(lib_a-gdtoa-gethex.o)
                0x00814318                __hexdig_init
                0x00814430                __gethex
 .text          0x00814be8      0x294 c:/altera/13.0/nios2eds/bin/gnu/h-i686-mingw32/bin/../lib/gcc/nios2-elf/4.1.2/../../../../nios2-elf/lib\libc.a(lib_a-gdtoa-hexnan.o)
                0x00814c34                __hexnan
 .text          0x00814e7c      0x5dc c:/altera/13.0/nios2eds/bin/gnu/h-i686-mingw32/bin/../lib/gcc/nios2-elf/4.1.2\libgcc.a(_udivdi3.o)
                0x00814e7c                __udivdi3
 .text          0x00815458      0x5b0 c:/altera/13.0/nios2eds/bin/gnu/h-i686-mingw32/bin/../lib/gcc/nios2-elf/4.1.2\libgcc.a(_umoddi3.o)
                0x00815458                __umoddi3
 .text          0x00815a08       0x78 c:/altera/13.0/nios2eds/bin/gnu/h-i686-mingw32/bin/../lib/gcc/nios2-elf/4.1.2\libgcc.a(_ne_sf.o)
                0x00815a08                __nesf2
 .text          0x00815a80       0x78 c:/altera/13.0/nios2eds/bin/gnu/h-i686-mingw32/bin/../lib/gcc/nios2-elf/4.1.2\libgcc.a(_gt_sf.o)
                0x00815a80                __gtsf2
 .text          0x00815af8       0x78 c:/altera/13.0/nios2eds/bin/gnu/h-i686-mingw32/bin/../lib/gcc/nios2-elf/4.1.2\libgcc.a(_lt_sf.o)
                0x00815af8                __ltsf2
 .text          0x00815b70      0x258 c:/altera/13.0/nios2eds/bin/gnu/h-i686-mingw32/bin/../lib/gcc/nios2-elf/4.1.2\libgcc.a(_div_df.o)
                0x00815b70                __divdf3
 .text          0x00815dc8       0x88 c:/altera/13.0/nios2eds/bin/gnu/h-i686-mingw32/bin/../lib/gcc/nios2-elf/4.1.2\libgcc.a(_eq_df.o)
                0x00815dc8                __eqdf2
 .text          0x00815e50       0x88 c:/altera/13.0/nios2eds/bin/gnu/h-i686-mingw32/bin/../lib/gcc/nios2-elf/4.1.2\libgcc.a(_ne_df.o)
                0x00815e50                __nedf2
 .text          0x00815ed8       0x88 c:/altera/13.0/nios2eds/bin/gnu/h-i686-mingw32/bin/../lib/gcc/nios2-elf/4.1.2\libgcc.a(_gt_df.o)
                0x00815ed8                __gtdf2
 .text          0x00815f60       0x88 c:/altera/13.0/nios2eds/bin/gnu/h-i686-mingw32/bin/../lib/gcc/nios2-elf/4.1.2\libgcc.a(_lt_df.o)
                0x00815f60                __ltdf2
 .text          0x00815fe8       0x88 c:/altera/13.0/nios2eds/bin/gnu/h-i686-mingw32/bin/../lib/gcc/nios2-elf/4.1.2\libgcc.a(_le_df.o)
                0x00815fe8                __ledf2
 .text          0x00816070       0xf8 c:/altera/13.0/nios2eds/bin/gnu/h-i686-mingw32/bin/../lib/gcc/nios2-elf/4.1.2\libgcc.a(_si_to_df.o)
                0x00816070                __floatsidf
 .text          0x00816168       0x74 c:/altera/13.0/nios2eds/bin/gnu/h-i686-mingw32/bin/../lib/gcc/nios2-elf/4.1.2\libgcc.a(_df_to_sf.o)
                0x00816168                __truncdfsf2
 .text          0x008161dc       0xc8 c:/altera/13.0/nios2eds/bin/gnu/h-i686-mingw32/bin/../lib/gcc/nios2-elf/4.1.2\libgcc.a(_unpack_sf.o)
                0x008161dc                __unpack_f
 .text          0x008162a4       0xa8 c:/altera/13.0/nios2eds/bin/gnu/h-i686-mingw32/bin/../lib/gcc/nios2-elf/4.1.2\libgcc.a(_fpcmp_parts_sf.o)
                0x008162a4                __fpcmp_parts_f
 .text          0x0081634c       0x2c c:/altera/13.0/nios2eds/bin/gnu/h-i686-mingw32/bin/../lib/gcc/nios2-elf/4.1.2\libgcc.a(_make_sf.o)
                0x0081634c                __make_fp
 .text          0x00816378      0x160 c:/altera/13.0/nios2eds/bin/gnu/h-i686-mingw32/bin/../lib/gcc/nios2-elf/4.1.2\libgcc.a(_pack_sf.o)
                0x00816378                __pack_f
 .text          0x008164d8       0x78 ../WebServer_bsp/\libucosii_bsp.a(alt_dcache_flush.o)
                0x008164d8                alt_dcache_flush
 .text          0x00816550       0xd0 ../WebServer_bsp/\libucosii_bsp.a(alt_flash_dev.o)
                0x00816550                alt_flash_open_dev
                0x008165cc                alt_flash_close_dev
 .text          0x00816620      0x134 ../WebServer_bsp/\libucosii_bsp.a(alt_fstat.o)
                0x00816620                fstat
 .text          0x00816754      0x1c0 ../WebServer_bsp/\libucosii_bsp.a(alt_irq_register.o)
                0x00816754                alt_irq_register
 .text          0x00816914        0x0 ../WebServer_bsp/\libucosii_bsp.a(alt_irq_vars.o)
 .text          0x00816914      0x120 ../WebServer_bsp/\libucosii_bsp.a(alt_isatty.o)
                0x00816914                isatty
 .text          0x00816a34      0x150 ../WebServer_bsp/\libucosii_bsp.a(alt_lseek.o)
                0x00816a34                lseek
 .text          0x00816b84       0xc8 ../WebServer_bsp/\libucosii_bsp.a(alt_main.o)
                0x00816b84                alt_main
 .text          0x00816c4c      0x2c4 ../WebServer_bsp/\libucosii_bsp.a(alt_open.o)
                0x00816d28                open
 .text          0x00816f10       0x60 ../WebServer_bsp/\libucosii_bsp.a(alt_release_fd.o)
                0x00816f10                alt_release_fd
 .text          0x00816f70       0xbc ../WebServer_bsp/\libucosii_bsp.a(alt_sbrk.o)
                0x00816f70                sbrk
 .text          0x0081702c      0x1a8 ../WebServer_bsp/\libucosii_bsp.a(alt_tick.o)
                0x0081702c                alt_alarm_stop
                0x008170c4                alt_tick
 .text          0x008171d4      0x118 ../WebServer_bsp/\libucosii_bsp.a(alt_usleep.o)
                0x008171d4                usleep
 .text          0x008172ec      0x108 ../WebServer_bsp/\libucosii_bsp.a(alt_env_lock.o)
                0x008172ec                __env_lock
                0x00817398                __env_unlock
 .text          0x008173f4      0x1d8 ../WebServer_bsp/\libucosii_bsp.a(alt_malloc_lock.o)
                0x008173f4                __malloc_lock
                0x008174fc                __malloc_unlock
 .text          0x008175cc     0x2128 ../WebServer_bsp/\libucosii_bsp.a(os_core.o)
                0x008175cc                OSEventNameGet
                0x008176fc                OSEventNameSet
                0x00817840                OSEventPendMulti
                0x00817ef4                OSInit
                0x00817f48                OSIntEnter
                0x00817fc4                OSIntExit
                0x008180c4                OSSchedLock
                0x00818150                OSSchedUnlock
                0x00818234                OSStart
                0x008182a4                OSStatInit
                0x00818350                OSTimeTick
                0x00818590                OSVersion
                0x008185b0                OS_Dummy
                0x008185cc                OS_EventTaskRdy
                0x00818760                OS_EventTaskWait
                0x00818870                OS_EventTaskWaitMulti
                0x008189c4                OS_EventTaskRemove
                0x00818a7c                OS_EventTaskRemoveMulti
                0x00818b80                OS_EventWaitListInit
                0x00818f4c                OS_MemClr
                0x00818fa0                OS_MemCopy
                0x0081900c                OS_Sched
                0x00819150                OS_StrCopy
                0x008191d0                OS_StrLen
                0x00819228                OS_TaskIdle
                0x00819284                OS_TaskStat
                0x0081934c                OS_TaskStatStkChk
                0x00819414                OS_TCBInit
 .text          0x008196f4      0x18c ../WebServer_bsp/\libucosii_bsp.a(os_dbg.o)
                0x008196f4                OSDebugInit
 .text          0x00819880     0x193c ../WebServer_bsp/\libucosii_bsp.a(os_flag.o)
                0x00819880                OSFlagAccept
                0x00819bb4                OSFlagCreate
                0x00819cf0                OSFlagDel
                0x00819f98                OSFlagNameGet
                0x0081a0dc                OSFlagNameSet
                0x0081a230                OSFlagPend
                0x0081a874                OSFlagPendGetFlagsRdy
                0x0081a8dc                OSFlagPost
                0x0081ac84                OSFlagQuery
                0x0081af1c                OS_FlagInit
                0x0081b110                OS_FlagUnlink
 .text          0x0081b1bc      0xc8c ../WebServer_bsp/\libucosii_bsp.a(os_mbox.o)
                0x0081b1bc                OSMboxAccept
                0x0081b260                OSMboxCreate
                0x0081b374                OSMboxDel
                0x0081b614                OSMboxPend
                0x0081b8dc                OSMboxPendAbort
                0x0081ba58                OSMboxPost
                0x0081bb8c                OSMboxPostOpt
                0x0081bd18                OSMboxQuery
 .text          0x0081be48      0x808 ../WebServer_bsp/\libucosii_bsp.a(os_mem.o)
                0x0081be48                OSMemCreate
                0x0081c064                OSMemGet
                0x0081c168                OSMemNameGet
                0x0081c274                OSMemNameSet
                0x0081c394                OSMemPut
                0x0081c484                OSMemQuery
                0x0081c580                OS_MemInit
 .text          0x0081c650     0x1334 ../WebServer_bsp/\libucosii_bsp.a(os_q.o)
                0x0081c650                OSQAccept
                0x0081c7a4                OSQCreate
                0x0081c9b8                OSQDel
                0x0081ccb8                OSQFlush
                0x0081cd80                OSQPend
                0x0081d0a0                OSQPendAbort
                0x0081d21c                OSQPost
                0x0081d39c                OSQPostFront
                0x0081d524                OSQPostOpt
                0x0081d758                OSQQuery
                0x0081d8d8                OS_QInit
 .text          0x0081d984      0xbc8 ../WebServer_bsp/\libucosii_bsp.a(os_sem.o)
                0x0081d984                OSSemAccept
                0x0081da44                OSSemCreate
                0x0081db58                OSSemDel
                0x0081ddf8                OSSemPend
                0x0081e074                OSSemPendAbort
                0x0081e1f0                OSSemPost
                0x0081e318                OSSemQuery
                0x0081e448                OSSemSet
 .text          0x0081e54c     0x1a40 ../WebServer_bsp/\libucosii_bsp.a(os_task.o)
                0x0081e54c                OSTaskChangePrio
                0x0081eac0                OSTaskCreate
                0x0081ec94                OSTaskCreateExt
                0x0081ee94                OSTaskDel
                0x0081f2a0                OSTaskDelReq
                0x0081f410                OSTaskNameGet
                0x0081f5c8                OSTaskNameSet
                0x0081f78c                OSTaskResume
                0x0081f9a4                OSTaskStkChk
                0x0081fba0                OSTaskSuspend
                0x0081fdcc                OSTaskQuery
                0x0081ff10                OS_TaskStkClr
 .text          0x0081ff8c      0x670 ../WebServer_bsp/\libucosii_bsp.a(os_time.o)
                0x0081ff8c                OSTimeDly
                0x008200d8                OSTimeDlyHMSM
                0x00820324                OSTimeDlyResume
                0x00820534                OSTimeGet
                0x00820598                OSTimeSet
 .text          0x008205fc      0x138 ../WebServer_bsp/\libucosii_bsp.a(alt_sys_init.o)
                0x008205fc                alt_irq_init
                0x00820630                alt_sys_init
 .text          0x00820734      0x8c8 ../WebServer_bsp/\libucosii_bsp.a(altera_avalon_cfi_flash.o)
                0x00820734                alt_flash_cfi_init
                0x00820808                alt_flash_cfi_write
                0x00820ac8                alt_flash_cfi_get_info
                0x00820b58                alt_flash_cfi_read
                0x00820bc0                alt_write_value_to_flash
                0x00820d24                alt_flash_program_block
 .text          0x00820ffc     0x14a8 ../WebServer_bsp/\libucosii_bsp.a(altera_avalon_cfi_flash_table.o)
                0x00820ffc                alt_read_query_entry_8bit
                0x0082103c                alt_read_query_entry_16bit
                0x00821080                alt_read_query_entry_32bit
                0x008210c8                alt_write_flash_command_8bit_device_8bit_mode
                0x00821104                alt_write_flash_command_16bit_device_8bit_mode
                0x00821180                alt_write_flash_command_32bit_device_8bit_mode
                0x008211c8                alt_write_flash_command_16bit_device_16bit_mode
                0x0082120c                alt_write_flash_command_32bit_device_16bit_mode
                0x00821254                alt_write_flash_command_32bit_device_32bit_mode
                0x0082129c                alt_write_native_8bit
                0x008212d0                alt_write_native_16bit
                0x00821304                alt_write_native_32bit
                0x00821334                alt_set_flash_width_func
                0x00821514                alt_set_flash_algorithm_func
                0x0082163c                alt_read_cfi_table
                0x00821c1c                alt_read_cfi_width
                0x008223c8                alt_check_primary_table
 .text          0x008224a4      0x9e4 ../WebServer_bsp/\libucosii_bsp.a(altera_avalon_epcs_flash_controller.o)
                0x008224a4                alt_epcs_flash_init
                0x008228c0                alt_epcs_flash_write
                0x00822b40                alt_epcs_flash_get_info
                0x00822bd0                alt_epcs_flash_erase_block
                0x00822cd4                alt_epcs_flash_write_block
                0x00822df0                alt_epcs_flash_read
 .text          0x00822e88      0x148 ../WebServer_bsp/\libucosii_bsp.a(altera_avalon_jtag_uart_fd.o)
                0x00822e88                altera_avalon_jtag_uart_read_fd
                0x00822ee0                altera_avalon_jtag_uart_write_fd
                0x00822f38                altera_avalon_jtag_uart_close_fd
                0x00822f80                altera_avalon_jtag_uart_ioctl_fd
 .text          0x00822fd0      0x584 ../WebServer_bsp/\libucosii_bsp.a(altera_avalon_jtag_uart_init.o)
                0x00822fd0                altera_avalon_jtag_uart_init
                0x008234e0                altera_avalon_jtag_uart_close
 .text          0x00823554       0xf4 ../WebServer_bsp/\libucosii_bsp.a(altera_avalon_jtag_uart_ioctl.o)
                0x00823554                altera_avalon_jtag_uart_ioctl
 .text          0x00823648      0x2c0 ../WebServer_bsp/\libucosii_bsp.a(altera_avalon_jtag_uart_read.o)
                0x00823648                altera_avalon_jtag_uart_read
 .text          0x00823908      0x2dc ../WebServer_bsp/\libucosii_bsp.a(altera_avalon_jtag_uart_write.o)
                0x00823908                altera_avalon_jtag_uart_write
 .text          0x00823be4      0xf3c ../WebServer_bsp/\libucosii_bsp.a(altera_avalon_lcd_16207.o)
                0x008243b8                altera_avalon_lcd_16207_write
                0x008249bc                altera_avalon_lcd_16207_init
 .text          0x00824b20       0x58 ../WebServer_bsp/\libucosii_bsp.a(altera_avalon_lcd_16207_fd.o)
                0x00824b20                altera_avalon_lcd_16207_write_fd
 .text          0x00824b78      0x100 ../WebServer_bsp/\libucosii_bsp.a(altera_avalon_timer_sc.o)
                0x00824be8                alt_avalon_timer_sc_init
 .text          0x00824c78       0xf8 ../WebServer_bsp/\libucosii_bsp.a(altera_avalon_uart_fd.o)
                0x00824c78                altera_avalon_uart_read_fd
                0x00824cd0                altera_avalon_uart_write_fd
                0x00824d28                altera_avalon_uart_close_fd
 .text          0x00824d70      0x57c ../WebServer_bsp/\libucosii_bsp.a(altera_avalon_uart_init.o)
                0x00824d70                altera_avalon_uart_init
                0x0082528c                altera_avalon_uart_close
 .text          0x008252ec      0x310 ../WebServer_bsp/\libucosii_bsp.a(altera_avalon_uart_read.o)
                0x008252ec                altera_avalon_uart_read
 .text          0x008255fc      0x2a8 ../WebServer_bsp/\libucosii_bsp.a(altera_avalon_uart_write.o)
                0x008255fc                altera_avalon_uart_write
 .text          0x008258a4      0xb70 ../WebServer_bsp/\libucosii_bsp.a(altera_ro_zipfs.o)
                0x00825b18                check_directory_header
                0x00826070                alt_ro_zipfs_open
                0x00826108                alt_ro_zipfs_read
                0x00826204                alt_ro_zipfs_seek
                0x0082634c                alt_ro_zipfs_fstat
                0x008263bc                alt_ro_zipfs_check_valid
 .text          0x00826414      0x6d4 ../WebServer_bsp/\libucosii_bsp.a(epcs_commands.o)
                0x00826414                epcs_read_status_register
                0x00826474                epcs_sector_erase
                0x008265dc                epcs_read_buffer
                0x00826728                epcs_write_enable
                0x00826778                epcs_write_status_register
                0x008267dc                epcs_write_buffer
                0x0082694c                epcs_read_electronic_signature
                0x008269b8                epcs_read_device_id
                0x00826a38                epcs_enter_4_bytes_mode
                0x00826a90                epcs_exit_4_bytes_mode
 .text          0x00826ae8       0x54 ../WebServer_bsp/\libucosii_bsp.a(alt_iniche_close.o)
                0x00826ae8                close
 .text          0x00826b3c      0x144 ../WebServer_bsp/\libucosii_bsp.a(alt_iniche_dev.o)
                0x00826b3c                iniche_devices_init
 .text          0x00826c80       0x78 ../WebServer_bsp/\libucosii_bsp.a(alt_iniche_read.o)
                0x00826c80                read
 .text          0x00826cf8       0x70 ../WebServer_bsp/\libucosii_bsp.a(alt_iniche_write.o)
                0x00826cf8                write
 .text          0x00826d68      0xedc ../WebServer_bsp/\libucosii_bsp.a(ipnet.o)
                0x00826d68                Netinit
                0x008273b4                fixup_subnet_mask
                0x00827514                netclose
                0x008275fc                pktdemux
                0x008279d0                c_older
                0x00827aa0                ip2mac
 .text          0x00827c44      0x4b0 ../WebServer_bsp/\libucosii_bsp.a(ipstart.o)
                0x00827c44                ip_startup
                0x00827f28                exit_hook
                0x00827f94                ip_exit
                0x00828064                if_netnumber
 .text          0x008280f4     0x10e8 ../WebServer_bsp/\libucosii_bsp.a(igmp_cmn.o)
                0x008280f4                igmp_init
                0x008281e4                igmp_input
                0x008282dc                igmp_fasttimo
                0x00828510                igmp_send
                0x008287b8                igmp_joingroup
                0x00828a24                igmp_leavegroup
                0x00828aa0                igmp_validate
                0x00828dfc                igmp_print_stats
 .text          0x008291dc      0xbc8 ../WebServer_bsp/\libucosii_bsp.a(bsdsock.o)
                0x008291dc                bsd_accept
                0x00829314                bsd_getpeername
                0x00829440                bsd_getsockname
                0x0082956c                bsd_i_sockoptlen
                0x00829724                bsd_getsockopt
                0x00829844                bsd_ioctl
                0x00829948                bsd_inet_ntoa
                0x00829978                bsd_recvfrom
                0x00829ad8                bsd_select
                0x00829cb8                bsd_setsockopt
 .text          0x00829da4      0x118 ../WebServer_bsp/\libucosii_bsp.a(cksum.o)
                0x00829da4                ccksum
                0x00829e54                cksum
 .text          0x00829ebc      0xa9c ../WebServer_bsp/\libucosii_bsp.a(in_utils.o)
                0x00829ebc                do_trap
                0x00829ee8                nextarg
                0x00829f64                hexdump
                0x0082a0ac                print_ipad
                0x0082a120                print_uptime
                0x0082a24c                panic
                0x0082a290                print_eth
                0x0082a3f4                uslash
                0x0082a474                ns_printf
                0x0082a5f8                std_out
                0x0082a63c                con_page
                0x0082a72c                parse_args
 .text          0x0082a958      0x1c8 ../WebServer_bsp/\libucosii_bsp.a(netmain.o)
                0x0082a958                netmain
                0x0082aa4c                tk_netmain
                0x0082aad4                tk_nettick
 .text          0x0082ab20      0x5e8 ../WebServer_bsp/\libucosii_bsp.a(tk_crnos.o)
                0x0082ab20                TK_OSTimeDly
                0x0082ab4c                TK_OSTaskResume
                0x0082abbc                tcp_sleep
                0x0082ad5c                tcp_wakeup
                0x0082ae60                TK_OSTaskQuery
                0x0082aed4                tk_yield
                0x0082af00                tk_stats
 .text          0x0082b108     0x3294 ../WebServer_bsp/\libucosii_bsp.a(dhcpclnt.o)
                0x0082b108                dhc_get_srv_ipaddr
                0x0082b198                dhc_init
                0x0082b254                dhc_set_callback
                0x0082b298                dhc_upcall
                0x0082bac8                dhc_buildheader
                0x0082bce4                dhc_discover
                0x0082c1fc                dhc_rx_offer
                0x0082c300                dhc_request
                0x0082ce3c                dhc_setip
                0x0082d0bc                dhc_resetip
                0x0082d1a0                dhc_decline
                0x0082d384                dhc_extract_opts
                0x0082d640                dhc_second
                0x0082df30                dhc_halt
                0x0082dfb8                dhc_reclaim
                0x0082e188                dhc_state_init
                0x0082e1e8                dhc_alldone
                0x0082e278                dhc_ifacedone
                0x0082e2ec                dhc_set_state
 .text          0x0082e39c       0xcc ../WebServer_bsp/\libucosii_bsp.a(dhcputil.o)
                0x0082e39c                find_opt
 .text          0x0082e468      0x79c ../WebServer_bsp/\libucosii_bsp.a(pktalloc.o)
                0x0082e468                pk_init
                0x0082e6f8                pk_alloc
                0x0082e7d4                pk_validate
                0x0082ea8c                pk_free
                0x0082eb38                pk_get_max_intrsafe_buf_len
                0x0082eb58                dump_buf_estats
 .text          0x0082ec04      0x288 ../WebServer_bsp/\libucosii_bsp.a(q.o)
                0x0082ec04                getq
                0x0082eccc                putq
                0x0082ed7c                qdel
 .text          0x0082ee8c      0x31c ../WebServer_bsp/\libucosii_bsp.a(udp_open.o)
                0x0082ee8c                udp_open
                0x0082f0c4                udp_close
 .text          0x0082f1a8      0x194 ../WebServer_bsp/\libucosii_bsp.a(asm_cksum.o)
                0x0082f1a8                asm_cksum
 .text          0x0082f33c      0x2e4 ../WebServer_bsp/\libucosii_bsp.a(brdutils.o)
                0x0082f33c                dtrap
                0x0082f36c                kbhit
                0x0082f418                getch
                0x0082f478                clock_init
                0x0082f4b4                clock_c
                0x0082f4d0                cticks_hook
                0x0082f580                irq_Mask
                0x0082f5dc                irq_Unmask
 .text          0x0082f620      0x488 ../WebServer_bsp/\libucosii_bsp.a(osportco.o)
                0x0082f620                LOCK_NET_RESOURCE
                0x0082f6e0                UNLOCK_NET_RESOURCE
                0x0082f768                TK_NEWTASK
                0x0082f97c                wait_app_sem
                0x0082fa30                post_app_sem
 .text          0x0082faa8      0x568 ../WebServer_bsp/\libucosii_bsp.a(targnios.o)
                0x0082faa8                alt_iniche_init
                0x0082fcc4                pre_task_setup
                0x0082fd38                post_task_setup
                0x0082fd58                prep_armintcp
                0x0082fd90                calloc2
                0x0082fdc4                npalloc
                0x0082feb8                npfree
                0x0082ff70                ncpalloc
                0x0082ffc4                ncpfree
 .text          0x00830010     0x19b8 ../WebServer_bsp/\libucosii_bsp.a(nptcp.o)
                0x00830010                pffindtype
                0x008300b0                pffindproto
                0x00830180                m_getnbuf
                0x00830328                m_free
                0x0083045c                m_freem
                0x008304a0                m_copy
                0x008307c4                m_adj
                0x00830994                mbuf_len
                0x008309ec                dtom
                0x00830a94                remque
                0x00830b04                insque
                0x00830b80                nptcp_init
                0x00830ca4                tcp_rcv
                0x00830e90                ip_output
                0x00831488                in_broadcast
                0x008314c8                np_stripoptions
                0x008315b0                so_icmpdu
                0x00831908                tcp_tick
 .text          0x008319c8      0xa2c ../WebServer_bsp/\libucosii_bsp.a(rawsock.o)
                0x008319c8                rawip_lookup
                0x00831a38                rawip_soinput
                0x00831c0c                rawip_usrreq
 .text          0x008323f4     0x17fc ../WebServer_bsp/\libucosii_bsp.a(sockcall.o)
                0x008323f4                DOMAIN_CHECK
                0x00832440                t_socket
                0x008324d0                t_bind
                0x0083264c                t_listen
                0x00832730                t_accept
                0x008329c8                t_connect
                0x00832c70                t_getpeername
                0x00832cb4                t_getsockname
                0x00832ef4                t_setsockopt
                0x008330d0                t_getsockopt
                0x00833274                t_recv
                0x00833364                t_recvfrom
                0x008334b4                t_sendto
                0x008336e0                t_send
                0x00833908                t_shutdown
                0x008339ec                t_socketclose
                0x00833b54                t_errno
 .text          0x00833bf0     0x23ec ../WebServer_bsp/\libucosii_bsp.a(socket.o)
                0x00833bf0                socreate
                0x00833dbc                sobind
                0x00833e18                solisten
                0x00833f08                sofree
                0x00834038                soclose
                0x008343a4                soabort
                0x008343f4                soaccept
                0x00834490                soconnect
                0x00834564                sodisconnect
                0x00834604                sosend
                0x00834c0c                soreceive
                0x008353f0                soshutdown
                0x00835498                sorflush
                0x00835598                sosetopt
                0x00835a58                sogetopt
                0x00835f98                sohasoutofband
 .text          0x00835fdc     0x12f8 ../WebServer_bsp/\libucosii_bsp.a(socket2.o)
                0x00835fdc                soisconnecting
                0x00836048                soisconnected
                0x00836144                soisdisconnecting
                0x008361d0                soisdisconnected
                0x0083628c                sonewconn
                0x008364a8                soqinsque
                0x00836554                soqremque
                0x00836674                socantsendmore
                0x008366c4                socantrcvmore
                0x00836714                sbselqueue
                0x0083674c                sbwait
                0x008367b4                sbwakeup
                0x00836850                soreserve
                0x008368d0                sbreserve
                0x00836930                sbrelease
                0x00836978                sbappend
                0x00836a20                sbappendrecord
                0x00836b00                sbappendaddr
                0x00836ce8                sbcompress
                0x00836ed0                sbflush
                0x00836f60                sbdrop
                0x00837130                sbdropend
                0x00837240                sbdroprecord
 .text          0x008372d4      0x914 ../WebServer_bsp/\libucosii_bsp.a(soselect.o)
                0x008372d4                t_select
                0x008374f4                sock_selscan
                0x0083764c                sock_select
                0x00837860                in_pcbnotify
                0x0083792c                tcp_notify
                0x00837994                ifd_clr
                0x00837a84                ifd_set
                0x00837af8                ifd_isset
                0x00837b78                ifd_get
 .text          0x00837be8     0x3020 ../WebServer_bsp/\libucosii_bsp.a(tcp_in.o)
                0x00837be8                tcp_reass
                0x00837ff0                tcp_input
                0x0083a544                tcp_dooptions
                0x0083a6d4                tcp_pulloutofband
                0x0083a800                tcp_xmit_timer
                0x0083aaa4                ip4_tcpmss
                0x0083aaec                tcp_mss
 .text          0x0083ac08     0x1360 ../WebServer_bsp/\libucosii_bsp.a(tcp_out.o)
                0x0083ac08                tcp_output
                0x0083bd84                tcp_setpersist
 .text          0x0083bf68      0x9e8 ../WebServer_bsp/\libucosii_bsp.a(tcp_subr.o)
                0x0083bf68                tcp_init
                0x0083bfc0                tcp_template
                0x0083c0d8                tcp_respond
                0x0083c560                tcp_newtcpcb
                0x0083c678                tcp_drop
                0x0083c724                tcp_close
                0x0083c80c                tcp_quench
                0x0083c858                tcp_putseq
                0x0083c8d8                tcp_getseq
 .text          0x0083c950      0x798 ../WebServer_bsp/\libucosii_bsp.a(tcp_timr.o)
                0x0083c950                tcp_slowtimo
                0x0083cbf0                tcp_canceltimers
                0x0083cc4c                tcp_timers
 .text          0x0083d0e8      0x9ec ../WebServer_bsp/\libucosii_bsp.a(tcp_usr.o)
                0x0083d0e8                tcp_usrreq
                0x0083d7ec                tcp_attach
                0x0083d920                tcp_disconnect
                0x0083d9f4                tcp_usrclosed
 .text          0x0083dad4       0x4c ../WebServer_bsp/\libucosii_bsp.a(tcpport.o)
                0x0083dad4                tcpinit
 .text          0x0083db20      0xd20 ../WebServer_bsp/\libucosii_bsp.a(udpsock.o)
                0x0083db20                udp_lookup
                0x0083db90                udp_soinput
                0x0083dd48                udp_usrreq
                0x0083dfcc                udp4_sockbind
                0x0083e308                udp4_socksend
                0x0083e6e4                udp4_sockaddr
 .text          0x0083e840      0x154 ../WebServer_bsp/\libucosii_bsp.a(alt_alarm_start.o)
                0x0083e840                alt_alarm_start
 .text          0x0083e994      0x14c ../WebServer_bsp/\libucosii_bsp.a(alt_busy_sleep.o)
                0x0083e994                alt_busy_sleep
 .text          0x0083eae0      0x15c ../WebServer_bsp/\libucosii_bsp.a(alt_close.o)
                0x0083eae0                alt_close
 .text          0x0083ec3c       0x2c ../WebServer_bsp/\libucosii_bsp.a(alt_dev.o)
 .text          0x0083ec68      0x114 ../WebServer_bsp/\libucosii_bsp.a(alt_dev_llist_insert.o)
                0x0083ec68                alt_dev_llist_insert
 .text          0x0083ed7c       0x64 ../WebServer_bsp/\libucosii_bsp.a(alt_do_ctors.o)
                0x0083ed7c                _do_ctors
 .text          0x0083ede0       0x64 ../WebServer_bsp/\libucosii_bsp.a(alt_do_dtors.o)
                0x0083ede0                _do_dtors
 .text          0x0083ee44        0x0 ../WebServer_bsp/\libucosii_bsp.a(alt_errno.o)
 .text          0x0083ee44       0x94 ../WebServer_bsp/\libucosii_bsp.a(alt_find_dev.o)
                0x0083ee44                alt_find_dev
 .text          0x0083eed8      0x120 ../WebServer_bsp/\libucosii_bsp.a(alt_find_file.o)
                0x0083eed8                alt_find_file
 .text          0x0083eff8       0x90 ../WebServer_bsp/\libucosii_bsp.a(alt_fs_reg.o)
                0x0083eff8                alt_fs_reg
 .text          0x0083f088       0xf4 ../WebServer_bsp/\libucosii_bsp.a(alt_get_fd.o)
                0x0083f088                alt_get_fd
 .text          0x0083f17c      0x1d4 ../WebServer_bsp/\libucosii_bsp.a(alt_iic.o)
                0x0083f17c                alt_ic_isr_register
                0x0083f1cc                alt_ic_irq_enable
                0x0083f268                alt_ic_irq_disable
                0x0083f308                alt_ic_irq_enabled
 .text          0x0083f350       0xf8 ../WebServer_bsp/\libucosii_bsp.a(alt_iic_isr_register.o)
                0x0083f350                alt_iic_isr_register
 .text          0x0083f448      0x13c ../WebServer_bsp/\libucosii_bsp.a(alt_io_redirect.o)
                0x0083f50c                alt_io_redirect
 .text          0x0083f584        0x0 ../WebServer_bsp/\libucosii_bsp.a(alt_irq_entry.o)
 .text          0x0083f584        0x0 ../WebServer_bsp/\libucosii_bsp.a(alt_irq_handler.o)
 .text          0x0083f584      0x180 ../WebServer_bsp/\libucosii_bsp.a(alt_read.o)
                0x0083f584                alt_read
 .text          0x0083f704       0x38 ../WebServer_bsp/\libucosii_bsp.a(alt_remap_cached.o)
                0x0083f704                alt_remap_cached
 .text          0x0083f73c       0x40 ../WebServer_bsp/\libucosii_bsp.a(alt_remap_uncached.o)
                0x0083f73c                alt_remap_uncached
 .text          0x0083f77c      0x180 ../WebServer_bsp/\libucosii_bsp.a(alt_write.o)
                0x0083f77c                alt_write
 .text          0x0083f8fc       0x20 ../WebServer_bsp/\libucosii_bsp.a(altera_nios2_qsys_irq.o)
                0x0083f8fc                altera_nios2_qsys_irq_init
 .text          0x0083f91c       0xd0 ../WebServer_bsp/\libucosii_bsp.a(os_cpu_a.o)
                0x0083f91c                OSCtxSw
                0x0083f91c                OSIntCtxSw
                0x0083f9a8                OSStartHighRdy
                0x0083f9c8                OSStartTsk
 .text          0x0083f9ec      0x424 ../WebServer_bsp/\libucosii_bsp.a(os_cpu_c.o)
                0x0083f9ec                OSTaskStkInit
                0x0083fcfc                OSTaskCreateHook
                0x0083fd1c                OSTaskDelHook
                0x0083fd3c                OSTaskSwHook
                0x0083fd58                OSTaskStatHook
                0x0083fd74                OSTimeTickHook
                0x0083fd9c                OSInitHookBegin
                0x0083fdb8                OSInitHookEnd
                0x0083fdd4                OSTaskIdleHook
                0x0083fdf0                OSTCBInitHook
 .text          0x0083fe10      0x460 ../WebServer_bsp/\libucosii_bsp.a(altera_avalon_cfi_flash_amd.o)
                0x0083fe10                alt_program_amd
                0x0083fe78                alt_erase_block_amd
 .text          0x00840270      0x460 ../WebServer_bsp/\libucosii_bsp.a(altera_avalon_cfi_flash_intel.o)
                0x00840270                alt_program_intel
                0x008402f4                alt_erase_block_intel
 .text          0x008406d0      0x238 ../WebServer_bsp/\libucosii_bsp.a(altera_avalon_spi.o)
                0x008406d0                alt_avalon_spi_command
 .text          0x00840908      0x444 ../WebServer_bsp/\libucosii_bsp.a(allports.o)
                0x00840908                netmain_init
                0x00840a04                icmp_port_du
                0x00840a8c                station_state
                0x00840bf0                sysuptime
                0x00840c84                packet_check
                0x00840cd0                mcastlist
                0x00840cf4                prep_modules
 .text          0x00840d4c      0x580 ../WebServer_bsp/\libucosii_bsp.a(timeouts.o)
                0x00840d4c                inet_timer
                0x0084104c                in_timerset
                0x00841224                in_timerkill
 .text          0x008412cc       0xa4 ../WebServer_bsp/\libucosii_bsp.a(tk_misc.o)
                0x008412cc                create_apptasks
                0x008412f0                task_stats
 .text          0x00841370       0xb0 ../WebServer_bsp/\libucosii_bsp.a(alt_iniche_fcntl.o)
                0x00841370                fcntl
 .text          0x00841420     0x15b0 ../WebServer_bsp/\libucosii_bsp.a(et_arp.o)
                0x00841420                etainit
                0x00841474                et_send
                0x008415f0                arp_free_pending
                0x00841678                arp_send_pending
                0x008416ec                send_arp
                0x00841b84                find_oldest_arp
                0x00841d80                make_arp_entry
                0x00841e94                arpReply
                0x00842128                arprcv
                0x00842388                send_via_arp
                0x00842558                cb_arpent_tmo
                0x00842704                grat_arp
 .text          0x008429d0      0x298 ../WebServer_bsp/\libucosii_bsp.a(iface.o)
                0x008429d0                if_getbynum
                0x00842a54                isbcast
                0x00842b34                reg_type
                0x00842bd0                if_killsocks
 .text          0x00842c68     0x22a4 ../WebServer_bsp/\libucosii_bsp.a(ip.o)
                0x00842c68                ip_init
                0x00842d64                ip_bldhead
                0x00842f08                ip_write_internal
                0x00843688                ip_write
                0x008438d0                ip_write2
                0x00843c80                ip_raw_write
                0x00843d58                ip_fragment_lc
                0x008441e0                ip_fragment
                0x00844804                ip_mymach
                0x008448b0                ip_dump
                0x00844b68                iproute
                0x00844dd4                ip_copypkt
 .text          0x00844f0c     0x1e08 ../WebServer_bsp/\libucosii_bsp.a(ip_reasm.o)
                0x00844f0c                ip_reasm_match_frag_with_ire
                0x00844fdc                ip_reasm_determine_type_of_frag
                0x008450c8                ip_reasm_check_mem_useage
                0x00845160                ip_reasm_incr_mem_useage
                0x00845208                ip_reasm_decr_mem_useage
                0x008452a8                ip_reasm_process_first_fragment
                0x00845588                ip_reassm
                0x00845628                ip_reasm_compute_overlap
                0x00845bb8                ip_reasm_process_subsequent_fragments
                0x0084614c                ip_reasm_find_ire
                0x008461b0                ip_reasm_copy_queued_fragments_into_reassy_buffer
                0x0084650c                ip_reasm_process_timer_tick
                0x0084662c                ip_reasm_delete_ire
                0x008467f4                ip_reasm_mark_compact_rfq
                0x0084693c                ipr_stats
                0x00846cc0                ip_reasm_send_icmp_timex
 .text          0x00846d14      0xe3c ../WebServer_bsp/\libucosii_bsp.a(ipdemux.o)
                0x00846d14                ip_rcv
                0x00847114                ip_rcv_phase2
                0x00847720                ip_demux
 .text          0x00847b50      0x2f0 ../WebServer_bsp/\libucosii_bsp.a(ipmc.o)
                0x00847b50                in_addmulti
                0x00847cb8                in_delmulti
                0x00847dd0                lookup_mcast
 .text          0x00847e40       0xe4 ../WebServer_bsp/\libucosii_bsp.a(ipport.o)
                0x00847e40                prep_ifaces
                0x00847ed4                netexit
                0x00847efc                evtmap_setup
 .text          0x00847f24      0x550 ../WebServer_bsp/\libucosii_bsp.a(ipraw.o)
                0x00847f24                ip_raw_open
                0x00848014                ip_raw_close
                0x008480d4                ip_raw_input
                0x0084830c                ip_raw_alloc
                0x008483d8                ip_raw_free
                0x00848418                ip_raw_maxalloc
 .text          0x00848474      0x6f0 ../WebServer_bsp/\libucosii_bsp.a(iproute.o)
                0x00848474                rt_lookup
                0x008485f8                add_route
                0x00848a20                del_route
 .text          0x00848b64      0xe3c ../WebServer_bsp/\libucosii_bsp.a(udp.o)
                0x00848b64                udpdemux
                0x008493bc                udp_send
                0x00849674                udpswap
                0x008497a4                udp_socket
                0x00849874                udp_alloc
                0x00849934                udp_maxalloc
                0x00849960                udp_free
 .text          0x008499a0      0x2e8 ../WebServer_bsp/\libucosii_bsp.a(igmp.o)
                0x008499a0                igmpv1_input
 .text          0x00849c88      0x7c0 ../WebServer_bsp/\libucosii_bsp.a(igmp2.o)
                0x00849c88                igmpv2_input
                0x00849de8                igmpv2_process_report
                0x00849f34                igmpv2_process_query
                0x0084a180                igmpv2_chk_set_timer
                0x0084a2d8                igmpv2_chk4_rtr_alert_opt
 .text          0x0084a448      0x8fc ../WebServer_bsp/\libucosii_bsp.a(ipopt.o)
                0x0084a448                IPADDR_TO_NETP
                0x0084a590                ip_setmoptions
                0x0084ab80                ip_getmoptions
                0x0084acc0                ip_freemoptions
 .text          0x0084ad44      0x6e8 ../WebServer_bsp/\libucosii_bsp.a(u_mctest.o)
                0x0084ad44                u_mctest_init
                0x0084ad74                u_mctest_run
 .text          0x0084b42c      0x3d0 ../WebServer_bsp/\libucosii_bsp.a(dhcsetup.o)
                0x0084b42c                dhc_setup
                0x0084b6f8                dhc_main_ipset
 .text          0x0084b7fc      0x40c ../WebServer_bsp/\libucosii_bsp.a(memdev.o)
                0x0084b7fc                init_memdev
                0x0084b874                md_fopen
                0x0084b89c                md_fclose
                0x0084b8bc                md_fread
                0x0084ba3c                md_fwrite
                0x0084babc                md_fseek
                0x0084bae8                md_ftell
                0x0084bb0c                md_fgetc
                0x0084bbe4                md_unlink
 .text          0x0084bc08      0x810 ../WebServer_bsp/\libucosii_bsp.a(parseip.o)
                0x0084bc08                parse_ipad
                0x0084bf24                inet_addr
                0x0084bf8c                hextoa
                0x0084bffc                inet_pton
                0x0084c0a8                inet_ntop
                0x0084c134                print46_addr
                0x0084c194                inet46_addr
                0x0084c258                inet_setport
                0x0084c2cc                convert_ip
 .text          0x0084c418      0x1cc ../WebServer_bsp/\libucosii_bsp.a(tcpcksum.o)
                0x0084c418                tcp_cksum
 .text          0x0084c5e4      0x900 ../WebServer_bsp/\libucosii_bsp.a(in_pcb.o)
                0x0084c5e4                in_pcballoc
                0x0084c678                in_pcbdetach
                0x0084c6cc                in_pcbbind
                0x0084c920                in_pcbconnect
                0x0084cb30                in_pcbdisconnect
                0x0084cb90                in_setsockaddr
                0x0084cc0c                in_setpeeraddr
                0x0084cc88                in_pcblookup
 .text          0x0084cee4     0x1a74 ../WebServer_bsp/\libucosii_bsp.a(vfsfiles.o)
                0x0084cee4                set_vfopen_error
                0x0084cf0c                get_vfopen_error
                0x0084cf2c                vf_alloc_and_link_vop
                0x0084cfa8                vf_alloc_buffer
                0x0084d080                vf_free_buffer
                0x0084d0d0                vfopen_locked
                0x0084d438                vfopen
                0x0084d488                vfclose_locked
                0x0084d630                vfclose
                0x0084d670                vfflush
                0x0084d6b8                vfgets
                0x0084d79c                vfeof
                0x0084d7f4                vunlink_flag_open_files
                0x0084d850                vunlink
                0x0084da70                vfread
                0x0084dc1c                vfwrite_locked
                0x0084e004                vfwrite
                0x0084e064                vfseek
                0x0084e1e0                vftell
                0x0084e314                vgetc_locked
                0x0084e434                vgetc
                0x0084e47c                vfslookup_locked
                0x0084e5b4                vfslookup
                0x0084e5fc                strippath
                0x0084e7e4                isvfile_locked
                0x0084e848                isvfile
                0x0084e890                vferror
                0x0084e8fc                vclearerr
 .text          0x0084e958       0x24 ../WebServer_bsp/\libucosii_bsp.a(vfsport.o)
                0x0084e958                prep_vfs
 .text          0x0084e97c        0x0 ../WebServer_bsp/\libucosii_bsp.a(alt_exception_entry.o)
 .text          0x0084e97c      0x1b4 ../WebServer_bsp/\libucosii_bsp.a(alt_fcntl.o)
                0x0084e97c                alt_fcntl
 .text          0x0084eb30     0x130c ../WebServer_bsp/\libucosii_bsp.a(icmp.o)
                0x0084eb30                icmprcv
                0x0084f764                icmp_destun
                0x0084fab4                icmp_timex
                0x0084fde8                icmp_du
 .text          0x0084fe3c       0x14 c:/altera/13.0/nios2eds/bin/gnu/h-i686-mingw32/bin/../lib/gcc/nios2-elf/4.1.2/../../../../nios2-elf/lib\libc.a(lib_a-atexit.o)
                0x0084fe3c                atexit
 .text          0x0084fe50       0x1c c:/altera/13.0/nios2eds/bin/gnu/h-i686-mingw32/bin/../lib/gcc/nios2-elf/4.1.2/../../../../nios2-elf/lib\libc.a(lib_a-calloc.o)
                0x0084fe50                calloc
 .text          0x0084fe6c       0x38 c:/altera/13.0/nios2eds/bin/gnu/h-i686-mingw32/bin/../lib/gcc/nios2-elf/4.1.2/../../../../nios2-elf/lib\libc.a(lib_a-exit.o)
                0x0084fe6c                exit
 .text          0x0084fea4       0x28 c:/altera/13.0/nios2eds/bin/gnu/h-i686-mingw32/bin/../lib/gcc/nios2-elf/4.1.2/../../../../nios2-elf/lib\libc.a(lib_a-malloc.o)
                0x0084fea4                free
                0x0084feb8                malloc
 .text          0x0084fecc       0x34 c:/altera/13.0/nios2eds/bin/gnu/h-i686-mingw32/bin/../lib/gcc/nios2-elf/4.1.2/../../../../nios2-elf/lib\libc.a(lib_a-vprintf.o)
                0x0084fecc                _vprintf_r
                0x0084fee0                vprintf
 .text          0x0084ff00       0x74 c:/altera/13.0/nios2eds/bin/gnu/h-i686-mingw32/bin/../lib/gcc/nios2-elf/4.1.2/../../../../nios2-elf/lib\libc.a(lib_a-vsprintf.o)
                0x0084ff00                _vsprintf_r
                0x0084ff50                vsprintf
 .text          0x0084ff74      0x134 c:/altera/13.0/nios2eds/bin/gnu/h-i686-mingw32/bin/../lib/gcc/nios2-elf/4.1.2/../../../../nios2-elf/lib\libc.a(lib_a-__atexit.o)
                0x0084ff74                __register_exitproc
 .text          0x008500a8      0x1b4 c:/altera/13.0/nios2eds/bin/gnu/h-i686-mingw32/bin/../lib/gcc/nios2-elf/4.1.2/../../../../nios2-elf/lib\libc.a(lib_a-__call_atexit.o)
                0x008500ac                __call_exitprocs
 .text          0x0085025c       0x6c ../WebServer_bsp/\libucosii_bsp.a(alt_exit.o)
                0x0085029c                _exit
 *(.gnu.warning.*)
 *(.fini)
                0x008502c8                PROVIDE (__etext, ABSOLUTE (.))
                0x008502c8                PROVIDE (_etext, ABSOLUTE (.))
                0x008502c8                PROVIDE (etext, ABSOLUTE (.))
 *(.eh_frame_hdr)
                0x008502c8                . = ALIGN (0x4)
                0x008502c8                PROVIDE (__preinit_array_start, ABSOLUTE (.))
 *(.preinit_array)
                0x008502c8                PROVIDE (__preinit_array_end, ABSOLUTE (.))
                0x008502c8                PROVIDE (__init_array_start, ABSOLUTE (.))
 *(.init_array)
                0x008502c8                PROVIDE (__init_array_end, ABSOLUTE (.))
                0x008502c8                PROVIDE (__fini_array_start, ABSOLUTE (.))
 *(.fini_array)
                0x008502c8                PROVIDE (__fini_array_end, ABSOLUTE (.))
 *(.eh_frame)
 *(.gcc_except_table)
 *(.dynamic)
                0x008502c8                PROVIDE (__CTOR_LIST__, ABSOLUTE (.))
 *(.ctors)
 *(SORT(.ctors.*))
 .ctors.65535   0x008502c8        0x4 c:/altera/13.0/nios2eds/bin/gnu/h-i686-mingw32/bin/../lib/gcc/nios2-elf/4.1.2/../../../../nios2-elf/lib\libc.a(lib_a-__call_atexit.o)
                0x008502cc                PROVIDE (__CTOR_END__, ABSOLUTE (.))
                0x008502cc                PROVIDE (__DTOR_LIST__, ABSOLUTE (.))
 *(.dtors)
 *(SORT(.dtors.*))
                0x008502cc                PROVIDE (__DTOR_END__, ABSOLUTE (.))
 *(.jcr)
                0x008502cc                . = ALIGN (0x4)

.rodata         0x008502cc     0x42dc
                0x008502cc                PROVIDE (__ram_rodata_start, ABSOLUTE (.))
                0x008502cc                . = ALIGN (0x4)
 *(.rodata .rodata.* .gnu.linkonce.r.*)
 .rodata        0x008502cc      0x654 obj/default/alt_error_handler.o
 .rodata        0x00850920       0x64 obj/default/dm9000a.o
 .rodata        0x00850984      0x838 obj/default/http.o
 .rodata        0x008511bc      0x23c obj/default/network_utilities.o
 .rodata        0x008513f8      0x1ac obj/default/srec_flash.o
 .rodata        0x008515a4       0x7c obj/default/web_server.o
 .rodata        0x00851620       0x14 c:/altera/13.0/nios2eds/bin/gnu/h-i686-mingw32/bin/../lib/gcc/nios2-elf/4.1.2\libgcc.a(_thenan_df.o)
                0x00851620                __thenan_df
 .rodata        0x00851634      0x100 c:/altera/13.0/nios2eds/bin/gnu/h-i686-mingw32/bin/../lib/gcc/nios2-elf/4.1.2\libgcc.a(_clz.o)
                0x00851634                __clz_tab
 .rodata        0x00851734      0x284 c:/altera/13.0/nios2eds/bin/gnu/h-i686-mingw32/bin/../lib/gcc/nios2-elf/4.1.2/../../../../nios2-elf/lib\libc.a(lib_a-ctype_.o)
                0x00851734                _ctype_
 .rodata.str1.4
                0x008519b8        0x2 c:/altera/13.0/nios2eds/bin/gnu/h-i686-mingw32/bin/../lib/gcc/nios2-elf/4.1.2/../../../../nios2-elf/lib\libc.a(lib_a-impure.o)
                                  0x4 (size before relaxing)
 *fill*         0x008519ba        0x2 00
 .rodata.str1.4
                0x008519bc        0x3 c:/altera/13.0/nios2eds/bin/gnu/h-i686-mingw32/bin/../lib/gcc/nios2-elf/4.1.2/../../../../nios2-elf/lib\libc.a(lib_a-perror.o)
                                  0x4 (size before relaxing)
 *fill*         0x008519bf        0x1 00
 .rodata.str1.4
                0x008519c0        0x2 c:/altera/13.0/nios2eds/bin/gnu/h-i686-mingw32/bin/../lib/gcc/nios2-elf/4.1.2/../../../../nios2-elf/lib\libc.a(lib_a-puts.o)
                                  0x4 (size before relaxing)
 *fill*         0x008519c2        0x2 00
 .rodata.str1.4
                0x008519c4      0x7a2 c:/altera/13.0/nios2eds/bin/gnu/h-i686-mingw32/bin/../lib/gcc/nios2-elf/4.1.2/../../../../nios2-elf/lib\libc.a(lib_a-strerror.o)
                                0x7a8 (size before relaxing)
 *fill*         0x00852166        0x2 00
 .rodata.str1.4
                0x00852168       0x5e c:/altera/13.0/nios2eds/bin/gnu/h-i686-mingw32/bin/../lib/gcc/nios2-elf/4.1.2/../../../../nios2-elf/lib\libc.a(lib_a-vfprintf.o)
                                 0x60 (size before relaxing)
 *fill*         0x008521c6        0x2 00
 .rodata        0x008521c8       0x20 c:/altera/13.0/nios2eds/bin/gnu/h-i686-mingw32/bin/../lib/gcc/nios2-elf/4.1.2/../../../../nios2-elf/lib\libc.a(lib_a-vfprintf.o)
 .rodata.str1.4
                0x008521e8        0x5 c:/altera/13.0/nios2eds/bin/gnu/h-i686-mingw32/bin/../lib/gcc/nios2-elf/4.1.2/../../../../nios2-elf/lib\libc.a(lib_a-vfscanf.o)
                                  0x8 (size before relaxing)
 *fill*         0x008521ed        0x3 00
 .rodata        0x008521f0       0x24 c:/altera/13.0/nios2eds/bin/gnu/h-i686-mingw32/bin/../lib/gcc/nios2-elf/4.1.2/../../../../nios2-elf/lib\libc.a(lib_a-vfscanf.o)
 .rodata.str1.4
                0x00852214       0x10 c:/altera/13.0/nios2eds/bin/gnu/h-i686-mingw32/bin/../lib/gcc/nios2-elf/4.1.2/../../../../nios2-elf/lib\libc.a(lib_a-dtoa.o)
                                 0x14 (size before relaxing)
 .rodata.str1.4
                0x00852224        0xf c:/altera/13.0/nios2eds/bin/gnu/h-i686-mingw32/bin/../lib/gcc/nios2-elf/4.1.2/../../../../nios2-elf/lib\libc.a(lib_a-locale.o)
                                 0x18 (size before relaxing)
 *fill*         0x00852233        0x1 00
 .rodata        0x00852234       0x30 c:/altera/13.0/nios2eds/bin/gnu/h-i686-mingw32/bin/../lib/gcc/nios2-elf/4.1.2/../../../../nios2-elf/lib\libc.a(lib_a-locale.o)
 .rodata.str1.4
                0x00000000        0x4 c:/altera/13.0/nios2eds/bin/gnu/h-i686-mingw32/bin/../lib/gcc/nios2-elf/4.1.2/../../../../nios2-elf/lib\libc.a(lib_a-mbrtowc.o)
 .rodata        0x00852264      0x124 c:/altera/13.0/nios2eds/bin/gnu/h-i686-mingw32/bin/../lib/gcc/nios2-elf/4.1.2/../../../../nios2-elf/lib\libc.a(lib_a-mprec.o)
                0x00852264                __mprec_tens
                0x0085232c                __mprec_bigtens
                0x00852354                __mprec_tinytens
 .rodata.str1.4
                0x00852388        0xf c:/altera/13.0/nios2eds/bin/gnu/h-i686-mingw32/bin/../lib/gcc/nios2-elf/4.1.2/../../../../nios2-elf/lib\libc.a(lib_a-strtod.o)
                                 0x10 (size before relaxing)
 *fill*         0x00852397        0x1 00
 .rodata        0x00852398       0x28 c:/altera/13.0/nios2eds/bin/gnu/h-i686-mingw32/bin/../lib/gcc/nios2-elf/4.1.2/../../../../nios2-elf/lib\libc.a(lib_a-strtod.o)
 .rodata.str1.4
                0x008523c0       0x1c c:/altera/13.0/nios2eds/bin/gnu/h-i686-mingw32/bin/../lib/gcc/nios2-elf/4.1.2/../../../../nios2-elf/lib\libc.a(lib_a-gdtoa-gethex.o)
 .rodata        0x008523dc       0x14 ../WebServer_bsp/\libucosii_bsp.a(alt_main.o)
 .rodata        0x008523f0      0x120 ../WebServer_bsp/\libucosii_bsp.a(os_core.o)
                0x008523f0                OSUnMapTbl
 .rodata        0x00852510       0x70 ../WebServer_bsp/\libucosii_bsp.a(alt_sys_init.o)
 .rodata        0x00852580       0xd8 ../WebServer_bsp/\libucosii_bsp.a(ipnet.o)
 .rodata        0x00852658       0xec ../WebServer_bsp/\libucosii_bsp.a(ipstart.o)
 .rodata        0x00852744      0x54c ../WebServer_bsp/\libucosii_bsp.a(igmp_cmn.o)
 .rodata        0x00852c90       0xb8 ../WebServer_bsp/\libucosii_bsp.a(in_utils.o)
 .rodata        0x00852d48       0x34 ../WebServer_bsp/\libucosii_bsp.a(netmain.o)
 .rodata        0x00852d7c      0x1a8 ../WebServer_bsp/\libucosii_bsp.a(tk_crnos.o)
 .rodata        0x00852f24        0x8 ../WebServer_bsp/\libucosii_bsp.a(dhcpclnt.o)
 .rodata        0x00852f2c      0x118 ../WebServer_bsp/\libucosii_bsp.a(pktalloc.o)
 .rodata        0x00853044       0x84 ../WebServer_bsp/\libucosii_bsp.a(udp_open.o)
 .rodata        0x008530c8       0x2c ../WebServer_bsp/\libucosii_bsp.a(brdutils.o)
 .rodata        0x008530f4      0x26c ../WebServer_bsp/\libucosii_bsp.a(osportco.o)
 .rodata        0x00853360       0xa0 ../WebServer_bsp/\libucosii_bsp.a(targnios.o)
 .rodata        0x00853400       0x90 ../WebServer_bsp/\libucosii_bsp.a(nptcp.o)
 .rodata        0x00853490        0x8 ../WebServer_bsp/\libucosii_bsp.a(sockcall.o)
 .rodata        0x00853498       0x50 ../WebServer_bsp/\libucosii_bsp.a(socket.o)
 .rodata        0x008534e8       0x40 ../WebServer_bsp/\libucosii_bsp.a(socket2.o)
 .rodata        0x00853528       0x20 ../WebServer_bsp/\libucosii_bsp.a(tcp_in.o)
 .rodata        0x00853548       0x40 ../WebServer_bsp/\libucosii_bsp.a(tcp_out.o)
 .rodata        0x00853588       0x24 ../WebServer_bsp/\libucosii_bsp.a(tcp_subr.o)
 .rodata        0x008535ac       0x2c ../WebServer_bsp/\libucosii_bsp.a(tcp_usr.o)
 .rodata        0x008535d8        0xc ../WebServer_bsp/\libucosii_bsp.a(alt_dev.o)
 .rodata        0x008535e4        0x4 ../WebServer_bsp/\libucosii_bsp.a(os_cpu_c.o)
 .rodata        0x008535e8      0x1d4 ../WebServer_bsp/\libucosii_bsp.a(allports.o)
 .rodata        0x008537bc       0x34 ../WebServer_bsp/\libucosii_bsp.a(tk_misc.o)
 .rodata        0x008537f0       0x44 ../WebServer_bsp/\libucosii_bsp.a(et_arp.o)
 .rodata        0x00853834      0x1dc ../WebServer_bsp/\libucosii_bsp.a(ip.o)
 .rodata        0x00853a10      0x158 ../WebServer_bsp/\libucosii_bsp.a(ip_reasm.o)
 .rodata        0x00853b68      0x120 ../WebServer_bsp/\libucosii_bsp.a(ipdemux.o)
 .rodata        0x00853c88       0x34 ../WebServer_bsp/\libucosii_bsp.a(ipport.o)
 .rodata        0x00853cbc       0x24 ../WebServer_bsp/\libucosii_bsp.a(ipraw.o)
 .rodata        0x00853ce0       0x38 ../WebServer_bsp/\libucosii_bsp.a(iproute.o)
 .rodata        0x00853d18       0xe8 ../WebServer_bsp/\libucosii_bsp.a(udp.o)
 .rodata        0x00853e00      0x2d0 ../WebServer_bsp/\libucosii_bsp.a(u_mctest.o)
 .rodata        0x008540d0       0xf8 ../WebServer_bsp/\libucosii_bsp.a(dhcsetup.o)
 .rodata        0x008541c8       0x94 ../WebServer_bsp/\libucosii_bsp.a(parseip.o)
 .rodata        0x0085425c       0x34 ../WebServer_bsp/\libucosii_bsp.a(vfsfiles.o)
 .rodata        0x00854290      0x318 ../WebServer_bsp/\libucosii_bsp.a(icmp.o)
 *(.rodata1)
                0x008545a8                . = ALIGN (0x4)
                0x008545a8                PROVIDE (__ram_rodata_end, ABSOLUTE (.))
                0x008502cc                PROVIDE (__flash_rodata_start, LOADADDR (.rodata))

.rwdata         0x008545a8     0x21c0
                0x008545a8                PROVIDE (__ram_rwdata_start, ABSOLUTE (.))
                0x008545a8                . = ALIGN (0x4)
 *(.got.plt)
 *(.got)
 *(.data1)
 *(.data .data.* .gnu.linkonce.d.*)
 .data          0x008545a8        0x0 ../WebServer_bsp//obj/HAL/src/crt0.o
 .data          0x008545a8        0x0 obj/default/alt_error_handler.o
 .data          0x008545a8        0x0 obj/default/dm9000a.o
 .data          0x008545a8        0x0 obj/default/http.o
 .data          0x008545a8        0x0 obj/default/network_utilities.o
 .data          0x008545a8        0x0 obj/default/srec_flash.o
 .data          0x008545a8       0x18 obj/default/web_server.o