Archive member included because of file (symbol)

e:/altera/13.0sp1_new/nios2eds/bin/gnu/h-i686-mingw32/bin/../lib/gcc/nios2-elf/4.1.2\libgcc.a(_fixunsdfsi.o)
                              obj/default/dm9000a.o (__fixunsdfsi)
e:/altera/13.0sp1_new/nios2eds/bin/gnu/h-i686-mingw32/bin/../lib/gcc/nios2-elf/4.1.2\libgcc.a(_addsub_df.o)
                              e:/altera/13.0sp1_new/nios2eds/bin/gnu/h-i686-mingw32/bin/../lib/gcc/nios2-elf/4.1.2\libgcc.a(_fixunsdfsi.o) (__subdf3)
e:/altera/13.0sp1_new/nios2eds/bin/gnu/h-i686-mingw32/bin/../lib/gcc/nios2-elf/4.1.2\libgcc.a(_mul_df.o)
                              obj/default/dm9000a.o (__muldf3)
e:/altera/13.0sp1_new/nios2eds/bin/gnu/h-i686-mingw32/bin/../lib/gcc/nios2-elf/4.1.2\libgcc.a(_ge_df.o)
                              e:/altera/13.0sp1_new/nios2eds/bin/gnu/h-i686-mingw32/bin/../lib/gcc/nios2-elf/4.1.2\libgcc.a(_fixunsdfsi.o) (__gedf2)
e:/altera/13.0sp1_new/nios2eds/bin/gnu/h-i686-mingw32/bin/../lib/gcc/nios2-elf/4.1.2\libgcc.a(_df_to_si.o)
                              e:/altera/13.0sp1_new/nios2eds/bin/gnu/h-i686-mingw32/bin/../lib/gcc/nios2-elf/4.1.2\libgcc.a(_fixunsdfsi.o) (__fixdfsi)
e:/altera/13.0sp1_new/nios2eds/bin/gnu/h-i686-mingw32/bin/../lib/gcc/nios2-elf/4.1.2\libgcc.a(_thenan_df.o)
                              e:/altera/13.0sp1_new/nios2eds/bin/gnu/h-i686-mingw32/bin/../lib/gcc/nios2-elf/4.1.2\libgcc.a(_addsub_df.o) (__thenan_df)
e:/altera/13.0sp1_new/nios2eds/bin/gnu/h-i686-mingw32/bin/../lib/gcc/nios2-elf/4.1.2\libgcc.a(_usi_to_df.o)
                              obj/default/dm9000a.o (__floatunsidf)
e:/altera/13.0sp1_new/nios2eds/bin/gnu/h-i686-mingw32/bin/../lib/gcc/nios2-elf/4.1.2\libgcc.a(lib2-divmod.o)
                              obj/default/srec_flash.o (__divsi3)
e:/altera/13.0sp1_new/nios2eds/bin/gnu/h-i686-mingw32/bin/../lib/gcc/nios2-elf/4.1.2\libgcc.a(_muldi3.o)
                              e:/altera/13.0sp1_new/nios2eds/bin/gnu/h-i686-mingw32/bin/../lib/gcc/nios2-elf/4.1.2\libgcc.a(_mul_df.o) (__muldi3)
e:/altera/13.0sp1_new/nios2eds/bin/gnu/h-i686-mingw32/bin/../lib/gcc/nios2-elf/4.1.2\libgcc.a(_clzsi2.o)
                              e:/altera/13.0sp1_new/nios2eds/bin/gnu/h-i686-mingw32/bin/../lib/gcc/nios2-elf/4.1.2\libgcc.a(_usi_to_df.o) (__clzsi2)
e:/altera/13.0sp1_new/nios2eds/bin/gnu/h-i686-mingw32/bin/../lib/gcc/nios2-elf/4.1.2\libgcc.a(_pack_df.o)
                              e:/altera/13.0sp1_new/nios2eds/bin/gnu/h-i686-mingw32/bin/../lib/gcc/nios2-elf/4.1.2\libgcc.a(_addsub_df.o) (__pack_d)
e:/altera/13.0sp1_new/nios2eds/bin/gnu/h-i686-mingw32/bin/../lib/gcc/nios2-elf/4.1.2\libgcc.a(_unpack_df.o)
                              e:/altera/13.0sp1_new/nios2eds/bin/gnu/h-i686-mingw32/bin/../lib/gcc/nios2-elf/4.1.2\libgcc.a(_addsub_df.o) (__unpack_d)
e:/altera/13.0sp1_new/nios2eds/bin/gnu/h-i686-mingw32/bin/../lib/gcc/nios2-elf/4.1.2\libgcc.a(_fpcmp_parts_df.o)
                              e:/altera/13.0sp1_new/nios2eds/bin/gnu/h-i686-mingw32/bin/../lib/gcc/nios2-elf/4.1.2\libgcc.a(_ge_df.o) (__fpcmp_parts_d)
e:/altera/13.0sp1_new/nios2eds/bin/gnu/h-i686-mingw32/bin/../lib/gcc/nios2-elf/4.1.2\libgcc.a(_clz.o)
                              e:/altera/13.0sp1_new/nios2eds/bin/gnu/h-i686-mingw32/bin/../lib/gcc/nios2-elf/4.1.2\libgcc.a(_clzsi2.o) (__clz_tab)
e:/altera/13.0sp1_new/nios2eds/bin/gnu/h-i686-mingw32/bin/../lib/gcc/nios2-elf/4.1.2/../../../../nios2-elf/lib\libc.a(lib_a-atoi.o)
                              obj/default/http.o (atoi)
e:/altera/13.0sp1_new/nios2eds/bin/gnu/h-i686-mingw32/bin/../lib/gcc/nios2-elf/4.1.2/../../../../nios2-elf/lib\libc.a(lib_a-ctype_.o)
                              obj/default/http.o (__ctype_ptr)
e:/altera/13.0sp1_new/nios2eds/bin/gnu/h-i686-mingw32/bin/../lib/gcc/nios2-elf/4.1.2/../../../../nios2-elf/lib\libc.a(lib_a-fclose.o)
                              obj/default/http.o (fclose)
e:/altera/13.0sp1_new/nios2eds/bin/gnu/h-i686-mingw32/bin/../lib/gcc/nios2-elf/4.1.2/../../../../nios2-elf/lib\libc.a(lib_a-fflush.o)
                              e:/altera/13.0sp1_new/nios2eds/bin/gnu/h-i686-mingw32/bin/../lib/gcc/nios2-elf/4.1.2/../../../../nios2-elf/lib\libc.a(lib_a-fclose.o) (_fflush_r)
e:/altera/13.0sp1_new/nios2eds/bin/gnu/h-i686-mingw32/bin/../lib/gcc/nios2-elf/4.1.2/../../../../nios2-elf/lib\libc.a(lib_a-fgetpos.o)
                              obj/default/http.o (fgetpos)
e:/altera/13.0sp1_new/nios2eds/bin/gnu/h-i686-mingw32/bin/../lib/gcc/nios2-elf/4.1.2/../../../../nios2-elf/lib\libc.a(lib_a-findfp.o)
                              e:/altera/13.0sp1_new/nios2eds/bin/gnu/h-i686-mingw32/bin/../lib/gcc/nios2-elf/4.1.2/../../../../nios2-elf/lib\libc.a(lib_a-fclose.o) (__sfp_lock_acquire)
e:/altera/13.0sp1_new/nios2eds/bin/gnu/h-i686-mingw32/bin/../lib/gcc/nios2-elf/4.1.2/../../../../nios2-elf/lib\libc.a(lib_a-fopen.o)
                              obj/default/http.o (fopen)
[...]
Memory Configuration

Name             Origin             Length             Attributes
sdram_0_BEFORE_EXCEPTION 0x00800000         0x00000020
sdram_0          0x00800020         0x007fffe0
reset            0x01400000         0x00000020
cfi_flash_0      0x01400020         0x003fffe0
sram_0           0x01a00000         0x00080000
epcs_controller  0x01a81800         0x00000800
*default*        0x00000000         0xffffffff

Linker script and memory map

LOAD ../testeWEB_bsp//obj/HAL/src/crt0.o
LOAD obj/default/alt_error_handler.o
LOAD obj/default/dm9000a.o
LOAD obj/default/http.o
LOAD obj/default/network_utilities.o
LOAD obj/default/srec_flash.o
LOAD obj/default/web_server.o
LOAD e:/altera/13.0sp1_new/nios2eds/bin/gnu/h-i686-mingw32/bin/../lib/gcc/nios2-elf/4.1.2/../../../../nios2-elf/lib\libstdc++.a
LOAD e:/altera/13.0sp1_new/nios2eds/bin/gnu/h-i686-mingw32/bin/../lib/gcc/nios2-elf/4.1.2/../../../../nios2-elf/lib\libm.a
LOAD e:/altera/13.0sp1_new/nios2eds/bin/gnu/h-i686-mingw32/bin/../lib/gcc/nios2-elf/4.1.2\libgcc.a
START GROUP
LOAD e:/altera/13.0sp1_new/nios2eds/bin/gnu/h-i686-mingw32/bin/../lib/gcc/nios2-elf/4.1.2/../../../../nios2-elf/lib\libc.a
LOAD e:/altera/13.0sp1_new/nios2eds/bin/gnu/h-i686-mingw32/bin/../lib/gcc/nios2-elf/4.1.2\libgcc.a
LOAD ../testeWEB_bsp/\libucosii_bsp.a
END GROUP
LOAD e:/altera/13.0sp1_new/nios2eds/bin/gnu/h-i686-mingw32/bin/../lib/gcc/nios2-elf/4.1.2\libgcc.a
                0x00800000                __alt_mem_sdram_0 = 0x800000
                0x01400000                __alt_mem_cfi_flash_0 = 0x1400000
                0x01a00000                __alt_mem_sram_0 = 0x1a00000
                0x01a81800                __alt_mem_epcs_controller = 0x1a81800

.entry          0x01400000        0x0
 *(.entry)
 .entry         0x01400000        0x0 ../testeWEB_bsp//obj/HAL/src/crt0.o
                0x01400000                __reset

.exceptions     0x00800020      0x19c
                0x00800020                PROVIDE (__ram_exceptions_start, ABSOLUTE (.))
                0x00800020                . = ALIGN (0x20)
 *(.irq)
 *(.exceptions.entry.label)
 .exceptions.entry.label
                0x00800020        0x0 ../testeWEB_bsp/\libucosii_bsp.a(alt_irq_entry.o)
                0x00800020                alt_irq_entry
 .exceptions.entry.label
                0x00800020        0x0 ../testeWEB_bsp/\libucosii_bsp.a(alt_exception_entry.o)
                0x00800020                alt_exception
 *(.exceptions.entry.user)
 *(.exceptions.entry)
 .exceptions.entry
                0x00800020       0x54 ../testeWEB_bsp/\libucosii_bsp.a(alt_exception_entry.o)
 *(.exceptions.irqtest.user)
 *(.exceptions.irqtest)
 .exceptions.irqtest
                0x00800074       0x10 ../testeWEB_bsp/\libucosii_bsp.a(alt_irq_entry.o)
 *(.exceptions.irqhandler.user)
 *(.exceptions.irqhandler)
 .exceptions.irqhandler
                0x00800084        0x4 ../testeWEB_bsp/\libucosii_bsp.a(alt_irq_entry.o)
 *(.exceptions.irqreturn.user)
 *(.exceptions.irqreturn)
 .exceptions.irqreturn
                0x00800088        0x4 ../testeWEB_bsp/\libucosii_bsp.a(alt_irq_entry.o)
 *(.exceptions.notirq.label)
 .exceptions.notirq.label
                0x0080008c        0x0 ../testeWEB_bsp/\libucosii_bsp.a(alt_irq_entry.o)
 *(.exceptions.notirq.user)
 *(.exceptions.notirq)
 .exceptions.notirq
                0x0080008c        0x8 ../testeWEB_bsp/\libucosii_bsp.a(alt_exception_entry.o)
 *(.exceptions.soft.user)
 *(.exceptions.soft)
 *(.exceptions.unknown.user)
 *(.exceptions.unknown)
 .exceptions.unknown
                0x00800094        0x4 ../testeWEB_bsp/\libucosii_bsp.a(alt_exception_entry.o)
 *(.exceptions.exit.label)
 .exceptions.exit.label
                0x00800098        0x0 ../testeWEB_bsp/\libucosii_bsp.a(alt_irq_entry.o)
 .exceptions.exit.label
                0x00800098        0x0 ../testeWEB_bsp/\libucosii_bsp.a(alt_exception_entry.o)
 *(.exceptions.exit.user)
 *(.exceptions.exit)
 .exceptions.exit
                0x00800098       0x54 ../testeWEB_bsp/\libucosii_bsp.a(alt_exception_entry.o)
 *(.exceptions)
 .exceptions    0x008000ec       0xd0 ../testeWEB_bsp/\libucosii_bsp.a(alt_irq_handler.o)
                0x008000ec                alt_irq_handler
                0x008001bc                PROVIDE (__ram_exceptions_end, ABSOLUTE (.))
                0x00800020                PROVIDE (__flash_exceptions_start, LOADADDR (.exceptions))

.text           0x008001bc    0x50108
                0x008001bc                PROVIDE (stext, ABSOLUTE (.))
 *(.interp)
 *(.hash)
 *(.dynsym)
 *(.dynstr)
 *(.gnu.version)
 *(.gnu.version_d)
 *(.gnu.version_r)
 *(.rel.init)
 *(.rela.init)
 *(.rel.text .rel.text.* .rel.gnu.linkonce.t.*)
 *(.rela.text .rela.text.* .rela.gnu.linkonce.t.*)
 *(.rel.fini)
 *(.rela.fini)
 *(.rel.rodata .rel.rodata.* .rel.gnu.linkonce.r.*)
 *(.rela.rodata .rela.rodata.* .rela.gnu.linkonce.r.*)
 *(.rel.data .rel.data.* .rel.gnu.linkonce.d.*)
 *(.rela.data .rela.data.* .rela.gnu.linkonce.d.*)
 *(.rel.tdata .rel.tdata.* .rel.gnu.linkonce.td.*)
 *(.rela.tdata .rela.tdata.* .rela.gnu.linkonce.td.*)
 *(.rel.tbss .rel.tbss.* .rel.gnu.linkonce.tb.*)
 *(.rela.tbss .rela.tbss.* .rela.gnu.linkonce.tb.*)
 *(.rel.ctors)
 *(.rela.ctors)
 *(.rel.dtors)
 *(.rela.dtors)
 *(.rel.got)
 *(.rela.got)
 *(.rel.sdata .rel.sdata.* .rel.gnu.linkonce.s.*)
 *(.rela.sdata .rela.sdata.* .rela.gnu.linkonce.s.*)
 *(.rel.sbss .rel.sbss.* .rel.gnu.linkonce.sb.*)
 *(.rela.sbss .rela.sbss.* .rela.gnu.linkonce.sb.*)
 *(.rel.sdata2 .rel.sdata2.* .rel.gnu.linkonce.s2.*)
 *(.rela.sdata2 .rela.sdata2.* .rela.gnu.linkonce.s2.*)
 *(.rel.sbss2 .rel.sbss2.* .rel.gnu.linkonce.sb2.*)
 *(.rela.sbss2 .rela.sbss2.* .rela.gnu.linkonce.sb2.*)
 *(.rel.bss .rel.bss.* .rel.gnu.linkonce.b.*)
 *(.rela.bss .rela.bss.* .rela.gnu.linkonce.b.*)
 *(.rel.plt)
 *(.rela.plt)
 *(.rel.dyn)
 *(.init)
 *(.plt)
 *(.text .stub .text.* .gnu.linkonce.t.*)
 .text          0x008001bc       0x48 ../testeWEB_bsp//obj/HAL/src/crt0.o
                0x008001bc                _start
 .text          0x00800204      0x624 obj/default/alt_error_handler.o
                0x00800204                alt_uCOSIIErrorHandler
 .text          0x00800828      0xe48 obj/default/dm9000a.o
                0x00800828                dm9000a_iow
                0x0080087c                dm9000a_ior
                0x008008c8                phy_write
                0x00800964                dm9000a_reset
                0x00800b28                TransmitPacket
                0x00800c44                prep_dm9000a
                0x00800e60                dm9000a_init
                0x008012b0                dm9Ka_isr_wrap
                0x008012f0                dm9ka_init
                0x008013e8                dm9ka_close
                0x008014f8                dm9ka_stats
                0x00801554                dm9ka_pkt_send
 .text          0x00801670     0x284c obj/default/http.o
                0x00801670                print
                0x008016a0                sweep
                0x00801788                http_cleanup_lcd_text
                0x0080180c                lcd_output
                0x008018d4                http_parse_multipart_header
                0x00801b24                file_upload
                0x00801d88                ProgFlashStub
                0x00801dd8                http_reset_connection
                0x00801ec8                http_manage_connection
                0x00802074                http_handle_accept
                0x0080219c                http_read_line
                0x0080224c                http_parse_type_boundary
                0x00802338                http_process_headers
                0x0080256c                http_process_request
                0x00802860                http_send_file_chunk
                0x00802a0c                http_send_file_header
                0x0080314c                http_find_file
                0x008033c8                http_send_redirect
                0x008033fc                http_handle_post
                0x008036f4                http_prepare_response
                0x00803768                http_handle_receive
                0x00803b24                http_handle_transmit
                0x00803b84                WSTask
 .text          0x00803ebc      0x880 obj/default/network_utilities.o
                0x00803ebc                die_with_error
                0x00803eec                get_serial_number
                0x008040c8                generate_and_store_mac_addr
                0x00804274                generate_mac_addr
                0x008043b0                get_board_mac_addr
                0x00804544                get_mac_addr
                0x0080459c                get_ip_addr
                0x008045f8                FindLastFlashSectorOffset
 .text          0x0080473c      0x820 obj/default/srec_flash.o
                0x0080473c                ProgFlash
                0x008049e0                ParseAndProgramLine
                0x00804c9c                ParseSRECBuf
 .text          0x00804f5c      0x5c8 obj/default/web_server.o
                0x00804f5c                lcd_ip_addr
                0x00805118                WSInitialTask
                0x00805194                main
                0x00805378                lcd_output_text
                0x008053f4                board_control_task
                0x00805498                LED_task
 .text          0x00805524       0xa4 e:/altera/13.0sp1_new/nios2eds/bin/gnu/h-i686-mingw32/bin/../lib/gcc/nios2-elf/4.1.2\libgcc.a(_fixunsdfsi.o)
                0x00805524                __fixunsdfsi
 .text          0x008055c8      0x504 e:/altera/13.0sp1_new/nios2eds/bin/gnu/h-i686-mingw32/bin/../lib/gcc/nios2-elf/4.1.2\libgcc.a(_addsub_df.o)
                0x008059d8                __subdf3
                0x00805a58                __adddf3
 .text          0x00805acc      0x3c4 e:/altera/13.0sp1_new/nios2eds/bin/gnu/h-i686-mingw32/bin/../lib/gcc/nios2-elf/4.1.2\libgcc.a(_mul_df.o)
                0x00805acc                __muldf3
 .text          0x00805e90       0x88 e:/altera/13.0sp1_new/nios2eds/bin/gnu/h-i686-mingw32/bin/../lib/gcc/nios2-elf/4.1.2\libgcc.a(_ge_df.o)
                0x00805e90                __gedf2
 .text          0x00805f18       0xd8 e:/altera/13.0sp1_new/nios2eds/bin/gnu/h-i686-mingw32/bin/../lib/gcc/nios2-elf/4.1.2\libgcc.a(_df_to_si.o)
                0x00805f18                __fixdfsi
 .text          0x00805ff0        0x0 e:/altera/13.0sp1_new/nios2eds/bin/gnu/h-i686-mingw32/bin/../lib/gcc/nios2-elf/4.1.2\libgcc.a(_thenan_df.o)
 .text          0x00805ff0      0x194 e:/altera/13.0sp1_new/nios2eds/bin/gnu/h-i686-mingw32/bin/../lib/gcc/nios2-elf/4.1.2\libgcc.a(_usi_to_df.o)
                0x00805ff0                __floatunsidf
 .text          0x00806184      0x14c e:/altera/13.0sp1_new/nios2eds/bin/gnu/h-i686-mingw32/bin/../lib/gcc/nios2-elf/4.1.2\libgcc.a(lib2-divmod.o)
                0x00806200                __divsi3
                0x00806260                __modsi3
                0x008062c0                __udivsi3
                0x008062c8                __umodsi3
 .text          0x008062d0       0x98 e:/altera/13.0sp1_new/nios2eds/bin/gnu/h-i686-mingw32/bin/../lib/gcc/nios2-elf/4.1.2\libgcc.a(_muldi3.o)
                0x008062d0                __muldi3
 .text          0x00806368       0x80 e:/altera/13.0sp1_new/nios2eds/bin/gnu/h-i686-mingw32/bin/../lib/gcc/nios2-elf/4.1.2\libgcc.a(_clzsi2.o)
                0x00806368                __clzsi2
 .text          0x008063e8      0x314 e:/altera/13.0sp1_new/nios2eds/bin/gnu/h-i686-mingw32/bin/../lib/gcc/nios2-elf/4.1.2\libgcc.a(_pack_df.o)
                0x008063e8                __pack_d
 .text          0x008066fc      0x138 e:/altera/13.0sp1_new/nios2eds/bin/gnu/h-i686-mingw32/bin/../lib/gcc/nios2-elf/4.1.2\libgcc.a(_unpack_df.o)
                0x008066fc                __unpack_d
 .text          0x00806834       0xc8 e:/altera/13.0sp1_new/nios2eds/bin/gnu/h-i686-mingw32/bin/../lib/gcc/nios2-elf/4.1.2\libgcc.a(_fpcmp_parts_df.o)
                0x00806834                __fpcmp_parts_d
 .text          0x008068fc        0x0 e:/altera/13.0sp1_new/nios2eds/bin/gnu/h-i686-mingw32/bin/../lib/gcc/nios2-elf/4.1.2\libgcc.a(_clz.o)
 .text          0x008068fc       0x18 e:/altera/13.0sp1_new/nios2eds/bin/gnu/h-i686-mingw32/bin/../lib/gcc/nios2-elf/4.1.2/../../../../nios2-elf/lib\libc.a(lib_a-atoi.o)
                0x008068fc                _atoi_r
                0x00806908                atoi
 .text          0x00806914        0x0 e:/altera/13.0sp1_new/nios2eds/bin/gnu/h-i686-mingw32/bin/../lib/gcc/nios2-elf/4.1.2/../../../../nios2-elf/lib\libc.a(lib_a-ctype_.o)
 .text          0x00806914      0x124 e:/altera/13.0sp1_new/nios2eds/bin/gnu/h-i686-mingw32/bin/../lib/gcc/nios2-elf/4.1.2/../../../../nios2-elf/lib\libc.a(lib_a-fclose.o)
                0x00806914                _fclose_r
                0x00806a24                fclose
 .text          0x00806a38      0x230 e:/altera/13.0sp1_new/nios2eds/bin/gnu/h-i686-mingw32/bin/../lib/gcc/nios2-elf/4.1.2/../../../../nios2-elf/lib\libc.a(lib_a-fflush.o)
                0x00806a38                _fflush_r
                0x00806c34                fflush
 .text          0x00806c68       0x48 e:/altera/13.0sp1_new/nios2eds/bin/gnu/h-i686-mingw32/bin/../lib/gcc/nios2-elf/4.1.2/../../../../nios2-elf/lib\libc.a(lib_a-fgetpos.o)
                0x00806c68                _fgetpos_r
                0x00806c94                fgetpos
 .text          0x00806cb0      0x2c0 e:/altera/13.0sp1_new/nios2eds/bin/gnu/h-i686-mingw32/bin/../lib/gcc/nios2-elf/4.1.2/../../../../nios2-elf/lib\libc.a(lib_a-findfp.o)
                0x00806d08                __sfp_lock_acquire
                0x00806d0c                __sfp_lock_release
                0x00806d10                __sinit_lock_acquire
                0x00806d14                __sinit_lock_release
                0x00806d18                __sinit
                0x00806dcc                __fp_unlock_all
                0x00806de4                __fp_lock_all
                0x00806dfc                _cleanup_r
                0x00806e08                _cleanup
                0x00806e18                __sfmoreglue
                0x00806e80                __sfp
 .text          0x00806f70      0x110 e:/altera/13.0sp1_new/nios2eds/bin/gnu/h-i686-mingw32/bin/../lib/gcc/nios2-elf/4.1.2/../../../../nios2-elf/lib\libc.a(lib_a-fopen.o)
                0x00806f70                _fopen_r
                0x00807064                fopen
 .text          0x00807080       0x60 e:/altera/13.0sp1_new/nios2eds/bin/gnu/h-i686-mingw32/bin/../lib/gcc/nios2-elf/4.1.2/../../../../nios2-elf/lib\libc.a(lib_a-fprintf.o)
                0x00807080                fprintf
                0x008070ac                _fprintf_r
 .text          0x008070e0      0x23c e:/altera/13.0sp1_new/nios2eds/bin/gnu/h-i686-mingw32/bin/../lib/gcc/nios2-elf/4.1.2/../../../../nios2-elf/lib\libc.a(lib_a-fread.o)
                0x008070e0                _fread_r
                0x008072dc                fread
 .text          0x0080731c      0x440 e:/altera/13.0sp1_new/nios2eds/bin/gnu/h-i686-mingw32/bin/../lib/gcc/nios2-elf/4.1.2/../../../../nios2-elf/lib\libc.a(lib_a-freer.o)
                0x0080731c                _malloc_trim_r
                0x00807448                _free_r
 .text          0x0080775c      0x460 e:/altera/13.0sp1_new/nios2eds/bin/gnu/h-i686-mingw32/bin/../lib/gcc/nios2-elf/4.1.2/../../../../nios2-elf/lib\libc.a(lib_a-fseek.o)
                0x0080775c                _fseek_r
                0x00807b98                fseek
 .text          0x00807bbc       0x74 e:/altera/13.0sp1_new/nios2eds/bin/gnu/h-i686-mingw32/bin/../lib/gcc/nios2-elf/4.1.2/../../../../nios2-elf/lib\libc.a(lib_a-fstatr.o)
                0x00807bbc                _fstat_r
 .text          0x00807c30      0x10c e:/altera/13.0sp1_new/nios2eds/bin/gnu/h-i686-mingw32/bin/../lib/gcc/nios2-elf/4.1.2/../../../../nios2-elf/lib\libc.a(lib_a-ftell.o)
                0x00807c30                _ftell_r
                0x00807d28                ftell
 .text          0x00807d3c      0x180 e:/altera/13.0sp1_new/nios2eds/bin/gnu/h-i686-mingw32/bin/../lib/gcc/nios2-elf/4.1.2/../../../../nios2-elf/lib\libc.a(lib_a-fwalk.o)
                0x00807d3c                _fwalk_reent
                0x00807e04                _fwalk
 .text          0x00807ebc       0xdc e:/altera/13.0sp1_new/nios2eds/bin/gnu/h-i686-mingw32/bin/../lib/gcc/nios2-elf/4.1.2/../../../../nios2-elf/lib\libc.a(lib_a-fwrite.o)
                0x00807ebc                _fwrite_r
                0x00807f58                fwrite
 .text          0x00807f98      0x128 e:/altera/13.0sp1_new/nios2eds/bin/gnu/h-i686-mingw32/bin/../lib/gcc/nios2-elf/4.1.2/../../../../nios2-elf/lib\libc.a(lib_a-getc.o)
                0x00807f98                getc
                0x00808030                _getc_r
 .text          0x008080c0        0x0 e:/altera/13.0sp1_new/nios2eds/bin/gnu/h-i686-mingw32/bin/../lib/gcc/nios2-elf/4.1.2/../../../../nios2-elf/lib\libc.a(lib_a-impure.o)
 .text          0x008080c0        0x0 e:/altera/13.0sp1_new/nios2eds/bin/gnu/h-i686-mingw32/bin/../lib/gcc/nios2-elf/4.1.2/../../../../nios2-elf/lib\libc.a(lib_a-int_errno.o)
 .text          0x008080c0      0x194 e:/altera/13.0sp1_new/nios2eds/bin/gnu/h-i686-mingw32/bin/../lib/gcc/nios2-elf/4.1.2/../../../../nios2-elf/lib\libc.a(lib_a-makebuf.o)
                0x008080c0                __smakebuf_r
 .text          0x00808254      0x740 e:/altera/13.0sp1_new/nios2eds/bin/gnu/h-i686-mingw32/bin/../lib/gcc/nios2-elf/4.1.2/../../../../nios2-elf/lib\libc.a(lib_a-mallocr.o)
                0x00808254                _malloc_r
 .text          0x00808994       0xa0 e:/altera/13.0sp1_new/nios2eds/bin/gnu/h-i686-mingw32/bin/../lib/gcc/nios2-elf/4.1.2/../../../../nios2-elf/lib\libc.a(lib_a-memcpy.o)
                0x00808994                memcpy
 .text          0x00808a34       0xe0 e:/altera/13.0sp1_new/nios2eds/bin/gnu/h-i686-mingw32/bin/../lib/gcc/nios2-elf/4.1.2/../../../../nios2-elf/lib\libc.a(lib_a-memmove.o)
                0x00808a34                memmove
 .text          0x00808b14       0x98 e:/altera/13.0sp1_new/nios2eds/bin/gnu/h-i686-mingw32/bin/../lib/gcc/nios2-elf/4.1.2/../../../../nios2-elf/lib\libc.a(lib_a-memset.o)
                0x00808b14                memset
 .text          0x00808bac       0x78 e:/altera/13.0sp1_new/nios2eds/bin/gnu/h-i686-mingw32/bin/../lib/gcc/nios2-elf/4.1.2/../../../../nios2-elf/lib\libc.a(lib_a-openr.o)
                0x00808bac                _open_r
 .text          0x00808c24       0x80 e:/altera/13.0sp1_new/nios2eds/bin/gnu/h-i686-mingw32/bin/../lib/gcc/nios2-elf/4.1.2/../../../../nios2-elf/lib\libc.a(lib_a-perror.o)
                0x00808c24                _perror_r
                0x00808c90                perror
 .text          0x00808ca4       0x78 e:/altera/13.0sp1_new/nios2eds/bin/gnu/h-i686-mingw32/bin/../lib/gcc/nios2-elf/4.1.2/../../../../nios2-elf/lib\libc.a(lib_a-printf.o)
                0x00808ca4                printf
                0x00808ce8                _printf_r
 .text          0x00808d1c      0x1ec e:/altera/13.0sp1_new/nios2eds/bin/gnu/h-i686-mingw32/bin/../lib/gcc/nios2-elf/4.1.2/../../../../nios2-elf/lib\libc.a(lib_a-putc.o)
                0x00808d1c                putc
                0x00808e20                _putc_r
 .text          0x00808f08       0x24 e:/altera/13.0sp1_new/nios2eds/bin/gnu/h-i686-mingw32/bin/../lib/gcc/nios2-elf/4.1.2/../../../../nios2-elf/lib\libc.a(lib_a-putchar.o)
                0x00808f08                putchar
                0x00808f24                _putchar_r
 .text          0x00808f2c       0xb4 e:/altera/13.0sp1_new/nios2eds/bin/gnu/h-i686-mingw32/bin/../lib/gcc/nios2-elf/4.1.2/../../../../nios2-elf/lib\libc.a(lib_a-puts.o)
                0x00808f2c                _puts_r
                0x00808fcc                puts
 .text          0x00808fe0      0x1e0 e:/altera/13.0sp1_new/nios2eds/bin/gnu/h-i686-mingw32/bin/../lib/gcc/nios2-elf/4.1.2/../../../../nios2-elf/lib\libc.a(lib_a-refill.o)
                0x00808fe0                __srefill_r
 .text          0x008091c0       0x60 e:/altera/13.0sp1_new/nios2eds/bin/gnu/h-i686-mingw32/bin/../lib/gcc/nios2-elf/4.1.2/../../../../nios2-elf/lib\libc.a(lib_a-rget.o)
                0x008091c0                __srget_r
                0x0080920c                __srget
 .text          0x00809220       0x70 e:/altera/13.0sp1_new/nios2eds/bin/gnu/h-i686-mingw32/bin/../lib/gcc/nios2-elf/4.1.2/../../../../nios2-elf/lib\libc.a(lib_a-sbrkr.o)
                0x00809220                _sbrk_r
 .text          0x00809290       0xd4 e:/altera/13.0sp1_new/nios2eds/bin/gnu/h-i686-mingw32/bin/../lib/gcc/nios2-elf/4.1.2/../../../../nios2-elf/lib\libc.a(lib_a-sprintf.o)
                0x00809290                sprintf
                0x00809304                _sprintf_r
 .text          0x00809364      0x114 e:/altera/13.0sp1_new/nios2eds/bin/gnu/h-i686-mingw32/bin/../lib/gcc/nios2-elf/4.1.2/../../../../nios2-elf/lib\libc.a(lib_a-sscanf.o)
                0x0080936c                _sscanf_r
                0x008093f4                sscanf
 .text          0x00809478      0x14c e:/altera/13.0sp1_new/nios2eds/bin/gnu/h-i686-mingw32/bin/../lib/gcc/nios2-elf/4.1.2/../../../../nios2-elf/lib\libc.a(lib_a-stdio.o)
                0x00809478                __sclose
                0x00809480                __sseek
                0x008094e8                __swrite
                0x00809564                __sread
 .text          0x008095c4       0xb0 e:/altera/13.0sp1_new/nios2eds/bin/gnu/h-i686-mingw32/bin/../lib/gcc/nios2-elf/4.1.2/../../../../nios2-elf/lib\libc.a(lib_a-strcasecmp.o)
                0x008095c4                strcasecmp
 .text          0x00809674       0x90 e:/altera/13.0sp1_new/nios2eds/bin/gnu/h-i686-mingw32/bin/../lib/gcc/nios2-elf/4.1.2/../../../../nios2-elf/lib\libc.a(lib_a-strcat.o)
                0x00809674                strcat
 .text          0x00809704       0xe0 e:/altera/13.0sp1_new/nios2eds/bin/gnu/h-i686-mingw32/bin/../lib/gcc/nios2-elf/4.1.2/../../../../nios2-elf/lib\libc.a(lib_a-strchr.o)
                0x00809704                strchr
 .text          0x008097e4       0xbc e:/altera/13.0sp1_new/nios2eds/bin/gnu/h-i686-mingw32/bin/../lib/gcc/nios2-elf/4.1.2/../../../../nios2-elf/lib\libc.a(lib_a-strcmp.o)
                0x008097e4                strcmp
 .text          0x008098a0       0x8c e:/altera/13.0sp1_new/nios2eds/bin/gnu/h-i686-mingw32/bin/../lib/gcc/nios2-elf/4.1.2/../../../../nios2-elf/lib\libc.a(lib_a-strcpy.o)
                0x008098a0                strcpy
 .text          0x0080992c      0x674 e:/altera/13.0sp1_new/nios2eds/bin/gnu/h-i686-mingw32/bin/../lib/gcc/nios2-elf/4.1.2/../../../../nios2-elf/lib\libc.a(lib_a-strerror.o)
                0x0080992c                strerror
 .text          0x00809fa0       0x74 e:/altera/13.0sp1_new/nios2eds/bin/gnu/h-i686-mingw32/bin/../lib/gcc/nios2-elf/4.1.2/../../../../nios2-elf/lib\libc.a(lib_a-strlen.o)
                0x00809fa0                strlen
 .text          0x0080a014       0xf0 e:/altera/13.0sp1_new/nios2eds/bin/gnu/h-i686-mingw32/bin/../lib/gcc/nios2-elf/4.1.2/../../../../nios2-elf/lib\libc.a(lib_a-strncmp.o)
                0x0080a014                strncmp
 .text          0x0080a104       0xbc e:/altera/13.0sp1_new/nios2eds/bin/gnu/h-i686-mingw32/bin/../lib/gcc/nios2-elf/4.1.2/../../../../nios2-elf/lib\libc.a(lib_a-strncpy.o)
                0x0080a104                strncpy
 .text          0x0080a1c0      0x794 e:/altera/13.0sp1_new/nios2eds/bin/gnu/h-i686-mingw32/bin/../lib/gcc/nios2-elf/4.1.2/../../../../nios2-elf/lib\libc.a(lib_a-strstr.o)
                0x0080a2f4                strstr
 .text          0x0080a954       0x18 e:/altera/13.0sp1_new/nios2eds/bin/gnu/h-i686-mingw32/bin/../lib/gcc/nios2-elf/4.1.2/../../../../nios2-elf/lib\libc.a(lib_a-strtok.o)
                0x0080a954                strtok
 .text          0x0080a96c       0xac e:/altera/13.0sp1_new/nios2eds/bin/gnu/h-i686-mingw32/bin/../lib/gcc/nios2-elf/4.1.2/../../../../nios2-elf/lib\libc.a(lib_a-strtok_r.o)
                0x0080a96c                __strtok_r
                0x0080aa10                strtok_r
 .text          0x0080aa18      0x268 e:/altera/13.0sp1_new/nios2eds/bin/gnu/h-i686-mingw32/bin/../lib/gcc/nios2-elf/4.1.2/../../../../nios2-elf/lib\libc.a(lib_a-strtol.o)
                0x0080aa18                _strtol_r
                0x0080ac5c                strtol
 .text          0x0080ac80        0x8 e:/altera/13.0sp1_new/nios2eds/bin/gnu/h-i686-mingw32/bin/../lib/gcc/nios2-elf/4.1.2/../../../../nios2-elf/lib\libc.a(lib_a-u_strerr.o)
                0x0080ac80                _user_strerror
 .text          0x0080ac88     0x1f28 e:/altera/13.0sp1_new/nios2eds/bin/gnu/h-i686-mingw32/bin/../lib/gcc/nios2-elf/4.1.2/../../../../nios2-elf/lib\libc.a(lib_a-vfprintf.o)
                0x0080ace0                ___vfprintf_internal_r
                0x0080cb8c                __vfprintf_internal
 .text          0x0080cbb0     0x1780 e:/altera/13.0sp1_new/nios2eds/bin/gnu/h-i686-mingw32/bin/../lib/gcc/nios2-elf/4.1.2/../../../../nios2-elf/lib\libc.a(lib_a-vfscanf.o)
                0x0080cbb0                __svfscanf_r
                0x0080e230                __svfscanf
                0x0080e254                _vfscanf_r
                0x0080e2bc                vfscanf
 .text          0x0080e330      0x14c e:/altera/13.0sp1_new/nios2eds/bin/gnu/h-i686-mingw32/bin/../lib/gcc/nios2-elf/4.1.2/../../../../nios2-elf/lib\libc.a(lib_a-wbuf.o)
                0x0080e330                __swbuf_r
                0x0080e460                __swbuf
 .text          0x0080e47c       0x78 e:/altera/13.0sp1_new/nios2eds/bin/gnu/h-i686-mingw32/bin/../lib/gcc/nios2-elf/4.1.2/../../../../nios2-elf/lib\libc.a(lib_a-writer.o)
                0x0080e47c                _write_r
 .text          0x0080e4f4      0x13c e:/altera/13.0sp1_new/nios2eds/bin/gnu/h-i686-mingw32/bin/../lib/gcc/nios2-elf/4.1.2/../../../../nios2-elf/lib\libc.a(lib_a-wsetup.o)
                0x0080e4f4                __swsetup_r
 .text          0x0080e630       0x70 e:/altera/13.0sp1_new/nios2eds/bin/gnu/h-i686-mingw32/bin/../lib/gcc/nios2-elf/4.1.2/../../../../nios2-elf/lib\libc.a(lib_a-closer.o)
                0x0080e630                _close_r
 .text          0x0080e6a0     0x17cc e:/altera/13.0sp1_new/nios2eds/bin/gnu/h-i686-mingw32/bin/../lib/gcc/nios2-elf/4.1.2/../../../../nios2-elf/lib\libc.a(lib_a-dtoa.o)
                0x0080e8b8                _dtoa_r
 .text          0x0080fe6c       0xa0 e:/altera/13.0sp1_new/nios2eds/bin/gnu/h-i686-mingw32/bin/../lib/gcc/nios2-elf/4.1.2/../../../../nios2-elf/lib\libc.a(lib_a-flags.o)
                0x0080fe6c                __sflags
 .text          0x0080ff0c       0xbc e:/altera/13.0sp1_new/nios2eds/bin/gnu/h-i686-mingw32/bin/../lib/gcc/nios2-elf/4.1.2/../../../../nios2-elf/lib\libc.a(lib_a-fputc.o)
                0x0080ff0c                fputc
                0x0080ff70                _fputc_r
 .text          0x0080ffc8       0x90 e:/altera/13.0sp1_new/nios2eds/bin/gnu/h-i686-mingw32/bin/../lib/gcc/nios2-elf/4.1.2/../../../../nios2-elf/lib\libc.a(lib_a-fputs.o)
                0x0080ffc8                _fputs_r
                0x0081003c                fputs
 .text          0x00810058      0x49c e:/altera/13.0sp1_new/nios2eds/bin/gnu/h-i686-mingw32/bin/../lib/gcc/nios2-elf/4.1.2/../../../../nios2-elf/lib\libc.a(lib_a-fvwrite.o)
                0x00810058                __sfvwrite_r
 .text          0x008104f4       0x70 e:/altera/13.0sp1_new/nios2eds/bin/gnu/h-i686-mingw32/bin/../lib/gcc/nios2-elf/4.1.2/../../../../nios2-elf/lib\libc.a(lib_a-isattyr.o)
                0x008104f4                _isatty_r
 .text          0x00810564       0x2c e:/altera/13.0sp1_new/nios2eds/bin/gnu/h-i686-mingw32/bin/../lib/gcc/nios2-elf/4.1.2/../../../../nios2-elf/lib\libc.a(lib_a-iswspace.o)
                0x00810564                iswspace
 .text          0x00810590       0xc4 e:/altera/13.0sp1_new/nios2eds/bin/gnu/h-i686-mingw32/bin/../lib/gcc/nios2-elf/4.1.2/../../../../nios2-elf/lib\libc.a(lib_a-locale.o)
                0x00810590                __locale_charset
                0x00810598                _localeconv_r
                0x008105a4                localeconv
                0x008105b4                _setlocale_r
                0x00810638                setlocale
 .text          0x00810654       0x78 e:/altera/13.0sp1_new/nios2eds/bin/gnu/h-i686-mingw32/bin/../lib/gcc/nios2-elf/4.1.2/../../../../nios2-elf/lib\libc.a(lib_a-lseekr.o)
                0x00810654                _lseek_r
 .text          0x008106cc       0xc0 e:/altera/13.0sp1_new/nios2eds/bin/gnu/h-i686-mingw32/bin/../lib/gcc/nios2-elf/4.1.2/../../../../nios2-elf/lib\libc.a(lib_a-mbrtowc.o)
                0x008106cc                _mbrtowc_r
                0x0081074c                mbrtowc
 .text          0x0081078c       0x40 e:/altera/13.0sp1_new/nios2eds/bin/gnu/h-i686-mingw32/bin/../lib/gcc/nios2-elf/4.1.2/../../../../nios2-elf/lib\libc.a(lib_a-mbtowc_r.o)
                0x0081078c                _mbtowc_r
 .text          0x008107cc       0xe4 e:/altera/13.0sp1_new/nios2eds/bin/gnu/h-i686-mingw32/bin/../lib/gcc/nios2-elf/4.1.2/../../../../nios2-elf/lib\libc.a(lib_a-memchr.o)
                0x008107cc                memchr
 .text          0x008108b0       0x74 e:/altera/13.0sp1_new/nios2eds/bin/gnu/h-i686-mingw32/bin/../lib/gcc/nios2-elf/4.1.2/../../../../nios2-elf/lib\libc.a(lib_a-memcmp.o)
                0x008108b0                memcmp
 .text          0x00810924      0xff4 e:/altera/13.0sp1_new/nios2eds/bin/gnu/h-i686-mingw32/bin/../lib/gcc/nios2-elf/4.1.2/../../../../nios2-elf/lib\libc.a(lib_a-mprec.o)
                0x00810924                _Bfree
                0x0081094c                __hi0bits
                0x008109bc                __lo0bits
                0x00810a80                __mcmp
                0x00810ae0                __ulp
                0x00810b60                __b2d
                0x00810c80                __ratio
                0x00810d30                _mprec_log10
                0x00810dc4                __copybits
                0x00810e1c                __any_on
                0x00810ea4                _Balloc
                0x00810f60                __d2b
                0x008110dc                __mdiff
                0x00811268                __lshift
                0x008113b4                __multiply
                0x0081159c                __i2b
                0x008115d8                __multadd
                0x008116d8                __pow5mult
                0x008117f8                __s2b
 .text          0x00811918       0x78 e:/altera/13.0sp1_new/nios2eds/bin/gnu/h-i686-mingw32/bin/../lib/gcc/nios2-elf/4.1.2/../../../../nios2-elf/lib\libc.a(lib_a-readr.o)
                0x00811918                _read_r
 .text          0x00811990      0x5f4 e:/altera/13.0sp1_new/nios2eds/bin/gnu/h-i686-mingw32/bin/../lib/gcc/nios2-elf/4.1.2/../../../../nios2-elf/lib\libc.a(lib_a-reallocr.o)
                0x00811990                _realloc_r
 .text          0x00811f84       0x40 e:/altera/13.0sp1_new/nios2eds/bin/gnu/h-i686-mingw32/bin/../lib/gcc/nios2-elf/4.1.2/../../../../nios2-elf/lib\libc.a(lib_a-s_isinfd.o)
                0x00811f84                __isinfd
 .text          0x00811fc4       0x30 e:/altera/13.0sp1_new/nios2eds/bin/gnu/h-i686-mingw32/bin/../lib/gcc/nios2-elf/4.1.2/../../../../nios2-elf/lib\libc.a(lib_a-s_isnand.o)
                0x00811fc4                __isnand
 .text          0x00811ff4       0xc0 e:/altera/13.0sp1_new/nios2eds/bin/gnu/h-i686-mingw32/bin/../lib/gcc/nios2-elf/4.1.2/../../../../nios2-elf/lib\libc.a(lib_a-sccl.o)
                0x00811ff4                __sccl
 .text          0x008120b4        0x8 e:/altera/13.0sp1_new/nios2eds/bin/gnu/h-i686-mingw32/bin/../lib/gcc/nios2-elf/4.1.2/../../../../nios2-elf/lib\libc.a(lib_a-sf_nan.o)
                0x008120b4                nanf
 .text          0x008120bc     0x166c e:/altera/13.0sp1_new/nios2eds/bin/gnu/h-i686-mingw32/bin/../lib/gcc/nios2-elf/4.1.2/../../../../nios2-elf/lib\libc.a(lib_a-strtod.o)
                0x00812104                _strtod_r
                0x008135e8                strtof
                0x0081370c                strtod
 .text          0x00813728      0x318 e:/altera/13.0sp1_new/nios2eds/bin/gnu/h-i686-mingw32/bin/../lib/gcc/nios2-elf/4.1.2/../../../../nios2-elf/lib\libc.a(lib_a-strtoll_r.o)
                0x00813728                _strtoll_r
 .text          0x00813a40      0x254 e:/altera/13.0sp1_new/nios2eds/bin/gnu/h-i686-mingw32/bin/../lib/gcc/nios2-elf/4.1.2/../../../../nios2-elf/lib\libc.a(lib_a-strtoul.o)
                0x00813a40                _strtoul_r
                0x00813c70                strtoul
 .text          0x00813c94      0x2f0 e:/altera/13.0sp1_new/nios2eds/bin/gnu/h-i686-mingw32/bin/../lib/gcc/nios2-elf/4.1.2/../../../../nios2-elf/lib\libc.a(lib_a-strtoull_r.o)
                0x00813c94                _strtoull_r
 .text          0x00813f84      0x294 e:/altera/13.0sp1_new/nios2eds/bin/gnu/h-i686-mingw32/bin/../lib/gcc/nios2-elf/4.1.2/../../../../nios2-elf/lib\libc.a(lib_a-ungetc.o)
                0x00813f84                __submore
                0x00814060                _ungetc_r
                0x008141fc                ungetc
 .text          0x00814218       0xb4 e:/altera/13.0sp1_new/nios2eds/bin/gnu/h-i686-mingw32/bin/../lib/gcc/nios2-elf/4.1.2/../../../../nios2-elf/lib\libc.a(lib_a-callocr.o)
                0x00814218                _calloc_r
 .text          0x008142cc      0x8f4 e:/altera/13.0sp1_new/nios2eds/bin/gnu/h-i686-mingw32/bin/../lib/gcc/nios2-elf/4.1.2/../../../../nios2-elf/lib\libc.a(lib_a-gdtoa-gethex.o)
                0x008142f0                __hexdig_init
                0x00814408                __gethex
 .text          0x00814bc0      0x294 e:/altera/13.0sp1_new/nios2eds/bin/gnu/h-i686-mingw32/bin/../lib/gcc/nios2-elf/4.1.2/../../../../nios2-elf/lib\libc.a(lib_a-gdtoa-hexnan.o)
                0x00814c0c                __hexnan
 .text          0x00814e54      0x5dc e:/altera/13.0sp1_new/nios2eds/bin/gnu/h-i686-mingw32/bin/../lib/gcc/nios2-elf/4.1.2\libgcc.a(_udivdi3.o)
                0x00814e54                __udivdi3
 .text          0x00815430      0x5b0 e:/altera/13.0sp1_new/nios2eds/bin/gnu/h-i686-mingw32/bin/../lib/gcc/nios2-elf/4.1.2\libgcc.a(_umoddi3.o)
                0x00815430                __umoddi3
 .text          0x008159e0       0x78 e:/altera/13.0sp1_new/nios2eds/bin/gnu/h-i686-mingw32/bin/../lib/gcc/nios2-elf/4.1.2\libgcc.a(_ne_sf.o)
                0x008159e0                __nesf2
 .text          0x00815a58       0x78 e:/altera/13.0sp1_new/nios2eds/bin/gnu/h-i686-mingw32/bin/../lib/gcc/nios2-elf/4.1.2\libgcc.a(_gt_sf.o)
                0x00815a58                __gtsf2
 .text          0x00815ad0       0x78 e:/altera/13.0sp1_new/nios2eds/bin/gnu/h-i686-mingw32/bin/../lib/gcc/nios2-elf/4.1.2\libgcc.a(_lt_sf.o)
                0x00815ad0                __ltsf2
 .text          0x00815b48      0x258 e:/altera/13.0sp1_new/nios2eds/bin/gnu/h-i686-mingw32/bin/../lib/gcc/nios2-elf/4.1.2\libgcc.a(_div_df.o)
                0x00815b48                __divdf3
 .text          0x00815da0       0x88 e:/altera/13.0sp1_new/nios2eds/bin/gnu/h-i686-mingw32/bin/../lib/gcc/nios2-elf/4.1.2\libgcc.a(_eq_df.o)
                0x00815da0                __eqdf2
 .text          0x00815e28       0x88 e:/altera/13.0sp1_new/nios2eds/bin/gnu/h-i686-mingw32/bin/../lib/gcc/nios2-elf/4.1.2\libgcc.a(_ne_df.o)
                0x00815e28                __nedf2
 .text          0x00815eb0       0x88 e:/altera/13.0sp1_new/nios2eds/bin/gnu/h-i686-mingw32/bin/../lib/gcc/nios2-elf/4.1.2\libgcc.a(_gt_df.o)
                0x00815eb0                __gtdf2
 .text          0x00815f38       0x88 e:/altera/13.0sp1_new/nios2eds/bin/gnu/h-i686-mingw32/bin/../lib/gcc/nios2-elf/4.1.2\libgcc.a(_lt_df.o)
                0x00815f38                __ltdf2
 .text          0x00815fc0       0x88 e:/altera/13.0sp1_new/nios2eds/bin/gnu/h-i686-mingw32/bin/../lib/gcc/nios2-elf/4.1.2\libgcc.a(_le_df.o)
                0x00815fc0                __ledf2
 .text          0x00816048       0xf8 e:/altera/13.0sp1_new/nios2eds/bin/gnu/h-i686-mingw32/bin/../lib/gcc/nios2-elf/4.1.2\libgcc.a(_si_to_df.o)
                0x00816048                __floatsidf
 .text          0x00816140       0x74 e:/altera/13.0sp1_new/nios2eds/bin/gnu/h-i686-mingw32/bin/../lib/gcc/nios2-elf/4.1.2\libgcc.a(_df_to_sf.o)
                0x00816140                __truncdfsf2
 .text          0x008161b4       0xc8 e:/altera/13.0sp1_new/nios2eds/bin/gnu/h-i686-mingw32/bin/../lib/gcc/nios2-elf/4.1.2\libgcc.a(_unpack_sf.o)
                0x008161b4                __unpack_f
 .text          0x0081627c       0xa8 e:/altera/13.0sp1_new/nios2eds/bin/gnu/h-i686-mingw32/bin/../lib/gcc/nios2-elf/4.1.2\libgcc.a(_fpcmp_parts_sf.o)
                0x0081627c                __fpcmp_parts_f
 .text          0x00816324       0x2c e:/altera/13.0sp1_new/nios2eds/bin/gnu/h-i686-mingw32/bin/../lib/gcc/nios2-elf/4.1.2\libgcc.a(_make_sf.o)
                0x00816324                __make_fp
 .text          0x00816350      0x160 e:/altera/13.0sp1_new/nios2eds/bin/gnu/h-i686-mingw32/bin/../lib/gcc/nios2-elf/4.1.2\libgcc.a(_pack_sf.o)
                0x00816350                __pack_f
 .text          0x008164b0       0x78 ../testeWEB_bsp/\libucosii_bsp.a(alt_dcache_flush.o)
                0x008164b0                alt_dcache_flush
 .text          0x00816528       0xd0 ../testeWEB_bsp/\libucosii_bsp.a(alt_flash_dev.o)
                0x00816528                alt_flash_open_dev
                0x008165a4                alt_flash_close_dev
 .text          0x008165f8      0x134 ../testeWEB_bsp/\libucosii_bsp.a(alt_fstat.o)
                0x008165f8                fstat
 .text          0x0081672c      0x1c0 ../testeWEB_bsp/\libucosii_bsp.a(alt_irq_register.o)
                0x0081672c                alt_irq_register
 .text          0x008168ec        0x0 ../testeWEB_bsp/\libucosii_bsp.a(alt_irq_vars.o)
 .text          0x008168ec      0x120 ../testeWEB_bsp/\libucosii_bsp.a(alt_isatty.o)
                0x008168ec                isatty
 .text          0x00816a0c      0x150 ../testeWEB_bsp/\libucosii_bsp.a(alt_lseek.o)
                0x00816a0c                lseek
 .text          0x00816b5c       0xc8 ../testeWEB_bsp/\libucosii_bsp.a(alt_main.o)
                0x00816b5c                alt_main
 .text          0x00816c24      0x2c4 ../testeWEB_bsp/\libucosii_bsp.a(alt_open.o)
                0x00816d00                open
 .text          0x00816ee8       0x60 ../testeWEB_bsp/\libucosii_bsp.a(alt_release_fd.o)
                0x00816ee8                alt_release_fd
 .text          0x00816f48       0xbc ../testeWEB_bsp/\libucosii_bsp.a(alt_sbrk.o)
                0x00816f48                sbrk
 .text          0x00817004      0x1a8 ../testeWEB_bsp/\libucosii_bsp.a(alt_tick.o)
                0x00817004                alt_alarm_stop
                0x0081709c                alt_tick
 .text          0x008171ac      0x118 ../testeWEB_bsp/\libucosii_bsp.a(alt_usleep.o)
                0x008171ac                usleep
 .text          0x008172c4      0x108 ../testeWEB_bsp/\libucosii_bsp.a(alt_env_lock.o)
                0x008172c4                __env_lock
                0x00817370                __env_unlock
 .text          0x008173cc      0x1d8 ../testeWEB_bsp/\libucosii_bsp.a(alt_malloc_lock.o)
                0x008173cc                __malloc_lock
                0x008174d4                __malloc_unlock
 .text          0x008175a4     0x2128 ../testeWEB_bsp/\libucosii_bsp.a(os_core.o)
                0x008175a4                OSEventNameGet
                0x008176d4                OSEventNameSet
                0x00817818                OSEventPendMulti
                0x00817ecc                OSInit
                0x00817f20                OSIntEnter
                0x00817f9c                OSIntExit
                0x0081809c                OSSchedLock
                0x00818128                OSSchedUnlock
                0x0081820c                OSStart
                0x0081827c                OSStatInit
                0x00818328                OSTimeTick
                0x00818568                OSVersion
                0x00818588                OS_Dummy
                0x008185a4                OS_EventTaskRdy
                0x00818738                OS_EventTaskWait
                0x00818848                OS_EventTaskWaitMulti
                0x0081899c                OS_EventTaskRemove
                0x00818a54                OS_EventTaskRemoveMulti
                0x00818b58                OS_EventWaitListInit
                0x00818f24                OS_MemClr
                0x00818f78                OS_MemCopy
                0x00818fe4                OS_Sched
                0x00819128                OS_StrCopy
                0x008191a8                OS_StrLen
                0x00819200                OS_TaskIdle
                0x0081925c                OS_TaskStat
                0x00819324                OS_TaskStatStkChk
                0x008193ec                OS_TCBInit
 .text          0x008196cc      0x18c ../testeWEB_bsp/\libucosii_bsp.a(os_dbg.o)
                0x008196cc                OSDebugInit
 .text          0x00819858     0x193c ../testeWEB_bsp/\libucosii_bsp.a(os_flag.o)
                0x00819858                OSFlagAccept
                0x00819b8c                OSFlagCreate
                0x00819cc8                OSFlagDel
                0x00819f70                OSFlagNameGet
                0x0081a0b4                OSFlagNameSet
                0x0081a208                OSFlagPend
                0x0081a84c                OSFlagPendGetFlagsRdy
                0x0081a8b4                OSFlagPost
                0x0081ac5c                OSFlagQuery
                0x0081aef4                OS_FlagInit
                0x0081b0e8                OS_FlagUnlink
 .text          0x0081b194      0xc8c ../testeWEB_bsp/\libucosii_bsp.a(os_mbox.o)
                0x0081b194                OSMboxAccept
                0x0081b238                OSMboxCreate
                0x0081b34c                OSMboxDel
                0x0081b5ec                OSMboxPend
                0x0081b8b4                OSMboxPendAbort
                0x0081ba30                OSMboxPost
                0x0081bb64                OSMboxPostOpt
                0x0081bcf0                OSMboxQuery
 .text          0x0081be20      0x808 ../testeWEB_bsp/\libucosii_bsp.a(os_mem.o)
                0x0081be20                OSMemCreate
                0x0081c03c                OSMemGet
                0x0081c140                OSMemNameGet
                0x0081c24c                OSMemNameSet
                0x0081c36c                OSMemPut
                0x0081c45c                OSMemQuery
                0x0081c558                OS_MemInit
 .text          0x0081c628     0x1334 ../testeWEB_bsp/\libucosii_bsp.a(os_q.o)
                0x0081c628                OSQAccept
                0x0081c77c                OSQCreate
                0x0081c990                OSQDel
                0x0081cc90                OSQFlush
                0x0081cd58                OSQPend
                0x0081d078                OSQPendAbort
                0x0081d1f4                OSQPost
                0x0081d374                OSQPostFront
                0x0081d4fc                OSQPostOpt
                0x0081d730                OSQQuery
                0x0081d8b0                OS_QInit
 .text          0x0081d95c      0xbc8 ../testeWEB_bsp/\libucosii_bsp.a(os_sem.o)
                0x0081d95c                OSSemAccept
                0x0081da1c                OSSemCreate
                0x0081db30                OSSemDel
                0x0081ddd0                OSSemPend
                0x0081e04c                OSSemPendAbort
                0x0081e1c8                OSSemPost
                0x0081e2f0                OSSemQuery
                0x0081e420                OSSemSet
 .text          0x0081e524     0x1a40 ../testeWEB_bsp/\libucosii_bsp.a(os_task.o)
                0x0081e524                OSTaskChangePrio
                0x0081ea98                OSTaskCreate
                0x0081ec6c                OSTaskCreateExt
                0x0081ee6c                OSTaskDel
                0x0081f278                OSTaskDelReq
                0x0081f3e8                OSTaskNameGet
                0x0081f5a0                OSTaskNameSet
                0x0081f764                OSTaskResume
                0x0081f97c                OSTaskStkChk
                0x0081fb78                OSTaskSuspend
                0x0081fda4                OSTaskQuery
                0x0081fee8                OS_TaskStkClr
 .text          0x0081ff64      0x670 ../testeWEB_bsp/\libucosii_bsp.a(os_time.o)
                0x0081ff64                OSTimeDly
                0x008200b0                OSTimeDlyHMSM
                0x008202fc                OSTimeDlyResume
                0x0082050c                OSTimeGet
                0x00820570                OSTimeSet
 .text          0x008205d4      0x138 ../testeWEB_bsp/\libucosii_bsp.a(alt_sys_init.o)
                0x008205d4                alt_irq_init
                0x00820608                alt_sys_init
 .text          0x0082070c      0x8c8 ../testeWEB_bsp/\libucosii_bsp.a(altera_avalon_cfi_flash.o)
                0x0082070c                alt_flash_cfi_init
                0x008207e0                alt_flash_cfi_write
                0x00820aa0                alt_flash_cfi_get_info
                0x00820b30                alt_flash_cfi_read
                0x00820b98                alt_write_value_to_flash
                0x00820cfc                alt_flash_program_block
 .text          0x00820fd4     0x14a8 ../testeWEB_bsp/\libucosii_bsp.a(altera_avalon_cfi_flash_table.o)
                0x00820fd4                alt_read_query_entry_8bit
                0x00821014                alt_read_query_entry_16bit
                0x00821058                alt_read_query_entry_32bit
                0x008210a0                alt_write_flash_command_8bit_device_8bit_mode
                0x008210dc                alt_write_flash_command_16bit_device_8bit_mode
                0x00821158                alt_write_flash_command_32bit_device_8bit_mode
                0x008211a0                alt_write_flash_command_16bit_device_16bit_mode
                0x008211e4                alt_write_flash_command_32bit_device_16bit_mode
                0x0082122c                alt_write_flash_command_32bit_device_32bit_mode
                0x00821274                alt_write_native_8bit
                0x008212a8                alt_write_native_16bit
                0x008212dc                alt_write_native_32bit
                0x0082130c                alt_set_flash_width_func
                0x008214ec                alt_set_flash_algorithm_func
                0x00821614                alt_read_cfi_table
                0x00821bf4                alt_read_cfi_width
                0x008223a0                alt_check_primary_table
 .text          0x0082247c      0x9e4 ../testeWEB_bsp/\libucosii_bsp.a(altera_avalon_epcs_flash_controller.o)
                0x0082247c                alt_epcs_flash_init
                0x00822898                alt_epcs_flash_write
                0x00822b18                alt_epcs_flash_get_info
                0x00822ba8                alt_epcs_flash_erase_block
                0x00822cac                alt_epcs_flash_write_block
                0x00822dc8                alt_epcs_flash_read
 .text          0x00822e60      0x148 ../testeWEB_bsp/\libucosii_bsp.a(altera_avalon_jtag_uart_fd.o)
                0x00822e60                altera_avalon_jtag_uart_read_fd
                0x00822eb8                altera_avalon_jtag_uart_write_fd
                0x00822f10                altera_avalon_jtag_uart_close_fd
                0x00822f58                altera_avalon_jtag_uart_ioctl_fd
 .text          0x00822fa8      0x584 ../testeWEB_bsp/\libucosii_bsp.a(altera_avalon_jtag_uart_init.o)
                0x00822fa8                altera_avalon_jtag_uart_init
                0x008234b8                altera_avalon_jtag_uart_close
 .text          0x0082352c       0xf4 ../testeWEB_bsp/\libucosii_bsp.a(altera_avalon_jtag_uart_ioctl.o)
                0x0082352c                altera_avalon_jtag_uart_ioctl
 .text          0x00823620      0x2c0 ../testeWEB_bsp/\libucosii_bsp.a(altera_avalon_jtag_uart_read.o)
                0x00823620                altera_avalon_jtag_uart_read
 .text          0x008238e0      0x2dc ../testeWEB_bsp/\libucosii_bsp.a(altera_avalon_jtag_uart_write.o)
                0x008238e0                altera_avalon_jtag_uart_write
 .text          0x00823bbc      0xf3c ../testeWEB_bsp/\libucosii_bsp.a(altera_avalon_lcd_16207.o)
                0x00824390                altera_avalon_lcd_16207_write
                0x00824994                altera_avalon_lcd_16207_init
 .text          0x00824af8       0x58 ../testeWEB_bsp/\libucosii_bsp.a(altera_avalon_lcd_16207_fd.o)
                0x00824af8                altera_avalon_lcd_16207_write_fd
 .text          0x00824b50      0x100 ../testeWEB_bsp/\libucosii_bsp.a(altera_avalon_timer_sc.o)
                0x00824bc0                alt_avalon_timer_sc_init
 .text          0x00824c50       0xf8 ../testeWEB_bsp/\libucosii_bsp.a(altera_avalon_uart_fd.o)
                0x00824c50                altera_avalon_uart_read_fd
                0x00824ca8                altera_avalon_uart_write_fd
                0x00824d00                altera_avalon_uart_close_fd
 .text          0x00824d48      0x57c ../testeWEB_bsp/\libucosii_bsp.a(altera_avalon_uart_init.o)
                0x00824d48                altera_avalon_uart_init
                0x00825264                altera_avalon_uart_close
 .text          0x008252c4      0x310 ../testeWEB_bsp/\libucosii_bsp.a(altera_avalon_uart_read.o)
                0x008252c4                altera_avalon_uart_read
 .text          0x008255d4      0x2a8 ../testeWEB_bsp/\libucosii_bsp.a(altera_avalon_uart_write.o)
                0x008255d4                altera_avalon_uart_write
 .text          0x0082587c      0xb70 ../testeWEB_bsp/\libucosii_bsp.a(altera_ro_zipfs.o)
                0x00825af0                check_directory_header
                0x00826048                alt_ro_zipfs_open
                0x008260e0                alt_ro_zipfs_read
                0x008261dc                alt_ro_zipfs_seek
                0x00826324                alt_ro_zipfs_fstat
                0x00826394                alt_ro_zipfs_check_valid
 .text          0x008263ec      0x6d4 ../testeWEB_bsp/\libucosii_bsp.a(epcs_commands.o)
                0x008263ec                epcs_read_status_register
                0x0082644c                epcs_sector_erase
                0x008265b4                epcs_read_buffer
                0x00826700                epcs_write_enable
                0x00826750                epcs_write_status_register
                0x008267b4                epcs_write_buffer
                0x00826924                epcs_read_electronic_signature
                0x00826990                epcs_read_device_id
                0x00826a10                epcs_enter_4_bytes_mode
                0x00826a68                epcs_exit_4_bytes_mode
 .text          0x00826ac0       0x54 ../testeWEB_bsp/\libucosii_bsp.a(alt_iniche_close.o)
                0x00826ac0                close
 .text          0x00826b14      0x144 ../testeWEB_bsp/\libucosii_bsp.a(alt_iniche_dev.o)
                0x00826b14                iniche_devices_init
 .text          0x00826c58       0x78 ../testeWEB_bsp/\libucosii_bsp.a(alt_iniche_read.o)
                0x00826c58                read
 .text          0x00826cd0       0x70 ../testeWEB_bsp/\libucosii_bsp.a(alt_iniche_write.o)
                0x00826cd0                write
 .text          0x00826d40      0xedc ../testeWEB_bsp/\libucosii_bsp.a(ipnet.o)
                0x00826d40                Netinit
                0x0082738c                fixup_subnet_mask
                0x008274ec                netclose
                0x008275d4                pktdemux
                0x008279a8                c_older
                0x00827a78                ip2mac
 .text          0x00827c1c      0x4b0 ../testeWEB_bsp/\libucosii_bsp.a(ipstart.o)
                0x00827c1c                ip_startup
                0x00827f00                exit_hook
                0x00827f6c                ip_exit
                0x0082803c                if_netnumber
 .text          0x008280cc     0x10e8 ../testeWEB_bsp/\libucosii_bsp.a(igmp_cmn.o)
                0x008280cc                igmp_init
                0x008281bc                igmp_input
                0x008282b4                igmp_fasttimo
                0x008284e8                igmp_send
                0x00828790                igmp_joingroup
                0x008289fc                igmp_leavegroup
                0x00828a78                igmp_validate
                0x00828dd4                igmp_print_stats
 .text          0x008291b4      0xbc8 ../testeWEB_bsp/\libucosii_bsp.a(bsdsock.o)
                0x008291b4                bsd_accept
                0x008292ec                bsd_getpeername
                0x00829418                bsd_getsockname
                0x00829544                bsd_i_sockoptlen
                0x008296fc                bsd_getsockopt
                0x0082981c                bsd_ioctl
                0x00829920                bsd_inet_ntoa
                0x00829950                bsd_recvfrom
                0x00829ab0                bsd_select
                0x00829c90                bsd_setsockopt
 .text          0x00829d7c      0x118 ../testeWEB_bsp/\libucosii_bsp.a(cksum.o)
                0x00829d7c                ccksum
                0x00829e2c                cksum
 .text          0x00829e94      0xa9c ../testeWEB_bsp/\libucosii_bsp.a(in_utils.o)
                0x00829e94                do_trap
                0x00829ec0                nextarg
                0x00829f3c                hexdump
                0x0082a084                print_ipad
                0x0082a0f8                print_uptime
                0x0082a224                panic
                0x0082a268                print_eth
                0x0082a3cc                uslash
                0x0082a44c                ns_printf
                0x0082a5d0                std_out
                0x0082a614                con_page
                0x0082a704                parse_args
 .text          0x0082a930      0x1c8 ../testeWEB_bsp/\libucosii_bsp.a(netmain.o)
                0x0082a930                netmain
                0x0082aa24                tk_netmain
                0x0082aaac                tk_nettick
 .text          0x0082aaf8      0x5e8 ../testeWEB_bsp/\libucosii_bsp.a(tk_crnos.o)
                0x0082aaf8                TK_OSTimeDly
                0x0082ab24                TK_OSTaskResume
                0x0082ab94                tcp_sleep
                0x0082ad34                tcp_wakeup
                0x0082ae38                TK_OSTaskQuery
                0x0082aeac                tk_yield
                0x0082aed8                tk_stats
 .text          0x0082b0e0     0x3294 ../testeWEB_bsp/\libucosii_bsp.a(dhcpclnt.o)
                0x0082b0e0                dhc_get_srv_ipaddr
                0x0082b170                dhc_init
                0x0082b22c                dhc_set_callback
                0x0082b270                dhc_upcall
                0x0082baa0                dhc_buildheader
                0x0082bcbc                dhc_discover
                0x0082c1d4                dhc_rx_offer
                0x0082c2d8                dhc_request
                0x0082ce14                dhc_setip
                0x0082d094                dhc_resetip
                0x0082d178                dhc_decline
                0x0082d35c                dhc_extract_opts
                0x0082d618                dhc_second
                0x0082df08                dhc_halt
                0x0082df90                dhc_reclaim
                0x0082e160                dhc_state_init
                0x0082e1c0                dhc_alldone
                0x0082e250                dhc_ifacedone
                0x0082e2c4                dhc_set_state
 .text          0x0082e374       0xcc ../testeWEB_bsp/\libucosii_bsp.a(dhcputil.o)
                0x0082e374                find_opt
 .text          0x0082e440      0x79c ../testeWEB_bsp/\libucosii_bsp.a(pktalloc.o)
                0x0082e440                pk_init
                0x0082e6d0                pk_alloc
                0x0082e7ac                pk_validate
                0x0082ea64                pk_free
                0x0082eb10                pk_get_max_intrsafe_buf_len
                0x0082eb30                dump_buf_estats
 .text          0x0082ebdc      0x288 ../testeWEB_bsp/\libucosii_bsp.a(q.o)
                0x0082ebdc                getq
                0x0082eca4                putq
                0x0082ed54                qdel
 .text          0x0082ee64      0x31c ../testeWEB_bsp/\libucosii_bsp.a(udp_open.o)
                0x0082ee64                udp_open
                0x0082f09c                udp_close
 .text          0x0082f180      0x194 ../testeWEB_bsp/\libucosii_bsp.a(asm_cksum.o)
                0x0082f180                asm_cksum
 .text          0x0082f314      0x2e4 ../testeWEB_bsp/\libucosii_bsp.a(brdutils.o)
                0x0082f314                dtrap
                0x0082f344                kbhit
                0x0082f3f0                getch
                0x0082f450                clock_init
                0x0082f48c                clock_c
                0x0082f4a8                cticks_hook
                0x0082f558                irq_Mask
                0x0082f5b4                irq_Unmask
 .text          0x0082f5f8      0x488 ../testeWEB_bsp/\libucosii_bsp.a(osportco.o)
                0x0082f5f8                LOCK_NET_RESOURCE
                0x0082f6b8                UNLOCK_NET_RESOURCE
                0x0082f740                TK_NEWTASK
                0x0082f954                wait_app_sem
                0x0082fa08                post_app_sem
 .text          0x0082fa80      0x568 ../testeWEB_bsp/\libucosii_bsp.a(targnios.o)
                0x0082fa80                alt_iniche_init
                0x0082fc9c                pre_task_setup
                0x0082fd10                post_task_setup
                0x0082fd30                prep_armintcp
                0x0082fd68                calloc2
                0x0082fd9c                npalloc
                0x0082fe90                npfree
                0x0082ff48                ncpalloc
                0x0082ff9c                ncpfree
 .text          0x0082ffe8     0x19b8 ../testeWEB_bsp/\libucosii_bsp.a(nptcp.o)
                0x0082ffe8                pffindtype
                0x00830088                pffindproto
                0x00830158                m_getnbuf
                0x00830300                m_free
                0x00830434                m_freem
                0x00830478                m_copy
                0x0083079c                m_adj
                0x0083096c                mbuf_len
                0x008309c4                dtom
                0x00830a6c                remque
                0x00830adc                insque
                0x00830b58                nptcp_init
                0x00830c7c                tcp_rcv
                0x00830e68                ip_output
                0x00831460                in_broadcast
                0x008314a0                np_stripoptions
                0x00831588                so_icmpdu
                0x008318e0                tcp_tick
 .text          0x008319a0      0xa2c ../testeWEB_bsp/\libucosii_bsp.a(rawsock.o)
                0x008319a0                rawip_lookup
                0x00831a10                rawip_soinput
                0x00831be4                rawip_usrreq
 .text          0x008323cc     0x17fc ../testeWEB_bsp/\libucosii_bsp.a(sockcall.o)
                0x008323cc                DOMAIN_CHECK
                0x00832418                t_socket
                0x008324a8                t_bind
                0x00832624                t_listen
                0x00832708                t_accept
                0x008329a0                t_connect
                0x00832c48                t_getpeername
                0x00832c8c                t_getsockname
                0x00832ecc                t_setsockopt
                0x008330a8                t_getsockopt
                0x0083324c                t_recv
                0x0083333c                t_recvfrom
                0x0083348c                t_sendto
                0x008336b8                t_send
                0x008338e0                t_shutdown
                0x008339c4                t_socketclose
                0x00833b2c                t_errno
 .text          0x00833bc8     0x23ec ../testeWEB_bsp/\libucosii_bsp.a(socket.o)
                0x00833bc8                socreate
                0x00833d94                sobind
                0x00833df0                solisten
                0x00833ee0                sofree
                0x00834010                soclose
                0x0083437c                soabort
                0x008343cc                soaccept
                0x00834468                soconnect
                0x0083453c                sodisconnect
                0x008345dc                sosend
                0x00834be4                soreceive
                0x008353c8                soshutdown
                0x00835470                sorflush
                0x00835570                sosetopt
                0x00835a30                sogetopt
                0x00835f70                sohasoutofband
 .text          0x00835fb4     0x1318 ../testeWEB_bsp/\libucosii_bsp.a(socket2.o)
                0x00835fb4                soisconnecting
                0x00836020                soisconnected
                0x0083611c                soisdisconnecting
                0x008361a8                soisdisconnected
                0x00836264                sonewconn
                0x00836480                soqinsque
                0x0083652c                soqremque
                0x0083664c                socantsendmore
                0x0083669c                socantrcvmore
                0x008366ec                sbselqueue
                0x00836724                sbwait
                0x0083678c                sbwakeup
                0x00836828                soreserve
                0x008368a8                sbreserve
                0x00836908                sbrelease
                0x00836950                sbappend
                0x008369f8                sbappendrecord
                0x00836ad8                sbappendaddr
                0x00836ce0                sbcompress
                0x00836ec8                sbflush
                0x00836f58                sbdrop
                0x00837128                sbdropend
                0x00837238                sbdroprecord
 .text          0x008372cc      0x914 ../testeWEB_bsp/\libucosii_bsp.a(soselect.o)
                0x008372cc                t_select
                0x008374ec                sock_selscan
                0x00837644                sock_select
                0x00837858                in_pcbnotify
                0x00837924                tcp_notify
                0x0083798c                ifd_clr
                0x00837a7c                ifd_set
                0x00837af0                ifd_isset
                0x00837b70                ifd_get
 .text          0x00837be0     0x3020 ../testeWEB_bsp/\libucosii_bsp.a(tcp_in.o)
                0x00837be0                tcp_reass
                0x00837fe8                tcp_input
                0x0083a53c                tcp_dooptions
                0x0083a6cc                tcp_pulloutofband
                0x0083a7f8                tcp_xmit_timer
                0x0083aa9c                ip4_tcpmss
                0x0083aae4                tcp_mss
 .text          0x0083ac00     0x1360 ../testeWEB_bsp/\libucosii_bsp.a(tcp_out.o)
                0x0083ac00                tcp_output
                0x0083bd7c                tcp_setpersist
 .text          0x0083bf60      0x9e8 ../testeWEB_bsp/\libucosii_bsp.a(tcp_subr.o)
                0x0083bf60                tcp_init
                0x0083bfb8                tcp_template
                0x0083c0d0                tcp_respond
                0x0083c558                tcp_newtcpcb
                0x0083c670                tcp_drop
                0x0083c71c                tcp_close
                0x0083c804                tcp_quench
                0x0083c850                tcp_putseq
                0x0083c8d0                tcp_getseq
 .text          0x0083c948      0x798 ../testeWEB_bsp/\libucosii_bsp.a(tcp_timr.o)
                0x0083c948                tcp_slowtimo
                0x0083cbe8                tcp_canceltimers
                0x0083cc44                tcp_timers
 .text          0x0083d0e0      0x9ec ../testeWEB_bsp/\libucosii_bsp.a(tcp_usr.o)
                0x0083d0e0                tcp_usrreq
                0x0083d7e4                tcp_attach
                0x0083d918                tcp_disconnect
                0x0083d9ec                tcp_usrclosed
 .text          0x0083dacc       0x4c ../testeWEB_bsp/\libucosii_bsp.a(tcpport.o)
                0x0083dacc                tcpinit
 .text          0x0083db18      0xd20 ../testeWEB_bsp/\libucosii_bsp.a(udpsock.o)
                0x0083db18                udp_lookup
                0x0083db88                udp_soinput
                0x0083dd40                udp_usrreq
                0x0083dfc4                udp4_sockbind
                0x0083e300                udp4_socksend
                0x0083e6dc                udp4_sockaddr
 .text          0x0083e838      0x154 ../testeWEB_bsp/\libucosii_bsp.a(alt_alarm_start.o)
                0x0083e838                alt_alarm_start
 .text          0x0083e98c      0x14c ../testeWEB_bsp/\libucosii_bsp.a(alt_busy_sleep.o)
                0x0083e98c                alt_busy_sleep
 .text          0x0083ead8      0x15c ../testeWEB_bsp/\libucosii_bsp.a(alt_close.o)
                0x0083ead8                alt_close
 .text          0x0083ec34       0x2c ../testeWEB_bsp/\libucosii_bsp.a(alt_dev.o)
 .text          0x0083ec60      0x114 ../testeWEB_bsp/\libucosii_bsp.a(alt_dev_llist_insert.o)
                0x0083ec60                alt_dev_llist_insert
 .text          0x0083ed74       0x64 ../testeWEB_bsp/\libucosii_bsp.a(alt_do_ctors.o)
                0x0083ed74                _do_ctors
 .text          0x0083edd8       0x64 ../testeWEB_bsp/\libucosii_bsp.a(alt_do_dtors.o)
                0x0083edd8                _do_dtors
 .text          0x0083ee3c        0x0 ../testeWEB_bsp/\libucosii_bsp.a(alt_errno.o)
 .text          0x0083ee3c       0x94 ../testeWEB_bsp/\libucosii_bsp.a(alt_find_dev.o)
                0x0083ee3c                alt_find_dev
 .text          0x0083eed0      0x120 ../testeWEB_bsp/\libucosii_bsp.a(alt_find_file.o)
                0x0083eed0                alt_find_file
 .text          0x0083eff0       0x90 ../testeWEB_bsp/\libucosii_bsp.a(alt_fs_reg.o)
                0x0083eff0                alt_fs_reg
 .text          0x0083f080       0xf4 ../testeWEB_bsp/\libucosii_bsp.a(alt_get_fd.o)
                0x0083f080                alt_get_fd
 .text          0x0083f174      0x1d4 ../testeWEB_bsp/\libucosii_bsp.a(alt_iic.o)
                0x0083f174                alt_ic_isr_register
                0x0083f1c4                alt_ic_irq_enable
                0x0083f260                alt_ic_irq_disable
                0x0083f300                alt_ic_irq_enabled
 .text          0x0083f348       0xf8 ../testeWEB_bsp/\libucosii_bsp.a(alt_iic_isr_register.o)
                0x0083f348                alt_iic_isr_register
 .text          0x0083f440      0x13c ../testeWEB_bsp/\libucosii_bsp.a(alt_io_redirect.o)
                0x0083f504                alt_io_redirect
 .text          0x0083f57c        0x0 ../testeWEB_bsp/\libucosii_bsp.a(alt_irq_entry.o)
 .text          0x0083f57c        0x0 ../testeWEB_bsp/\libucosii_bsp.a(alt_irq_handler.o)
 .text          0x0083f57c      0x180 ../testeWEB_bsp/\libucosii_bsp.a(alt_read.o)
                0x0083f57c                alt_read
 .text          0x0083f6fc       0x38 ../testeWEB_bsp/\libucosii_bsp.a(alt_remap_cached.o)
                0x0083f6fc                alt_remap_cached
 .text          0x0083f734       0x40 ../testeWEB_bsp/\libucosii_bsp.a(alt_remap_uncached.o)
                0x0083f734                alt_remap_uncached
 .text          0x0083f774      0x180 ../testeWEB_bsp/\libucosii_bsp.a(alt_write.o)
                0x0083f774                alt_write
 .text          0x0083f8f4       0x20 ../testeWEB_bsp/\libucosii_bsp.a(altera_nios2_qsys_irq.o)
                0x0083f8f4                altera_nios2_qsys_irq_init
 .text          0x0083f914       0xd0 ../testeWEB_bsp/\libucosii_bsp.a(os_cpu_a.o)
                0x0083f914                OSCtxSw
                0x0083f914                OSIntCtxSw
                0x0083f9a0                OSStartHighRdy
                0x0083f9c0                OSStartTsk
 .text          0x0083f9e4      0x424 ../testeWEB_bsp/\libucosii_bsp.a(os_cpu_c.o)
                0x0083f9e4                OSTaskStkInit
                0x0083fcf4                OSTaskCreateHook
                0x0083fd14                OSTaskDelHook
                0x0083fd34                OSTaskSwHook
                0x0083fd50                OSTaskStatHook
                0x0083fd6c                OSTimeTickHook
                0x0083fd94                OSInitHookBegin
                0x0083fdb0                OSInitHookEnd
                0x0083fdcc                OSTaskIdleHook
                0x0083fde8                OSTCBInitHook
 .text          0x0083fe08      0x460 ../testeWEB_bsp/\libucosii_bsp.a(altera_avalon_cfi_flash_amd.o)
                0x0083fe08                alt_program_amd
                0x0083fe70                alt_erase_block_amd
 .text          0x00840268      0x460 ../testeWEB_bsp/\libucosii_bsp.a(altera_avalon_cfi_flash_intel.o)
                0x00840268                alt_program_intel
                0x008402ec                alt_erase_block_intel
 .text          0x008406c8      0x238 ../testeWEB_bsp/\libucosii_bsp.a(altera_avalon_spi.o)
                0x008406c8                alt_avalon_spi_command
 .text          0x00840900      0x444 ../testeWEB_bsp/\libucosii_bsp.a(allports.o)
                0x00840900                netmain_init
                0x008409fc                icmp_port_du
                0x00840a84                station_state
                0x00840be8                sysuptime
                0x00840c7c                packet_check
                0x00840cc8                mcastlist
                0x00840cec                prep_modules
 .text          0x00840d44      0x580 ../testeWEB_bsp/\libucosii_bsp.a(timeouts.o)
                0x00840d44                inet_timer
                0x00841044                in_timerset
                0x0084121c                in_timerkill
 .text          0x008412c4       0xa4 ../testeWEB_bsp/\libucosii_bsp.a(tk_misc.o)
                0x008412c4                create_apptasks
                0x008412e8                task_stats
 .text          0x00841368       0xb0 ../testeWEB_bsp/\libucosii_bsp.a(alt_iniche_fcntl.o)
                0x00841368                fcntl
 .text          0x00841418     0x15b0 ../testeWEB_bsp/\libucosii_bsp.a(et_arp.o)
                0x00841418                etainit
                0x0084146c                et_send
                0x008415e8                arp_free_pending
                0x00841670                arp_send_pending
                0x008416e4                send_arp
                0x00841b7c                find_oldest_arp
                0x00841d78                make_arp_entry
                0x00841e8c                arpReply
                0x00842120                arprcv
                0x00842380                send_via_arp
                0x00842550                cb_arpent_tmo
                0x008426fc                grat_arp
 .text          0x008429c8      0x298 ../testeWEB_bsp/\libucosii_bsp.a(iface.o)
                0x008429c8                if_getbynum
                0x00842a4c                isbcast
                0x00842b2c                reg_type
                0x00842bc8                if_killsocks
 .text          0x00842c60     0x22a4 ../testeWEB_bsp/\libucosii_bsp.a(ip.o)
                0x00842c60                ip_init
                0x00842d5c                ip_bldhead
                0x00842f00                ip_write_internal
                0x00843680                ip_write
                0x008438c8                ip_write2
                0x00843c78                ip_raw_write
                0x00843d50                ip_fragment_lc
                0x008441d8                ip_fragment
                0x008447fc                ip_mymach
                0x008448a8                ip_dump
                0x00844b60                iproute
                0x00844dcc                ip_copypkt
 .text          0x00844f04     0x1e08 ../testeWEB_bsp/\libucosii_bsp.a(ip_reasm.o)
                0x00844f04                ip_reasm_match_frag_with_ire
                0x00844fd4                ip_reasm_determine_type_of_frag
                0x008450c0                ip_reasm_check_mem_useage
                0x00845158                ip_reasm_incr_mem_useage
                0x00845200                ip_reasm_decr_mem_useage
                0x008452a0                ip_reasm_process_first_fragment
                0x00845580                ip_reassm
                0x00845620                ip_reasm_compute_overlap
                0x00845bb0                ip_reasm_process_subsequent_fragments
                0x00846144                ip_reasm_find_ire
                0x008461a8                ip_reasm_copy_queued_fragments_into_reassy_buffer
                0x00846504                ip_reasm_process_timer_tick
                0x00846624                ip_reasm_delete_ire
                0x008467ec                ip_reasm_mark_compact_rfq
                0x00846934                ipr_stats
                0x00846cb8                ip_reasm_send_icmp_timex
 .text          0x00846d0c      0xe3c ../testeWEB_bsp/\libucosii_bsp.a(ipdemux.o)
                0x00846d0c                ip_rcv
                0x0084710c                ip_rcv_phase2
                0x00847718                ip_demux
 .text          0x00847b48      0x2f0 ../testeWEB_bsp/\libucosii_bsp.a(ipmc.o)
                0x00847b48                in_addmulti
                0x00847cb0                in_delmulti
                0x00847dc8                lookup_mcast
 .text          0x00847e38       0xe4 ../testeWEB_bsp/\libucosii_bsp.a(ipport.o)
                0x00847e38                prep_ifaces
                0x00847ecc                netexit
                0x00847ef4                evtmap_setup
 .text          0x00847f1c      0x550 ../testeWEB_bsp/\libucosii_bsp.a(ipraw.o)
                0x00847f1c                ip_raw_open
                0x0084800c                ip_raw_close
                0x008480cc                ip_raw_input
                0x00848304                ip_raw_alloc
                0x008483d0                ip_raw_free
                0x00848410                ip_raw_maxalloc
 .text          0x0084846c      0x6f0 ../testeWEB_bsp/\libucosii_bsp.a(iproute.o)
                0x0084846c                rt_lookup
                0x008485f0                add_route
                0x00848a18                del_route
 .text          0x00848b5c      0xe3c ../testeWEB_bsp/\libucosii_bsp.a(udp.o)
                0x00848b5c                udpdemux
                0x008493b4                udp_send
                0x0084966c                udpswap
                0x0084979c                udp_socket
                0x0084986c                udp_alloc
                0x0084992c                udp_maxalloc
                0x00849958                udp_free
 .text          0x00849998      0x2e8 ../testeWEB_bsp/\libucosii_bsp.a(igmp.o)
                0x00849998                igmpv1_input
 .text          0x00849c80      0x7c0 ../testeWEB_bsp/\libucosii_bsp.a(igmp2.o)
                0x00849c80                igmpv2_input
                0x00849de0                igmpv2_process_report
                0x00849f2c                igmpv2_process_query
                0x0084a178                igmpv2_chk_set_timer
                0x0084a2d0                igmpv2_chk4_rtr_alert_opt
 .text          0x0084a440      0x8fc ../testeWEB_bsp/\libucosii_bsp.a(ipopt.o)
                0x0084a440                IPADDR_TO_NETP
                0x0084a588                ip_setmoptions
                0x0084ab78                ip_getmoptions
                0x0084acb8                ip_freemoptions
 .text          0x0084ad3c      0x6e8 ../testeWEB_bsp/\libucosii_bsp.a(u_mctest.o)
                0x0084ad3c                u_mctest_init
                0x0084ad6c                u_mctest_run
 .text          0x0084b424      0x3d0 ../testeWEB_bsp/\libucosii_bsp.a(dhcsetup.o)
                0x0084b424                dhc_setup
                0x0084b6f0                dhc_main_ipset
 .text          0x0084b7f4      0x40c ../testeWEB_bsp/\libucosii_bsp.a(memdev.o)
                0x0084b7f4                init_memdev
                0x0084b86c                md_fopen
                0x0084b894                md_fclose
                0x0084b8b4                md_fread
                0x0084ba34                md_fwrite
                0x0084bab4                md_fseek
                0x0084bae0                md_ftell
                0x0084bb04                md_fgetc
                0x0084bbdc                md_unlink
 .text          0x0084bc00      0x810 ../testeWEB_bsp/\libucosii_bsp.a(parseip.o)
                0x0084bc00                parse_ipad
                0x0084bf1c                inet_addr
                0x0084bf84                hextoa
                0x0084bff4                inet_pton
                0x0084c0a0                inet_ntop
                0x0084c12c                print46_addr
                0x0084c18c                inet46_addr
                0x0084c250                inet_setport
                0x0084c2c4                convert_ip
 .text          0x0084c410      0x1cc ../testeWEB_bsp/\libucosii_bsp.a(tcpcksum.o)
                0x0084c410                tcp_cksum
 .text          0x0084c5dc      0x900 ../testeWEB_bsp/\libucosii_bsp.a(in_pcb.o)
                0x0084c5dc                in_pcballoc
                0x0084c670                in_pcbdetach
                0x0084c6c4                in_pcbbind
                0x0084c918                in_pcbconnect
                0x0084cb28                in_pcbdisconnect
                0x0084cb88                in_setsockaddr
                0x0084cc04                in_setpeeraddr
                0x0084cc80                in_pcblookup
 .text          0x0084cedc     0x1a74 ../testeWEB_bsp/\libucosii_bsp.a(vfsfiles.o)
                0x0084cedc                set_vfopen_error
                0x0084cf04                get_vfopen_error
                0x0084cf24                vf_alloc_and_link_vop
                0x0084cfa0                vf_alloc_buffer
                0x0084d078                vf_free_buffer
                0x0084d0c8                vfopen_locked
                0x0084d430                vfopen
                0x0084d480                vfclose_locked
                0x0084d628                vfclose
                0x0084d668                vfflush
                0x0084d6b0                vfgets
                0x0084d794                vfeof
                0x0084d7ec                vunlink_flag_open_files
                0x0084d848                vunlink
                0x0084da68                vfread
                0x0084dc14                vfwrite_locked
                0x0084dffc                vfwrite
                0x0084e05c                vfseek
                0x0084e1d8                vftell
                0x0084e30c                vgetc_locked
                0x0084e42c                vgetc
                0x0084e474                vfslookup_locked
                0x0084e5ac                vfslookup
                0x0084e5f4                strippath
                0x0084e7dc                isvfile_locked
                0x0084e840                isvfile
                0x0084e888                vferror
                0x0084e8f4                vclearerr
 .text          0x0084e950       0x24 ../testeWEB_bsp/\libucosii_bsp.a(vfsport.o)
                0x0084e950                prep_vfs
 .text          0x0084e974        0x0 ../testeWEB_bsp/\libucosii_bsp.a(alt_exception_entry.o)
 .text          0x0084e974      0x1b4 ../testeWEB_bsp/\libucosii_bsp.a(alt_fcntl.o)
                0x0084e974                alt_fcntl
 .text          0x0084eb28     0x130c ../testeWEB_bsp/\libucosii_bsp.a(icmp.o)
                0x0084eb28                icmprcv
                0x0084f75c                icmp_destun
                0x0084faac                icmp_timex
                0x0084fde0                icmp_du
 .text          0x0084fe34       0x14 e:/altera/13.0sp1_new/nios2eds/bin/gnu/h-i686-mingw32/bin/../lib/gcc/nios2-elf/4.1.2/../../../../nios2-elf/lib\libc.a(lib_a-atexit.o)
                0x0084fe34                atexit
 .text          0x0084fe48       0x1c e:/altera/13.0sp1_new/nios2eds/bin/gnu/h-i686-mingw32/bin/../lib/gcc/nios2-elf/4.1.2/../../../../nios2-elf/lib\libc.a(lib_a-calloc.o)
                0x0084fe48                calloc
 .text          0x0084fe64       0x38 e:/altera/13.0sp1_new/nios2eds/bin/gnu/h-i686-mingw32/bin/../lib/gcc/nios2-elf/4.1.2/../../../../nios2-elf/lib\libc.a(lib_a-exit.o)
                0x0084fe64                exit
 .text          0x0084fe9c       0x28 e:/altera/13.0sp1_new/nios2eds/bin/gnu/h-i686-mingw32/bin/../lib/gcc/nios2-elf/4.1.2/../../../../nios2-elf/lib\libc.a(lib_a-malloc.o)
                0x0084fe9c                free
                0x0084feb0                malloc
 .text          0x0084fec4       0x34 e:/altera/13.0sp1_new/nios2eds/bin/gnu/h-i686-mingw32/bin/../lib/gcc/nios2-elf/4.1.2/../../../../nios2-elf/lib\libc.a(lib_a-vprintf.o)
                0x0084fec4                _vprintf_r
                0x0084fed8                vprintf
 .text          0x0084fef8       0x74 e:/altera/13.0sp1_new/nios2eds/bin/gnu/h-i686-mingw32/bin/../lib/gcc/nios2-elf/4.1.2/../../../../nios2-elf/lib\libc.a(lib_a-vsprintf.o)
                0x0084fef8                _vsprintf_r
                0x0084ff48                vsprintf
 .text          0x0084ff6c      0x134 e:/altera/13.0sp1_new/nios2eds/bin/gnu/h-i686-mingw32/bin/../lib/gcc/nios2-elf/4.1.2/../../../../nios2-elf/lib\libc.a(lib_a-__atexit.o)
                0x0084ff6c                __register_exitproc
 .text          0x008500a0      0x1b4 e:/altera/13.0sp1_new/nios2eds/bin/gnu/h-i686-mingw32/bin/../lib/gcc/nios2-elf/4.1.2/../../../../nios2-elf/lib\libc.a(lib_a-__call_atexit.o)
                0x008500a4                __call_exitprocs
 .text          0x00850254       0x6c ../testeWEB_bsp/\libucosii_bsp.a(alt_exit.o)
                0x00850294                _exit
 *(.gnu.warning.*)
 *(.fini)
                0x008502c0                PROVIDE (__etext, ABSOLUTE (.))
                0x008502c0                PROVIDE (_etext, ABSOLUTE (.))
                0x008502c0                PROVIDE (etext, ABSOLUTE (.))
 *(.eh_frame_hdr)
                0x008502c0                . = ALIGN (0x4)
                0x008502c0                PROVIDE (__preinit_array_start, ABSOLUTE (.))
 *(.preinit_array)
                0x008502c0                PROVIDE (__preinit_array_end, ABSOLUTE (.))
                0x008502c0                PROVIDE (__init_array_start, ABSOLUTE (.))
 *(.init_array)
                0x008502c0                PROVIDE (__init_array_end, ABSOLUTE (.))
                0x008502c0                PROVIDE (__fini_array_start, ABSOLUTE (.))
 *(.fini_array)
                0x008502c0                PROVIDE (__fini_array_end, ABSOLUTE (.))
 *(.eh_frame)
 *(.gcc_except_table)
 *(.dynamic)
                0x008502c0                PROVIDE (__CTOR_LIST__, ABSOLUTE (.))
 *(.ctors)
 *(SORT(.ctors.*))
 .ctors.65535   0x008502c0        0x4 e:/altera/13.0sp1_new/nios2eds/bin/gnu/h-i686-mingw32/bin/../lib/gcc/nios2-elf/4.1.2/../../../../nios2-elf/lib\libc.a(lib_a-__call_atexit.o)
                0x008502c4                PROVIDE (__CTOR_END__, ABSOLUTE (.))
                0x008502c4                PROVIDE (__DTOR_LIST__, ABSOLUTE (.))
 *(.dtors)
 *(SORT(.dtors.*))
                0x008502c4                PROVIDE (__DTOR_END__, ABSOLUTE (.))
 *(.jcr)
                0x008502c4                . = ALIGN (0x4)

.rodata         0x008502c4     0x42d8
                0x008502c4                PROVIDE (__ram_rodata_start, ABSOLUTE (.))
                0x008502c4                . = ALIGN (0x4)
 *(.rodata .rodata.* .gnu.linkonce.r.*)
 .rodata        0x008502c4      0x654 obj/default/alt_error_handler.o
 .rodata        0x00850918       0x64 obj/default/dm9000a.o
 .rodata        0x0085097c      0x838 obj/default/http.o
 .rodata        0x008511b4      0x23c obj/default/network_utilities.o
 .rodata        0x008513f0      0x1ac obj/default/srec_flash.o
 .rodata        0x0085159c       0x7c obj/default/web_server.o
 .rodata        0x00851618       0x14 e:/altera/13.0sp1_new/nios2eds/bin/gnu/h-i686-mingw32/bin/../lib/gcc/nios2-elf/4.1.2\libgcc.a(_thenan_df.o)
                0x00851618                __thenan_df
 .rodata        0x0085162c      0x100 e:/altera/13.0sp1_new/nios2eds/bin/gnu/h-i686-mingw32/bin/../lib/gcc/nios2-elf/4.1.2\libgcc.a(_clz.o)
                0x0085162c                __clz_tab
 .rodata        0x0085172c      0x281 e:/altera/13.0sp1_new/nios2eds/bin/gnu/h-i686-mingw32/bin/../lib/gcc/nios2-elf/4.1.2/../../../../nios2-elf/lib\libc.a(lib_a-ctype_.o)
                0x0085172c                _ctype_
 *fill*         0x008519ad        0x3 00
 .rodata.str1.4
                0x008519b0        0x2 e:/altera/13.0sp1_new/nios2eds/bin/gnu/h-i686-mingw32/bin/../lib/gcc/nios2-elf/4.1.2/../../../../nios2-elf/lib\libc.a(lib_a-impure.o)
                                  0x4 (size before relaxing)
 *fill*         0x008519b2        0x2 00
 .rodata.str1.4
                0x008519b4        0x3 e:/altera/13.0sp1_new/nios2eds/bin/gnu/h-i686-mingw32/bin/../lib/gcc/nios2-elf/4.1.2/../../../../nios2-elf/lib\libc.a(lib_a-perror.o)
                                  0x4 (size before relaxing)
 *fill*         0x008519b7        0x1 00
 .rodata.str1.4
                0x008519b8        0x2 e:/altera/13.0sp1_new/nios2eds/bin/gnu/h-i686-mingw32/bin/../lib/gcc/nios2-elf/4.1.2/../../../../nios2-elf/lib\libc.a(lib_a-puts.o)
                                  0x4 (size before relaxing)
 *fill*         0x008519ba        0x2 00
 .rodata.str1.4
                0x008519bc      0x7a2 e:/altera/13.0sp1_new/nios2eds/bin/gnu/h-i686-mingw32/bin/../lib/gcc/nios2-elf/4.1.2/../../../../nios2-elf/lib\libc.a(lib_a-strerror.o)
                                0x7a8 (size before relaxing)
 *fill*         0x0085215e        0x2 00
 .rodata.str1.4
                0x00852160       0x5e e:/altera/13.0sp1_new/nios2eds/bin/gnu/h-i686-mingw32/bin/../lib/gcc/nios2-elf/4.1.2/../../../../nios2-elf/lib\libc.a(lib_a-vfprintf.o)
                                 0x60 (size before relaxing)
 .rodata        0x008521be       0x20 e:/altera/13.0sp1_new/nios2eds/bin/gnu/h-i686-mingw32/bin/../lib/gcc/nios2-elf/4.1.2/../../../../nios2-elf/lib\libc.a(lib_a-vfprintf.o)
 *fill*         0x008521de        0x2 00
 .rodata.str1.4
                0x008521e0        0x5 e:/altera/13.0sp1_new/nios2eds/bin/gnu/h-i686-mingw32/bin/../lib/gcc/nios2-elf/4.1.2/../../../../nios2-elf/lib\libc.a(lib_a-vfscanf.o)
                                  0x8 (size before relaxing)
 *fill*         0x008521e5        0x1 00
 .rodata        0x008521e6       0x22 e:/altera/13.0sp1_new/nios2eds/bin/gnu/h-i686-mingw32/bin/../lib/gcc/nios2-elf/4.1.2/../../../../nios2-elf/lib\libc.a(lib_a-vfscanf.o)
 .rodata.str1.4
                0x00852208       0x10 e:/altera/13.0sp1_new/nios2eds/bin/gnu/h-i686-mingw32/bin/../lib/gcc/nios2-elf/4.1.2/../../../../nios2-elf/lib\libc.a(lib_a-dtoa.o)
                                 0x14 (size before relaxing)
 .rodata.str1.4
                0x00852218        0xf e:/altera/13.0sp1_new/nios2eds/bin/gnu/h-i686-mingw32/bin/../lib/gcc/nios2-elf/4.1.2/../../../../nios2-elf/lib\libc.a(lib_a-locale.o)
                                 0x18 (size before relaxing)
 *fill*         0x00852227        0x1 00
 .rodata        0x00852228       0x30 e:/altera/13.0sp1_new/nios2eds/bin/gnu/h-i686-mingw32/bin/../lib/gcc/nios2-elf/4.1.2/../../../../nios2-elf/lib\libc.a(lib_a-locale.o)
 .rodata.str1.4
                0x00000000        0x4 e:/altera/13.0sp1_new/nios2eds/bin/gnu/h-i686-mingw32/bin/../lib/gcc/nios2-elf/4.1.2/../../../../nios2-elf/lib\libc.a(lib_a-mbrtowc.o)
 .rodata        0x00852258      0x124 e:/altera/13.0sp1_new/nios2eds/bin/gnu/h-i686-mingw32/bin/../lib/gcc/nios2-elf/4.1.2/../../../../nios2-elf/lib\libc.a(lib_a-mprec.o)
                0x00852258                __mprec_tens
                0x00852320                __mprec_bigtens
                0x00852348                __mprec_tinytens
 .rodata.str1.4
                0x0085237c        0xf e:/altera/13.0sp1_new/nios2eds/bin/gnu/h-i686-mingw32/bin/../lib/gcc/nios2-elf/4.1.2/../../../../nios2-elf/lib\libc.a(lib_a-strtod.o)
                                 0x10 (size before relaxing)
 *fill*         0x0085238b        0x1 00
 .rodata        0x0085238c       0x28 e:/altera/13.0sp1_new/nios2eds/bin/gnu/h-i686-mingw32/bin/../lib/gcc/nios2-elf/4.1.2/../../../../nios2-elf/lib\libc.a(lib_a-strtod.o)
 .rodata.str1.4
                0x008523b4       0x1c e:/altera/13.0sp1_new/nios2eds/bin/gnu/h-i686-mingw32/bin/../lib/gcc/nios2-elf/4.1.2/../../../../nios2-elf/lib\libc.a(lib_a-gdtoa-gethex.o)
 .rodata        0x008523d0       0x14 ../testeWEB_bsp/\libucosii_bsp.a(alt_main.o)
 .rodata        0x008523e4      0x120 ../testeWEB_bsp/\libucosii_bsp.a(os_core.o)
                0x008523e4                OSUnMapTbl
 .rodata        0x00852504       0x70 ../testeWEB_bsp/\libucosii_bsp.a(alt_sys_init.o)
 .rodata        0x00852574       0xd8 ../testeWEB_bsp/\libucosii_bsp.a(ipnet.o)
 .rodata        0x0085264c       0xec ../testeWEB_bsp/\libucosii_bsp.a(ipstart.o)
 .rodata        0x00852738      0x54c ../testeWEB_bsp/\libucosii_bsp.a(igmp_cmn.o)
 .rodata        0x00852c84       0xb8 ../testeWEB_bsp/\libucosii_bsp.a(in_utils.o)
 .rodata        0x00852d3c       0x34 ../testeWEB_bsp/\libucosii_bsp.a(netmain.o)
 .rodata        0x00852d70      0x1a8 ../testeWEB_bsp/\libucosii_bsp.a(tk_crnos.o)
 .rodata        0x00852f18        0x8 ../testeWEB_bsp/\libucosii_bsp.a(dhcpclnt.o)
 .rodata        0x00852f20      0x118 ../testeWEB_bsp/\libucosii_bsp.a(pktalloc.o)
 .rodata        0x00853038       0x84 ../testeWEB_bsp/\libucosii_bsp.a(udp_open.o)
 .rodata        0x008530bc       0x2c ../testeWEB_bsp/\libucosii_bsp.a(brdutils.o)
 .rodata        0x008530e8      0x26c ../testeWEB_bsp/\libucosii_bsp.a(osportco.o)
 .rodata        0x00853354       0xa0 ../testeWEB_bsp/\libucosii_bsp.a(targnios.o)
 .rodata        0x008533f4       0x90 ../testeWEB_bsp/\libucosii_bsp.a(nptcp.o)
 .rodata        0x00853484        0x8 ../testeWEB_bsp/\libucosii_bsp.a(sockcall.o)
 .rodata        0x0085348c       0x50 ../testeWEB_bsp/\libucosii_bsp.a(socket.o)
 .rodata        0x008534dc       0x40 ../testeWEB_bsp/\libucosii_bsp.a(socket2.o)
 .rodata        0x0085351c       0x20 ../testeWEB_bsp/\libucosii_bsp.a(tcp_in.o)
 .rodata        0x0085353c       0x40 ../testeWEB_bsp/\libucosii_bsp.a(tcp_out.o)
 .rodata        0x0085357c       0x24 ../testeWEB_bsp/\libucosii_bsp.a(tcp_subr.o)
 .rodata        0x008535a0       0x2c ../testeWEB_bsp/\libucosii_bsp.a(tcp_usr.o)
 .rodata        0x008535cc        0xc ../testeWEB_bsp/\libucosii_bsp.a(alt_dev.o)
 .rodata        0x008535d8        0x4 ../testeWEB_bsp/\libucosii_bsp.a(os_cpu_c.o)
 .rodata        0x008535dc      0x1d4 ../testeWEB_bsp/\libucosii_bsp.a(allports.o)
 .rodata        0x008537b0       0x34 ../testeWEB_bsp/\libucosii_bsp.a(tk_misc.o)
 .rodata        0x008537e4       0x44 ../testeWEB_bsp/\libucosii_bsp.a(et_arp.o)
 .rodata        0x00853828      0x1dc ../testeWEB_bsp/\libucosii_bsp.a(ip.o)
 .rodata        0x00853a04      0x158 ../testeWEB_bsp/\libucosii_bsp.a(ip_reasm.o)
 .rodata        0x00853b5c      0x120 ../testeWEB_bsp/\libucosii_bsp.a(ipdemux.o)
 .rodata        0x00853c7c       0x34 ../testeWEB_bsp/\libucosii_bsp.a(ipport.o)
 .rodata        0x00853cb0       0x24 ../testeWEB_bsp/\libucosii_bsp.a(ipraw.o)
 .rodata        0x00853cd4       0x38 ../testeWEB_bsp/\libucosii_bsp.a(iproute.o)
 .rodata        0x00853d0c       0xe8 ../testeWEB_bsp/\libucosii_bsp.a(udp.o)
 .rodata        0x00853df4      0x2d0 ../testeWEB_bsp/\libucosii_bsp.a(u_mctest.o)
 .rodata        0x008540c4       0xf8 ../testeWEB_bsp/\libucosii_bsp.a(dhcsetup.o)
 .rodata        0x008541bc       0x94 ../testeWEB_bsp/\libucosii_bsp.a(parseip.o)
 .rodata        0x00854250       0x34 ../testeWEB_bsp/\libucosii_bsp.a(vfsfiles.o)
 .rodata        0x00854284      0x318 ../testeWEB_bsp/\libucosii_bsp.a(icmp.o)
 *(.rodata1)
                0x0085459c                . = ALIGN (0x4)