Archive member included because of file (symbol)

c:/altera/13.0/nios2eds/bin/gnu/h-i686-mingw32/bin/../lib/gcc/nios2-elf/4.1.2/../../../../nios2-elf/lib\libc.a(lib_a-puts.o)
                              obj/default/hello_world.o (puts)
c:/altera/13.0/nios2eds/bin/gnu/h-i686-mingw32/bin/../lib/gcc/nios2-elf/4.1.2/../../../../nios2-elf/lib\libc.a(lib_a-strlen.o)
                              c:/altera/13.0/nios2eds/bin/gnu/h-i686-mingw32/bin/../lib/gcc/nios2-elf/4.1.2/../../../../nios2-elf/lib\libc.a(lib_a-puts.o) (strlen)
c:/altera/13.0/nios2eds/bin/gnu/h-i686-mingw32/bin/../lib/gcc/nios2-elf/4.1.2/../../../../nios2-elf/lib\libc.a(lib_a-fvwrite.o)
                              c:/altera/13.0/nios2eds/bin/gnu/h-i686-mingw32/bin/../lib/gcc/nios2-elf/4.1.2/../../../../nios2-elf/lib\libc.a(lib_a-puts.o) (__sfvwrite_r)
c:/altera/13.0/nios2eds/bin/gnu/h-i686-mingw32/bin/../lib/gcc/nios2-elf/4.1.2/../../../../nios2-elf/lib\libc.a(lib_a-impure.o)
                              c:/altera/13.0/nios2eds/bin/gnu/h-i686-mingw32/bin/../lib/gcc/nios2-elf/4.1.2/../../../../nios2-elf/lib\libc.a(lib_a-puts.o) (_impure_ptr)
c:/altera/13.0/nios2eds/bin/gnu/h-i686-mingw32/bin/../lib/gcc/nios2-elf/4.1.2/../../../../nios2-elf/lib\libc.a(lib_a-mallocr.o)
                              c:/altera/13.0/nios2eds/bin/gnu/h-i686-mingw32/bin/../lib/gcc/nios2-elf/4.1.2/../../../../nios2-elf/lib\libc.a(lib_a-fvwrite.o) (_malloc_r)
c:/altera/13.0/nios2eds/bin/gnu/h-i686-mingw32/bin/../lib/gcc/nios2-elf/4.1.2/../../../../nios2-elf/lib\libc.a(lib_a-memchr.o)
                              c:/altera/13.0/nios2eds/bin/gnu/h-i686-mingw32/bin/../lib/gcc/nios2-elf/4.1.2/../../../../nios2-elf/lib\libc.a(lib_a-fvwrite.o) (memchr)
c:/altera/13.0/nios2eds/bin/gnu/h-i686-mingw32/bin/../lib/gcc/nios2-elf/4.1.2/../../../../nios2-elf/lib\libc.a(lib_a-memcpy.o)
                              c:/altera/13.0/nios2eds/bin/gnu/h-i686-mingw32/bin/../lib/gcc/nios2-elf/4.1.2/../../../../nios2-elf/lib\libc.a(lib_a-fvwrite.o) (memcpy)
c:/altera/13.0/nios2eds/bin/gnu/h-i686-mingw32/bin/../lib/gcc/nios2-elf/4.1.2/../../../../nios2-elf/lib\libc.a(lib_a-memmove.o)
                              c:/altera/13.0/nios2eds/bin/gnu/h-i686-mingw32/bin/../lib/gcc/nios2-elf/4.1.2/../../../../nios2-elf/lib\libc.a(lib_a-fvwrite.o) (memmove)
c:/altera/13.0/nios2eds/bin/gnu/h-i686-mingw32/bin/../lib/gcc/nios2-elf/4.1.2/../../../../nios2-elf/lib\libc.a(lib_a-reallocr.o)
                              c:/altera/13.0/nios2eds/bin/gnu/h-i686-mingw32/bin/../lib/gcc/nios2-elf/4.1.2/../../../../nios2-elf/lib\libc.a(lib_a-fvwrite.o) (_realloc_r)
c:/altera/13.0/nios2eds/bin/gnu/h-i686-mingw32/bin/../lib/gcc/nios2-elf/4.1.2/../../../../nios2-elf/lib\libc.a(lib_a-sbrkr.o)
                              c:/altera/13.0/nios2eds/bin/gnu/h-i686-mingw32/bin/../lib/gcc/nios2-elf/4.1.2/../../../../nios2-elf/lib\libc.a(lib_a-mallocr.o) (_sbrk_r)
c:/altera/13.0/nios2eds/bin/gnu/h-i686-mingw32/bin/../lib/gcc/nios2-elf/4.1.2/../../../../nios2-elf/lib\libc.a(lib_a-wsetup.o)
                              c:/altera/13.0/nios2eds/bin/gnu/h-i686-mingw32/bin/../lib/gcc/nios2-elf/4.1.2/../../../../nios2-elf/lib\libc.a(lib_a-fvwrite.o) (__swsetup_r)
c:/altera/13.0/nios2eds/bin/gnu/h-i686-mingw32/bin/../lib/gcc/nios2-elf/4.1.2/../../../../nios2-elf/lib\libc.a(lib_a-fflush.o)
                              c:/altera/13.0/nios2eds/bin/gnu/h-i686-mingw32/bin/../lib/gcc/nios2-elf/4.1.2/../../../../nios2-elf/lib\libc.a(lib_a-fvwrite.o) (_fflush_r)
c:/altera/13.0/nios2eds/bin/gnu/h-i686-mingw32/bin/../lib/gcc/nios2-elf/4.1.2/../../../../nios2-elf/lib\libc.a(lib_a-findfp.o)
                              c:/altera/13.0/nios2eds/bin/gnu/h-i686-mingw32/bin/../lib/gcc/nios2-elf/4.1.2/../../../../nios2-elf/lib\libc.a(lib_a-wsetup.o) (__sinit)
c:/altera/13.0/nios2eds/bin/gnu/h-i686-mingw32/bin/../lib/gcc/nios2-elf/4.1.2/../../../../nios2-elf/lib\libc.a(lib_a-freer.o)
                              c:/altera/13.0/nios2eds/bin/gnu/h-i686-mingw32/bin/../lib/gcc/nios2-elf/4.1.2/../../../../nios2-elf/lib\libc.a(lib_a-fvwrite.o) (_free_r)
c:/altera/13.0/nios2eds/bin/gnu/h-i686-mingw32/bin/../lib/gcc/nios2-elf/4.1.2/../../../../nios2-elf/lib\libc.a(lib_a-fwalk.o)
                              c:/altera/13.0/nios2eds/bin/gnu/h-i686-mingw32/bin/../lib/gcc/nios2-elf/4.1.2/../../../../nios2-elf/lib\libc.a(lib_a-fflush.o) (_fwalk_reent)
c:/altera/13.0/nios2eds/bin/gnu/h-i686-mingw32/bin/../lib/gcc/nios2-elf/4.1.2/../../../../nios2-elf/lib\libc.a(lib_a-int_errno.o)
                              c:/altera/13.0/nios2eds/bin/gnu/h-i686-mingw32/bin/../lib/gcc/nios2-elf/4.1.2/../../../../nios2-elf/lib\libc.a(lib_a-sbrkr.o) (errno)
c:/altera/13.0/nios2eds/bin/gnu/h-i686-mingw32/bin/../lib/gcc/nios2-elf/4.1.2/../../../../nios2-elf/lib\libc.a(lib_a-makebuf.o)
                              c:/altera/13.0/nios2eds/bin/gnu/h-i686-mingw32/bin/../lib/gcc/nios2-elf/4.1.2/../../../../nios2-elf/lib\libc.a(lib_a-wsetup.o) (__smakebuf_r)
[...]
Memory Configuration

Name             Origin             Length             Attributes
sdram_0_BEFORE_EXCEPTION 0x00800000         0x00000020
sdram_0          0x00800020         0x007fffe0
reset            0x01400000         0x00000020
cfi_flash_0      0x01400020         0x003fffe0
sram_0           0x01a00000         0x00080000
epcs_controller  0x01a81800         0x00000800
*default*        0x00000000         0xffffffff

Linker script and memory map

LOAD ../hello-wirid_bsp//obj/HAL/src/crt0.o
LOAD obj/default/hello_world.o
LOAD c:/altera/13.0/nios2eds/bin/gnu/h-i686-mingw32/bin/../lib/gcc/nios2-elf/4.1.2/../../../../nios2-elf/lib\libstdc++.a
LOAD c:/altera/13.0/nios2eds/bin/gnu/h-i686-mingw32/bin/../lib/gcc/nios2-elf/4.1.2/../../../../nios2-elf/lib\libm.a
LOAD c:/altera/13.0/nios2eds/bin/gnu/h-i686-mingw32/bin/../lib/gcc/nios2-elf/4.1.2\libgcc.a
START GROUP
LOAD c:/altera/13.0/nios2eds/bin/gnu/h-i686-mingw32/bin/../lib/gcc/nios2-elf/4.1.2/../../../../nios2-elf/lib\libc.a
LOAD c:/altera/13.0/nios2eds/bin/gnu/h-i686-mingw32/bin/../lib/gcc/nios2-elf/4.1.2\libgcc.a
LOAD ../hello-wirid_bsp/\libhal_bsp.a
END GROUP
LOAD c:/altera/13.0/nios2eds/bin/gnu/h-i686-mingw32/bin/../lib/gcc/nios2-elf/4.1.2\libgcc.a
                0x00800000                __alt_mem_sdram_0 = 0x800000
                0x01400000                __alt_mem_cfi_flash_0 = 0x1400000
                0x01a00000                __alt_mem_sram_0 = 0x1a00000
                0x01a81800                __alt_mem_epcs_controller = 0x1a81800

.entry          0x01400000        0x0
 *(.entry)
 .entry         0x01400000        0x0 ../hello-wirid_bsp//obj/HAL/src/crt0.o
                0x01400000                __reset

.exceptions     0x00800020      0x194
                0x00800020                PROVIDE (__ram_exceptions_start, ABSOLUTE (.))
                0x00800020                . = ALIGN (0x20)
 *(.irq)
 *(.exceptions.entry.label)
 .exceptions.entry.label
                0x00800020        0x0 ../hello-wirid_bsp/\libhal_bsp.a(alt_irq_entry.o)
                0x00800020                alt_irq_entry
 .exceptions.entry.label
                0x00800020        0x0 ../hello-wirid_bsp/\libhal_bsp.a(alt_exception_entry.o)
                0x00800020                alt_exception
 *(.exceptions.entry.user)
 *(.exceptions.entry)
 .exceptions.entry
                0x00800020       0x54 ../hello-wirid_bsp/\libhal_bsp.a(alt_exception_entry.o)
 *(.exceptions.irqtest.user)
 *(.exceptions.irqtest)
 .exceptions.irqtest
                0x00800074       0x10 ../hello-wirid_bsp/\libhal_bsp.a(alt_irq_entry.o)
 *(.exceptions.irqhandler.user)
 *(.exceptions.irqhandler)
 .exceptions.irqhandler
                0x00800084        0x4 ../hello-wirid_bsp/\libhal_bsp.a(alt_irq_entry.o)
 *(.exceptions.irqreturn.user)
 *(.exceptions.irqreturn)
 .exceptions.irqreturn
                0x00800088        0x4 ../hello-wirid_bsp/\libhal_bsp.a(alt_irq_entry.o)
 *(.exceptions.notirq.label)
 .exceptions.notirq.label
                0x0080008c        0x0 ../hello-wirid_bsp/\libhal_bsp.a(alt_irq_entry.o)
 *(.exceptions.notirq.user)
 *(.exceptions.notirq)
 .exceptions.notirq
                0x0080008c        0x8 ../hello-wirid_bsp/\libhal_bsp.a(alt_exception_entry.o)
 *(.exceptions.soft.user)
 *(.exceptions.soft)
 *(.exceptions.unknown.user)
 *(.exceptions.unknown)
 .exceptions.unknown
                0x00800094        0x4 ../hello-wirid_bsp/\libhal_bsp.a(alt_exception_entry.o)
 *(.exceptions.exit.label)
 .exceptions.exit.label
                0x00800098        0x0 ../hello-wirid_bsp/\libhal_bsp.a(alt_irq_entry.o)
 .exceptions.exit.label
                0x00800098        0x0 ../hello-wirid_bsp/\libhal_bsp.a(alt_exception_entry.o)
 *(.exceptions.exit.user)
 *(.exceptions.exit)
 .exceptions.exit
                0x00800098       0x54 ../hello-wirid_bsp/\libhal_bsp.a(alt_exception_entry.o)
 *(.exceptions)
 .exceptions    0x008000ec       0xc8 ../hello-wirid_bsp/\libhal_bsp.a(alt_irq_handler.o)
                0x008000ec                alt_irq_handler
                0x008001b4                PROVIDE (__ram_exceptions_end, ABSOLUTE (.))
                0x00800020                PROVIDE (__flash_exceptions_start, LOADADDR (.exceptions))

.text           0x008001b4     0xa89c
                0x008001b4                PROVIDE (stext, ABSOLUTE (.))
 *(.interp)
 *(.hash)
 *(.dynsym)
 *(.dynstr)
 *(.gnu.version)
 *(.gnu.version_d)
 *(.gnu.version_r)
 *(.rel.init)
 *(.rela.init)
 *(.rel.text .rel.text.* .rel.gnu.linkonce.t.*)
 *(.rela.text .rela.text.* .rela.gnu.linkonce.t.*)
 *(.rel.fini)
 *(.rela.fini)
 *(.rel.rodata .rel.rodata.* .rel.gnu.linkonce.r.*)
 *(.rela.rodata .rela.rodata.* .rela.gnu.linkonce.r.*)
 *(.rel.data .rel.data.* .rel.gnu.linkonce.d.*)
 *(.rela.data .rela.data.* .rela.gnu.linkonce.d.*)
 *(.rel.tdata .rel.tdata.* .rel.gnu.linkonce.td.*)
 *(.rela.tdata .rela.tdata.* .rela.gnu.linkonce.td.*)
 *(.rel.tbss .rel.tbss.* .rel.gnu.linkonce.tb.*)
 *(.rela.tbss .rela.tbss.* .rela.gnu.linkonce.tb.*)
 *(.rel.ctors)
 *(.rela.ctors)
 *(.rel.dtors)
 *(.rela.dtors)
 *(.rel.got)
 *(.rela.got)
 *(.rel.sdata .rel.sdata.* .rel.gnu.linkonce.s.*)
 *(.rela.sdata .rela.sdata.* .rela.gnu.linkonce.s.*)
 *(.rel.sbss .rel.sbss.* .rel.gnu.linkonce.sb.*)
 *(.rela.sbss .rela.sbss.* .rela.gnu.linkonce.sb.*)
 *(.rel.sdata2 .rel.sdata2.* .rel.gnu.linkonce.s2.*)
 *(.rela.sdata2 .rela.sdata2.* .rela.gnu.linkonce.s2.*)
 *(.rel.sbss2 .rel.sbss2.* .rel.gnu.linkonce.sb2.*)
 *(.rela.sbss2 .rela.sbss2.* .rela.gnu.linkonce.sb2.*)
 *(.rel.bss .rel.bss.* .rel.gnu.linkonce.b.*)
 *(.rela.bss .rela.bss.* .rela.gnu.linkonce.b.*)
 *(.rel.plt)
 *(.rela.plt)
 *(.rel.dyn)
 *(.init)
 *(.plt)
 *(.text .stub .text.* .gnu.linkonce.t.*)
 .text          0x008001b4       0x48 ../hello-wirid_bsp//obj/HAL/src/crt0.o
                0x008001b4                _start
 .text          0x008001fc       0x34 obj/default/hello_world.o
                0x008001fc                main
 .text          0x00800230       0xb4 c:/altera/13.0/nios2eds/bin/gnu/h-i686-mingw32/bin/../lib/gcc/nios2-elf/4.1.2/../../../../nios2-elf/lib\libc.a(lib_a-puts.o)
                0x00800230                _puts_r
                0x008002d0                puts
 .text          0x008002e4       0x74 c:/altera/13.0/nios2eds/bin/gnu/h-i686-mingw32/bin/../lib/gcc/nios2-elf/4.1.2/../../../../nios2-elf/lib\libc.a(lib_a-strlen.o)
                0x008002e4                strlen
 .text          0x00800358      0x49c c:/altera/13.0/nios2eds/bin/gnu/h-i686-mingw32/bin/../lib/gcc/nios2-elf/4.1.2/../../../../nios2-elf/lib\libc.a(lib_a-fvwrite.o)
                0x00800358                __sfvwrite_r
 .text          0x008007f4        0x0 c:/altera/13.0/nios2eds/bin/gnu/h-i686-mingw32/bin/../lib/gcc/nios2-elf/4.1.2/../../../../nios2-elf/lib\libc.a(lib_a-impure.o)
 .text          0x008007f4      0x740 c:/altera/13.0/nios2eds/bin/gnu/h-i686-mingw32/bin/../lib/gcc/nios2-elf/4.1.2/../../../../nios2-elf/lib\libc.a(lib_a-mallocr.o)
                0x008007f4                _malloc_r
 .text          0x00800f34       0xe4 c:/altera/13.0/nios2eds/bin/gnu/h-i686-mingw32/bin/../lib/gcc/nios2-elf/4.1.2/../../../../nios2-elf/lib\libc.a(lib_a-memchr.o)
                0x00800f34                memchr
 .text          0x00801018       0xa0 c:/altera/13.0/nios2eds/bin/gnu/h-i686-mingw32/bin/../lib/gcc/nios2-elf/4.1.2/../../../../nios2-elf/lib\libc.a(lib_a-memcpy.o)
                0x00801018                memcpy
 .text          0x008010b8       0xe0 c:/altera/13.0/nios2eds/bin/gnu/h-i686-mingw32/bin/../lib/gcc/nios2-elf/4.1.2/../../../../nios2-elf/lib\libc.a(lib_a-memmove.o)
                0x008010b8                memmove
 .text          0x00801198      0x5f4 c:/altera/13.0/nios2eds/bin/gnu/h-i686-mingw32/bin/../lib/gcc/nios2-elf/4.1.2/../../../../nios2-elf/lib\libc.a(lib_a-reallocr.o)
                0x00801198                _realloc_r
 .text          0x0080178c       0x70 c:/altera/13.0/nios2eds/bin/gnu/h-i686-mingw32/bin/../lib/gcc/nios2-elf/4.1.2/../../../../nios2-elf/lib\libc.a(lib_a-sbrkr.o)
                0x0080178c                _sbrk_r
 .text          0x008017fc      0x13c c:/altera/13.0/nios2eds/bin/gnu/h-i686-mingw32/bin/../lib/gcc/nios2-elf/4.1.2/../../../../nios2-elf/lib\libc.a(lib_a-wsetup.o)
                0x008017fc                __swsetup_r
 .text          0x00801938      0x230 c:/altera/13.0/nios2eds/bin/gnu/h-i686-mingw32/bin/../lib/gcc/nios2-elf/4.1.2/../../../../nios2-elf/lib\libc.a(lib_a-fflush.o)
                0x00801938                _fflush_r
                0x00801b34                fflush
 .text          0x00801b68      0x2c0 c:/altera/13.0/nios2eds/bin/gnu/h-i686-mingw32/bin/../lib/gcc/nios2-elf/4.1.2/../../../../nios2-elf/lib\libc.a(lib_a-findfp.o)
                0x00801bc0                __sfp_lock_acquire
                0x00801bc4                __sfp_lock_release
                0x00801bc8                __sinit_lock_acquire
                0x00801bcc                __sinit_lock_release
                0x00801bd0                __sinit
                0x00801c84                __fp_unlock_all
                0x00801c9c                __fp_lock_all
                0x00801cb4                _cleanup_r
                0x00801cc0                _cleanup
                0x00801cd0                __sfmoreglue
                0x00801d38                __sfp
 .text          0x00801e28      0x440 c:/altera/13.0/nios2eds/bin/gnu/h-i686-mingw32/bin/../lib/gcc/nios2-elf/4.1.2/../../../../nios2-elf/lib\libc.a(lib_a-freer.o)
                0x00801e28                _malloc_trim_r
                0x00801f54                _free_r
 .text          0x00802268      0x180 c:/altera/13.0/nios2eds/bin/gnu/h-i686-mingw32/bin/../lib/gcc/nios2-elf/4.1.2/../../../../nios2-elf/lib\libc.a(lib_a-fwalk.o)
                0x00802268                _fwalk_reent
                0x00802330                _fwalk
 .text          0x008023e8        0x0 c:/altera/13.0/nios2eds/bin/gnu/h-i686-mingw32/bin/../lib/gcc/nios2-elf/4.1.2/../../../../nios2-elf/lib\libc.a(lib_a-int_errno.o)
 .text          0x008023e8      0x194 c:/altera/13.0/nios2eds/bin/gnu/h-i686-mingw32/bin/../lib/gcc/nios2-elf/4.1.2/../../../../nios2-elf/lib\libc.a(lib_a-makebuf.o)
                0x008023e8                __smakebuf_r
 .text          0x0080257c       0x98 c:/altera/13.0/nios2eds/bin/gnu/h-i686-mingw32/bin/../lib/gcc/nios2-elf/4.1.2/../../../../nios2-elf/lib\libc.a(lib_a-memset.o)
                0x0080257c                memset
 .text          0x00802614      0x14c c:/altera/13.0/nios2eds/bin/gnu/h-i686-mingw32/bin/../lib/gcc/nios2-elf/4.1.2/../../../../nios2-elf/lib\libc.a(lib_a-stdio.o)
                0x00802614                __sclose
                0x0080261c                __sseek
                0x00802684                __swrite
                0x00802700                __sread
 .text          0x00802760       0x78 c:/altera/13.0/nios2eds/bin/gnu/h-i686-mingw32/bin/../lib/gcc/nios2-elf/4.1.2/../../../../nios2-elf/lib\libc.a(lib_a-writer.o)
                0x00802760                _write_r
 .text          0x008027d8       0x70 c:/altera/13.0/nios2eds/bin/gnu/h-i686-mingw32/bin/../lib/gcc/nios2-elf/4.1.2/../../../../nios2-elf/lib\libc.a(lib_a-closer.o)
                0x008027d8                _close_r
 .text          0x00802848      0x124 c:/altera/13.0/nios2eds/bin/gnu/h-i686-mingw32/bin/../lib/gcc/nios2-elf/4.1.2/../../../../nios2-elf/lib\libc.a(lib_a-fclose.o)
                0x00802848                _fclose_r
                0x00802958                fclose
 .text          0x0080296c       0x74 c:/altera/13.0/nios2eds/bin/gnu/h-i686-mingw32/bin/../lib/gcc/nios2-elf/4.1.2/../../../../nios2-elf/lib\libc.a(lib_a-fstatr.o)
                0x0080296c                _fstat_r
 .text          0x008029e0       0x70 c:/altera/13.0/nios2eds/bin/gnu/h-i686-mingw32/bin/../lib/gcc/nios2-elf/4.1.2/../../../../nios2-elf/lib\libc.a(lib_a-isattyr.o)
                0x008029e0                _isatty_r
 .text          0x00802a50       0x78 c:/altera/13.0/nios2eds/bin/gnu/h-i686-mingw32/bin/../lib/gcc/nios2-elf/4.1.2/../../../../nios2-elf/lib\libc.a(lib_a-lseekr.o)
                0x00802a50                _lseek_r
 .text          0x00802ac8       0x78 c:/altera/13.0/nios2eds/bin/gnu/h-i686-mingw32/bin/../lib/gcc/nios2-elf/4.1.2/../../../../nios2-elf/lib\libc.a(lib_a-readr.o)
                0x00802ac8                _read_r
 .text          0x00802b40      0x15c ../hello-wirid_bsp/\libhal_bsp.a(alt_close.o)
                0x00802b40                close
 .text          0x00802c9c       0x2c ../hello-wirid_bsp/\libhal_bsp.a(alt_dev.o)
 .text          0x00802cc8        0x0 ../hello-wirid_bsp/\libhal_bsp.a(alt_errno.o)
 .text          0x00802cc8      0x134 ../hello-wirid_bsp/\libhal_bsp.a(alt_fstat.o)
                0x00802cc8                fstat
 .text          0x00802dfc      0x120 ../hello-wirid_bsp/\libhal_bsp.a(alt_isatty.o)
                0x00802dfc                isatty
 .text          0x00802f1c      0x150 ../hello-wirid_bsp/\libhal_bsp.a(alt_lseek.o)
                0x00802f1c                lseek
 .text          0x0080306c       0x6c ../hello-wirid_bsp/\libhal_bsp.a(alt_main.o)
                0x0080306c                alt_main
 .text          0x008030d8       0x40 ../hello-wirid_bsp/\libhal_bsp.a(alt_malloc_lock.o)
                0x008030d8                __malloc_lock
                0x008030f8                __malloc_unlock
 .text          0x00803118      0x180 ../hello-wirid_bsp/\libhal_bsp.a(alt_read.o)
                0x00803118                read
 .text          0x00803298       0x60 ../hello-wirid_bsp/\libhal_bsp.a(alt_release_fd.o)
                0x00803298                alt_release_fd
 .text          0x008032f8       0xbc ../hello-wirid_bsp/\libhal_bsp.a(alt_sbrk.o)
                0x008032f8                sbrk
 .text          0x008033b4      0x180 ../hello-wirid_bsp/\libhal_bsp.a(alt_write.o)
                0x008033b4                write
 .text          0x00803534      0x118 ../hello-wirid_bsp/\libhal_bsp.a(alt_sys_init.o)
                0x00803534                alt_irq_init
                0x00803568                alt_sys_init
 .text          0x0080364c      0x8c8 ../hello-wirid_bsp/\libhal_bsp.a(altera_avalon_cfi_flash.o)
                0x0080364c                alt_flash_cfi_init
                0x00803720                alt_flash_cfi_write
                0x008039e0                alt_flash_cfi_get_info
                0x00803a70                alt_flash_cfi_read
                0x00803ad8                alt_write_value_to_flash
                0x00803c3c                alt_flash_program_block
 .text          0x00803f14     0x14a8 ../hello-wirid_bsp/\libhal_bsp.a(altera_avalon_cfi_flash_table.o)
                0x00803f14                alt_read_query_entry_8bit
                0x00803f54                alt_read_query_entry_16bit
                0x00803f98                alt_read_query_entry_32bit
                0x00803fe0                alt_write_flash_command_8bit_device_8bit_mode
                0x0080401c                alt_write_flash_command_16bit_device_8bit_mode
                0x00804098                alt_write_flash_command_32bit_device_8bit_mode
                0x008040e0                alt_write_flash_command_16bit_device_16bit_mode
                0x00804124                alt_write_flash_command_32bit_device_16bit_mode
                0x0080416c                alt_write_flash_command_32bit_device_32bit_mode
                0x008041b4                alt_write_native_8bit
                0x008041e8                alt_write_native_16bit
                0x0080421c                alt_write_native_32bit
                0x0080424c                alt_set_flash_width_func
                0x0080442c                alt_set_flash_algorithm_func
                0x00804554                alt_read_cfi_table
                0x00804b34                alt_read_cfi_width
                0x008052e0                alt_check_primary_table
 .text          0x008053bc      0x9e4 ../hello-wirid_bsp/\libhal_bsp.a(altera_avalon_epcs_flash_controller.o)
                0x008053bc                alt_epcs_flash_init
                0x008057d8                alt_epcs_flash_write
                0x00805a58                alt_epcs_flash_get_info
                0x00805ae8                alt_epcs_flash_erase_block
                0x00805bec                alt_epcs_flash_write_block
                0x00805d08                alt_epcs_flash_read
 .text          0x00805da0      0x148 ../hello-wirid_bsp/\libhal_bsp.a(altera_avalon_jtag_uart_fd.o)
                0x00805da0                altera_avalon_jtag_uart_read_fd
                0x00805df8                altera_avalon_jtag_uart_write_fd
                0x00805e50                altera_avalon_jtag_uart_close_fd
                0x00805e98                altera_avalon_jtag_uart_ioctl_fd
 .text          0x00805ee8      0x40c ../hello-wirid_bsp/\libhal_bsp.a(altera_avalon_jtag_uart_init.o)
                0x00805ee8                altera_avalon_jtag_uart_init
                0x00806280                altera_avalon_jtag_uart_close
 .text          0x008062f4       0xf4 ../hello-wirid_bsp/\libhal_bsp.a(altera_avalon_jtag_uart_ioctl.o)
                0x008062f4                altera_avalon_jtag_uart_ioctl
 .text          0x008063e8      0x224 ../hello-wirid_bsp/\libhal_bsp.a(altera_avalon_jtag_uart_read.o)
                0x008063e8                altera_avalon_jtag_uart_read
 .text          0x0080660c      0x240 ../hello-wirid_bsp/\libhal_bsp.a(altera_avalon_jtag_uart_write.o)
                0x0080660c                altera_avalon_jtag_uart_write
 .text          0x0080684c      0xee8 ../hello-wirid_bsp/\libhal_bsp.a(altera_avalon_lcd_16207.o)
                0x00807020                altera_avalon_lcd_16207_write
                0x008075f8                altera_avalon_lcd_16207_init
 .text          0x00807734       0x58 ../hello-wirid_bsp/\libhal_bsp.a(altera_avalon_lcd_16207_fd.o)
                0x00807734                altera_avalon_lcd_16207_write_fd
 .text          0x0080778c      0x100 ../hello-wirid_bsp/\libhal_bsp.a(altera_avalon_timer_sc.o)
                0x008077fc                alt_avalon_timer_sc_init
 .text          0x0080788c       0xf8 ../hello-wirid_bsp/\libhal_bsp.a(altera_avalon_uart_fd.o)
                0x0080788c                altera_avalon_uart_read_fd
                0x008078e4                altera_avalon_uart_write_fd
                0x0080793c                altera_avalon_uart_close_fd
 .text          0x00807984      0x400 ../hello-wirid_bsp/\libhal_bsp.a(altera_avalon_uart_init.o)
                0x00807984                altera_avalon_uart_init
                0x00807d24                altera_avalon_uart_close
 .text          0x00807d84      0x290 ../hello-wirid_bsp/\libhal_bsp.a(altera_avalon_uart_read.o)
                0x00807d84                altera_avalon_uart_read
 .text          0x00808014      0x228 ../hello-wirid_bsp/\libhal_bsp.a(altera_avalon_uart_write.o)
                0x00808014                altera_avalon_uart_write
 .text          0x0080823c      0x6d4 ../hello-wirid_bsp/\libhal_bsp.a(epcs_commands.o)
                0x0080823c                epcs_read_status_register
                0x0080829c                epcs_sector_erase
                0x00808404                epcs_read_buffer
                0x00808550                epcs_write_enable
                0x008085a0                epcs_write_status_register
                0x00808604                epcs_write_buffer
                0x00808774                epcs_read_electronic_signature
                0x008087e0                epcs_read_device_id
                0x00808860                epcs_enter_4_bytes_mode
                0x008088b8                epcs_exit_4_bytes_mode
 .text          0x00808910      0x154 ../hello-wirid_bsp/\libhal_bsp.a(alt_alarm_start.o)
                0x00808910                alt_alarm_start
 .text          0x00808a64       0x78 ../hello-wirid_bsp/\libhal_bsp.a(alt_dcache_flush.o)
                0x00808a64                alt_dcache_flush
 .text          0x00808adc      0x114 ../hello-wirid_bsp/\libhal_bsp.a(alt_dev_llist_insert.o)
                0x00808adc                alt_dev_llist_insert
 .text          0x00808bf0       0x64 ../hello-wirid_bsp/\libhal_bsp.a(alt_do_ctors.o)
                0x00808bf0                _do_ctors
 .text          0x00808c54       0x64 ../hello-wirid_bsp/\libhal_bsp.a(alt_do_dtors.o)
                0x00808c54                _do_dtors
 .text          0x00808cb8       0xd0 ../hello-wirid_bsp/\libhal_bsp.a(alt_flash_dev.o)
                0x00808cb8                alt_flash_open_dev
                0x00808d34                alt_flash_close_dev
 .text          0x00808d88      0x1d4 ../hello-wirid_bsp/\libhal_bsp.a(alt_iic.o)
                0x00808d88                alt_ic_isr_register
                0x00808dd8                alt_ic_irq_enable
                0x00808e74                alt_ic_irq_disable
                0x00808f14                alt_ic_irq_enabled
 .text          0x00808f5c       0xf8 ../hello-wirid_bsp/\libhal_bsp.a(alt_iic_isr_register.o)
                0x00808f5c                alt_iic_isr_register
 .text          0x00809054      0x13c ../hello-wirid_bsp/\libhal_bsp.a(alt_io_redirect.o)
                0x00809118                alt_io_redirect
 .text          0x00809190        0x0 ../hello-wirid_bsp/\libhal_bsp.a(alt_irq_entry.o)
 .text          0x00809190        0x0 ../hello-wirid_bsp/\libhal_bsp.a(alt_irq_handler.o)
 .text          0x00809190        0x0 ../hello-wirid_bsp/\libhal_bsp.a(alt_irq_vars.o)
 .text          0x00809190      0x2c4 ../hello-wirid_bsp/\libhal_bsp.a(alt_open.o)
                0x0080926c                open
 .text          0x00809454      0x1a4 ../hello-wirid_bsp/\libhal_bsp.a(alt_tick.o)
                0x00809454                alt_alarm_stop
                0x008094ec                alt_tick
 .text          0x008095f8       0x30 ../hello-wirid_bsp/\libhal_bsp.a(alt_usleep.o)
                0x008095f8                usleep
 .text          0x00809628       0x20 ../hello-wirid_bsp/\libhal_bsp.a(altera_nios2_qsys_irq.o)
                0x00809628                altera_nios2_qsys_irq_init
 .text          0x00809648      0x460 ../hello-wirid_bsp/\libhal_bsp.a(altera_avalon_cfi_flash_amd.o)
                0x00809648                alt_program_amd
                0x008096b0                alt_erase_block_amd
 .text          0x00809aa8      0x460 ../hello-wirid_bsp/\libhal_bsp.a(altera_avalon_cfi_flash_intel.o)
                0x00809aa8                alt_program_intel
                0x00809b2c                alt_erase_block_intel
 .text          0x00809f08      0x238 ../hello-wirid_bsp/\libhal_bsp.a(altera_avalon_spi.o)
                0x00809f08                alt_avalon_spi_command
 .text          0x0080a140      0x14c ../hello-wirid_bsp/\libhal_bsp.a(alt_busy_sleep.o)
                0x0080a140                alt_busy_sleep
 .text          0x0080a28c        0x0 ../hello-wirid_bsp/\libhal_bsp.a(alt_exception_entry.o)
 .text          0x0080a28c       0x94 ../hello-wirid_bsp/\libhal_bsp.a(alt_find_dev.o)
                0x0080a28c                alt_find_dev
 .text          0x0080a320      0x120 ../hello-wirid_bsp/\libhal_bsp.a(alt_find_file.o)
                0x0080a320                alt_find_file
 .text          0x0080a440       0xb8 ../hello-wirid_bsp/\libhal_bsp.a(alt_get_fd.o)
                0x0080a440                alt_get_fd
 .text          0x0080a4f8       0x14 c:/altera/13.0/nios2eds/bin/gnu/h-i686-mingw32/bin/../lib/gcc/nios2-elf/4.1.2/../../../../nios2-elf/lib\libc.a(lib_a-atexit.o)
                0x0080a4f8                atexit
 .text          0x0080a50c        0x0 c:/altera/13.0/nios2eds/bin/gnu/h-i686-mingw32/bin/../lib/gcc/nios2-elf/4.1.2/../../../../nios2-elf/lib\libc.a(lib_a-ctype_.o)
 .text          0x0080a50c       0x38 c:/altera/13.0/nios2eds/bin/gnu/h-i686-mingw32/bin/../lib/gcc/nios2-elf/4.1.2/../../../../nios2-elf/lib\libc.a(lib_a-exit.o)
                0x0080a50c                exit
 .text          0x0080a544       0x74 c:/altera/13.0/nios2eds/bin/gnu/h-i686-mingw32/bin/../lib/gcc/nios2-elf/4.1.2/../../../../nios2-elf/lib\libc.a(lib_a-memcmp.o)
                0x0080a544                memcmp
 .text          0x0080a5b8      0x134 c:/altera/13.0/nios2eds/bin/gnu/h-i686-mingw32/bin/../lib/gcc/nios2-elf/4.1.2/../../../../nios2-elf/lib\libc.a(lib_a-__atexit.o)
                0x0080a5b8                __register_exitproc
 .text          0x0080a6ec      0x1b4 c:/altera/13.0/nios2eds/bin/gnu/h-i686-mingw32/bin/../lib/gcc/nios2-elf/4.1.2/../../../../nios2-elf/lib\libc.a(lib_a-__call_atexit.o)
                0x0080a6f0                __call_exitprocs
 .text          0x0080a8a0      0x14c c:/altera/13.0/nios2eds/bin/gnu/h-i686-mingw32/bin/../lib/gcc/nios2-elf/4.1.2\libgcc.a(lib2-divmod.o)
                0x0080a91c                __divsi3
                0x0080a97c                __modsi3
                0x0080a9dc                __udivsi3
                0x0080a9e4                __umodsi3
 .text          0x0080a9ec       0x60 ../hello-wirid_bsp/\libhal_bsp.a(alt_exit.o)
                0x0080aa2c                _exit
 *(.gnu.warning.*)
 *(.fini)
                0x0080aa4c                PROVIDE (__etext, ABSOLUTE (.))
                0x0080aa4c                PROVIDE (_etext, ABSOLUTE (.))
                0x0080aa4c                PROVIDE (etext, ABSOLUTE (.))
 *(.eh_frame_hdr)
                0x0080aa4c                . = ALIGN (0x4)
                0x0080aa4c                PROVIDE (__preinit_array_start, ABSOLUTE (.))
 *(.preinit_array)
                0x0080aa4c                PROVIDE (__preinit_array_end, ABSOLUTE (.))
                0x0080aa4c                PROVIDE (__init_array_start, ABSOLUTE (.))
 *(.init_array)
                0x0080aa4c                PROVIDE (__init_array_end, ABSOLUTE (.))
                0x0080aa4c                PROVIDE (__fini_array_start, ABSOLUTE (.))
 *(.fini_array)
                0x0080aa4c                PROVIDE (__fini_array_end, ABSOLUTE (.))
 *(.eh_frame)
 *(.gcc_except_table)
 *(.dynamic)
                0x0080aa4c                PROVIDE (__CTOR_LIST__, ABSOLUTE (.))
 *(.ctors)
 *(SORT(.ctors.*))
 .ctors.65535   0x0080aa4c        0x4 c:/altera/13.0/nios2eds/bin/gnu/h-i686-mingw32/bin/../lib/gcc/nios2-elf/4.1.2/../../../../nios2-elf/lib\libc.a(lib_a-__call_atexit.o)
                0x0080aa50                PROVIDE (__CTOR_END__, ABSOLUTE (.))
                0x0080aa50                PROVIDE (__DTOR_LIST__, ABSOLUTE (.))
 *(.dtors)
 *(SORT(.dtors.*))
                0x0080aa50                PROVIDE (__DTOR_END__, ABSOLUTE (.))
 *(.jcr)
                0x0080aa50                . = ALIGN (0x4)

.rodata         0x0080aa50      0x320
                0x0080aa50                PROVIDE (__ram_rodata_start, ABSOLUTE (.))
                0x0080aa50                . = ALIGN (0x4)
 *(.rodata .rodata.* .gnu.linkonce.r.*)
 .rodata        0x0080aa50       0x14 obj/default/hello_world.o
 .rodata.str1.4
                0x0080aa64        0x2 c:/altera/13.0/nios2eds/bin/gnu/h-i686-mingw32/bin/../lib/gcc/nios2-elf/4.1.2/../../../../nios2-elf/lib\libc.a(lib_a-puts.o)
                                  0x4 (size before relaxing)
 *fill*         0x0080aa66        0x2 00
 .rodata.str1.4
                0x0080aa68        0x4 c:/altera/13.0/nios2eds/bin/gnu/h-i686-mingw32/bin/../lib/gcc/nios2-elf/4.1.2/../../../../nios2-elf/lib\libc.a(lib_a-impure.o)
 .rodata        0x0080aa6c        0xc ../hello-wirid_bsp/\libhal_bsp.a(alt_dev.o)
 .rodata        0x0080aa78       0x14 ../hello-wirid_bsp/\libhal_bsp.a(alt_main.o)
 .rodata        0x0080aa8c       0x60 ../hello-wirid_bsp/\libhal_bsp.a(alt_sys_init.o)
 .rodata        0x0080aaec      0x284 c:/altera/13.0/nios2eds/bin/gnu/h-i686-mingw32/bin/../lib/gcc/nios2-elf/4.1.2/../../../../nios2-elf/lib\libc.a(lib_a-ctype_.o)
                0x0080aaec                _ctype_
 *(.rodata1)
                0x0080ad70                . = ALIGN (0x4)
                0x0080ad70                PROVIDE (__ram_rodata_end, ABSOLUTE (.))
                0x0080aa50                PROVIDE (__flash_rodata_start, LOADADDR (.rodata))

.rwdata         0x0080ad70     0x1ddc
                0x0080ad70                PROVIDE (__ram_rwdata_start, ABSOLUTE (.))
                0x0080ad70                . = ALIGN (0x4)
 *(.got.plt)
 *(.got)
 *(.data1)
 *(.data .data.* .gnu.linkonce.d.*)
 .data          0x0080ad70        0x0 ../hello-wirid_bsp//obj/HAL/src/crt0.o
 .data          0x0080ad70        0x0 obj/default/hello_world.o
 .data          0x0080ad70        0x0 c:/altera/13.0/nios2eds/bin/gnu/h-i686-mingw32/bin/../lib/gcc/nios2-elf/4.1.2/../../../../nios2-elf/lib\libc.a(lib_a-puts.o)
 .data          0x0080ad70        0x0 c:/altera/13.0/nios2eds/bin/gnu/h-i686-mingw32/bin/../lib/gcc/nios2-elf/4.1.2/../../../../nios2-elf/lib\libc.a(lib_a-strlen.o)
 .data          0x0080ad70        0x0 c:/altera/13.0/nios2eds/bin/gnu/h-i686-mingw32/bin/../lib/gcc/nios2-elf/4.1.2/../../../../nios2-elf/lib\libc.a(lib_a-fvwrite.o)
 .data          0x0080ad70      0x400 c:/altera/13.0/nios2eds/bin/gnu/h-i686-mingw32/bin/../lib/gcc/nios2-elf/4.1.2/../../../../nios2-elf/lib\libc.a(lib_a-impure.o)
 .data          0x0080b170      0x408 c:/altera/13.0/nios2eds/bin/gnu/h-i686-mingw32/bin/../lib/gcc/nios2-elf/4.1.2/../../../../nios2-elf/lib\libc.a(lib_a-mallocr.o)
                0x0080b170                __malloc_av_
 .data          0x0080b578        0x0 c:/altera/13.0/nios2eds/bin/gnu/h-i686-mingw32/bin/../lib/gcc/nios2-elf/4.1.2/../../../../nios2-elf/lib\libc.a(lib_a-memchr.o)
 .data          0x0080b578        0x0 c:/altera/13.0/nios2eds/bin/gnu/h-i686-mingw32/bin/../lib/gcc/nios2-elf/4.1.2/../../../../nios2-elf/lib\libc.a(lib_a-memcpy.o)
 .data          0x0080b578        0x0 c:/altera/13.0/nios2eds/bin/gnu/h-i686-mingw32/bin/../lib/gcc/nios2-elf/4.1.2/../../../../nios2-elf/lib\libc.a(lib_a-memmove.o)
 .data          0x0080b578        0x0 c:/altera/13.0/nios2eds/bin/gnu/h-i686-mingw32/bin/../lib/gcc/nios2-elf/4.1.2/../../../../nios2-elf/lib\libc.a(lib_a-reallocr.o)
 .data          0x0080b578        0x0 c:/altera/13.0/nios2eds/bin/gnu/h-i686-mingw32/bin/../lib/gcc/nios2-elf/4.1.2/../../../../nios2-elf/lib\libc.a(lib_a-sbrkr.o)
 .data          0x0080b578        0x0 c:/altera/13.0/nios2eds/bin/gnu/h-i686-mingw32/bin/../lib/gcc/nios2-elf/4.1.2/../../../../nios2-elf/lib\libc.a(lib_a-wsetup.o)
 .data          0x0080b578        0x0 c:/altera/13.0/nios2eds/bin/gnu/h-i686-mingw32/bin/../lib/gcc/nios2-elf/4.1.2/../../../../nios2-elf/lib\libc.a(lib_a-fflush.o)
 .data          0x0080b578        0x0 c:/altera/13.0/nios2eds/bin/gnu/h-i686-mingw32/bin/../lib/gcc/nios2-elf/4.1.2/../../../../nios2-elf/lib\libc.a(lib_a-findfp.o)
 .data          0x0080b578        0x0 c:/altera/13.0/nios2eds/bin/gnu/h-i686-mingw32/bin/../lib/gcc/nios2-elf/4.1.2/../../../../nios2-elf/lib\libc.a(lib_a-freer.o)
 .data          0x0080b578        0x0 c:/altera/13.0/nios2eds/bin/gnu/h-i686-mingw32/bin/../lib/gcc/nios2-elf/4.1.2/../../../../nios2-elf/lib\libc.a(lib_a-fwalk.o)
 .data          0x0080b578        0x0 c:/altera/13.0/nios2eds/bin/gnu/h-i686-mingw32/bin/../lib/gcc/nios2-elf/4.1.2/../../../../nios2-elf/lib\libc.a(lib_a-int_errno.o)
 .data          0x0080b578        0x0 c:/altera/13.0/nios2eds/bin/gnu/h-i686-mingw32/bin/../lib/gcc/nios2-elf/4.1.2/../../../../nios2-elf/lib\libc.a(lib_a-makebuf.o)
 .data          0x0080b578        0x0 c:/altera/13.0/nios2eds/bin/gnu/h-i686-mingw32/bin/../lib/gcc/nios2-elf/4.1.2/../../../../nios2-elf/lib\libc.a(lib_a-memset.o)
 .data          0x0080b578        0x0 c:/altera/13.0/nios2eds/bin/gnu/h-i686-mingw32/bin/../lib/gcc/nios2-elf/4.1.2/../../../../nios2-elf/lib\libc.a(lib_a-stdio.o)
 .data          0x0080b578        0x0 c:/altera/13.0/nios2eds/bin/gnu/h-i686-mingw32/bin/../lib/gcc/nios2-elf/4.1.2/../../../../nios2-elf/lib\libc.a(lib_a-writer.o)
 .data          0x0080b578        0x0 c:/altera/13.0/nios2eds/bin/gnu/h-i686-mingw32/bin/../lib/gcc/nios2-elf/4.1.2/../../../../nios2-elf/lib\libc.a(lib_a-closer.o)
 .data          0x0080b578        0x0 c:/altera/13.0/nios2eds/bin/gnu/h-i686-mingw32/bin/../lib/gcc/nios2-elf/4.1.2/../../../../nios2-elf/lib\libc.a(lib_a-fclose.o)
 .data          0x0080b578        0x0 c:/altera/13.0/nios2eds/bin/gnu/h-i686-mingw32/bin/../lib/gcc/nios2-elf/4.1.2/../../../../nios2-elf/lib\libc.a(lib_a-fstatr.o)
 .data          0x0080b578        0x0 c:/altera/13.0/nios2eds/bin/gnu/h-i686-mingw32/bin/../lib/gcc/nios2-elf/4.1.2/../../../../nios2-elf/lib\libc.a(lib_a-isattyr.o)
 .data          0x0080b578        0x0 c:/altera/13.0/nios2eds/bin/gnu/h-i686-mingw32/bin/../lib/gcc/nios2-elf/4.1.2/../../../../nios2-elf/lib\libc.a(lib_a-lseekr.o)
 .data          0x0080b578        0x0 c:/altera/13.0/nios2eds/bin/gnu/h-i686-mingw32/bin/../lib/gcc/nios2-elf/4.1.2/../../../../nios2-elf/lib\libc.a(lib_a-readr.o)
 .data          0x0080b578        0x0 ../hello-wirid_bsp/\libhal_bsp.a(alt_close.o)
 .data          0x0080b578      0x1a8 ../hello-wirid_bsp/\libhal_bsp.a(alt_dev.o)
                0x0080b578                alt_dev_null
                0x0080b5a0                alt_fd_list
 .data          0x0080b720        0x0 ../hello-wirid_bsp/\libhal_bsp.a(alt_errno.o)
 .data          0x0080b720        0x0 ../hello-wirid_bsp/\libhal_bsp.a(alt_fstat.o)
 .data          0x0080b720        0x0 ../hello-wirid_bsp/\libhal_bsp.a(alt_isatty.o)
 .data          0x0080b720        0x0 ../hello-wirid_bsp/\libhal_bsp.a(alt_lseek.o)
 .data          0x0080b720        0x0 ../hello-wirid_bsp/\libhal_bsp.a(alt_main.o)
 .data          0x0080b720        0x0 ../hello-wirid_bsp/\libhal_bsp.a(alt_malloc_lock.o)
 .data          0x0080b720        0x0 ../hello-wirid_bsp/\libhal_bsp.a(alt_read.o)
 .data          0x0080b720        0x0 ../hello-wirid_bsp/\libhal_bsp.a(alt_release_fd.o)
 .data          0x0080b720        0x0 ../hello-wirid_bsp/\libhal_bsp.a(alt_sbrk.o)
 .data          0x0080b720        0x0 ../hello-wirid_bsp/\libhal_bsp.a(alt_write.o)
 .data          0x0080b720     0x13e4 ../hello-wirid_bsp/\libhal_bsp.a(alt_sys_init.o)
 .data          0x0080cb04        0x0 ../hello-wirid_bsp/\libhal_bsp.a(altera_avalon_cfi_flash.o)
 .data          0x0080cb04        0x0 ../hello-wirid_bsp/\libhal_bsp.a(altera_avalon_cfi_flash_table.o)
 .data          0x0080cb04        0x0 ../hello-wirid_bsp/\libhal_bsp.a(altera_avalon_epcs_flash_controller.o)
 .data          0x0080cb04        0x0 ../hello-wirid_bsp/\libhal_bsp.a(altera_avalon_jtag_uart_fd.o)
 .data          0x0080cb04        0x0 ../hello-wirid_bsp/\libhal_bsp.a(altera_avalon_jtag_uart_init.o)
 .data          0x0080cb04        0x0 ../hello-wirid_bsp/\libhal_bsp.a(altera_avalon_jtag_uart_ioctl.o)
 .data          0x0080cb04        0x0 ../hello-wirid_bsp/\libhal_bsp.a(altera_avalon_jtag_uart_read.o)
 .data          0x0080cb04        0x0 ../hello-wirid_bsp/\libhal_bsp.a(altera_avalon_jtag_uart_write.o)
 .data          0x0080cb04        0x0 ../hello-wirid_bsp/\libhal_bsp.a(altera_avalon_lcd_16207.o)
 .data          0x0080cb04        0x0 ../hello-wirid_bsp/\libhal_bsp.a(altera_avalon_lcd_16207_fd.o)
 .data          0x0080cb04        0x0 ../hello-wirid_bsp/\libhal_bsp.a(altera_avalon_timer_sc.o)
 .data          0x0080cb04        0x0 ../hello-wirid_bsp/\libhal_bsp.a(altera_avalon_uart_fd.o)
 .data          0x0080cb04        0x0 ../hello-wirid_bsp/\libhal_bsp.a(altera_avalon_uart_init.o)
 .data          0x0080cb04        0x0 ../hello-wirid_bsp/\libhal_bsp.a(altera_avalon_uart_read.o)
 .data          0x0080cb04        0x0 ../hello-wirid_bsp/\libhal_bsp.a(altera_avalon_uart_write.o)
 .data          0x0080cb04        0x0 ../hello-wirid_bsp/\libhal_bsp.a(epcs_commands.o)
 .data          0x0080cb04        0x0 ../hello-wirid_bsp/\libhal_bsp.a(alt_alarm_start.o)
 .data          0x0080cb04        0x0 ../hello-wirid_bsp/\libhal_bsp.a(alt_dcache_flush.o)
 .data          0x0080cb04        0x0 ../hello-wirid_bsp/\libhal_bsp.a(alt_dev_llist_insert.o)
 .data          0x0080cb04        0x0 ../hello-wirid_bsp/\libhal_bsp.a(alt_do_ctors.o)
 .data          0x0080cb04        0x0 ../hello-wirid_bsp/\libhal_bsp.a(alt_do_dtors.o)
 .data          0x0080cb04        0x0 ../hello-wirid_bsp/\libhal_bsp.a(alt_flash_dev.o)
 .data          0x0080cb04        0x0 ../hello-wirid_bsp/\libhal_bsp.a(alt_iic.o)
 .data          0x0080cb04        0x0 ../hello-wirid_bsp/\libhal_bsp.a(alt_iic_isr_register.o)
 .data          0x0080cb04        0x0 ../hello-wirid_bsp/\libhal_bsp.a(alt_io_redirect.o)
 .data          0x0080cb04        0x0 ../hello-wirid_bsp/\libhal_bsp.a(alt_irq_entry.o)
 .data          0x0080cb04        0x0 ../hello-wirid_bsp/\libhal_bsp.a(alt_irq_handler.o)
 .data          0x0080cb04        0x0 ../hello-wirid_bsp/\libhal_bsp.a(alt_irq_vars.o)
 .data          0x0080cb04        0x0 ../hello-wirid_bsp/\libhal_bsp.a(alt_open.o)
 .data          0x0080cb04        0x0 ../hello-wirid_bsp/\libhal_bsp.a(alt_tick.o)
 .data          0x0080cb04        0x0 ../hello-wirid_bsp/\libhal_bsp.a(alt_usleep.o)
 .data          0x0080cb04        0x0 ../hello-wirid_bsp/\libhal_bsp.a(altera_nios2_qsys_irq.o)
 .data          0x0080cb04        0x0 ../hello-wirid_bsp/\libhal_bsp.a(altera_avalon_cfi_flash_amd.o)
 .data          0x0080cb04        0x0 ../hello-wirid_bsp/\libhal_bsp.a(altera_avalon_cfi_flash_intel.o)
 .data          0x0080cb04        0x0 ../hello-wirid_bsp/\libhal_bsp.a(altera_avalon_spi.o)
 .data          0x0080cb04        0x0 ../hello-wirid_bsp/\libhal_bsp.a(alt_busy_sleep.o)
 .data          0x0080cb04        0x0 ../hello-wirid_bsp/\libhal_bsp.a(alt_exception_entry.o)
 .data          0x0080cb04        0x0 ../hello-wirid_bsp/\libhal_bsp.a(alt_find_dev.o)
 .data          0x0080cb04        0x0 ../hello-wirid_bsp/\libhal_bsp.a(alt_find_file.o)
 .data          0x0080cb04        0x0 ../hello-wirid_bsp/\libhal_bsp.a(alt_get_fd.o)
 .data          0x0080cb04        0x0 c:/altera/13.0/nios2eds/bin/gnu/h-i686-mingw32/bin/../lib/gcc/nios2-elf/4.1.2/../../../../nios2-elf/lib\libc.a(lib_a-atexit.o)
 .data          0x0080cb04        0x0 c:/altera/13.0/nios2eds/bin/gnu/h-i686-mingw32/bin/../lib/gcc/nios2-elf/4.1.2/../../../../nios2-elf/lib\libc.a(lib_a-ctype_.o)
 .data          0x0080cb04        0x0 c:/altera/13.0/nios2eds/bin/gnu/h-i686-mingw32/bin/../lib/gcc/nios2-elf/4.1.2/../../../../nios2-elf/lib\libc.a(lib_a-exit.o)
 .data          0x0080cb04        0x0 c:/altera/13.0/nios2eds/bin/gnu/h-i686-mingw32/bin/../lib/gcc/nios2-elf/4.1.2/../../../../nios2-elf/lib\libc.a(lib_a-memcmp.o)
 .data          0x0080cb04        0x0 c:/altera/13.0/nios2eds/bin/gnu/h-i686-mingw32/bin/../lib/gcc/nios2-elf/4.1.2/../../../../nios2-elf/lib\libc.a(lib_a-__atexit.o)
 .data          0x0080cb04        0x0 c:/altera/13.0/nios2eds/bin/gnu/h-i686-mingw32/bin/../lib/gcc/nios2-elf/4.1.2/../../../../nios2-elf/lib\libc.a(lib_a-__call_atexit.o)
 .data          0x0080cb04        0x0 c:/altera/13.0/nios2eds/bin/gnu/h-i686-mingw32/bin/../lib/gcc/nios2-elf/4.1.2\libgcc.a(lib2-divmod.o)
 .data          0x0080cb04        0x0 ../hello-wirid_bsp/\libhal_bsp.a(alt_exit.o)
                0x00814b04                _gp = ABSOLUTE ((. + 0x8000))
                0x00814b04                PROVIDE (gp, _gp)
 *(.rwdata .rwdata.*)
 *(.sdata .sdata.* .gnu.linkonce.s.*)
 .sdata         0x0080cb04        0x8 c:/altera/13.0/nios2eds/bin/gnu/h-i686-mingw32/bin/../lib/gcc/nios2-elf/4.1.2/../../../../nios2-elf/lib\libc.a(lib_a-impure.o)
                0x0080cb04                _impure_ptr
                0x0080cb08                _global_impure_ptr
 .sdata         0x0080cb0c        0x8 c:/altera/13.0/nios2eds/bin/gnu/h-i686-mingw32/bin/../lib/gcc/nios2-elf/4.1.2/../../../../nios2-elf/lib\libc.a(lib_a-mallocr.o)
                0x0080cb0c                __malloc_trim_threshold
                0x0080cb10                __malloc_sbrk_base
 .sdata         0x0080cb14       0x14 ../hello-wirid_bsp/\libhal_bsp.a(alt_dev.o)
                0x0080cb14                alt_fs_list
                0x0080cb1c                alt_dev_list
                0x0080cb24                alt_max_fd
 .sdata         0x0080cb28        0x4 ../hello-wirid_bsp/\libhal_bsp.a(alt_errno.o)
                0x0080cb28                alt_errno
 .sdata         0x0080cb2c        0x4 ../hello-wirid_bsp/\libhal_bsp.a(alt_sbrk.o)
 .sdata         0x0080cb30        0x4 ../hello-wirid_bsp/\libhal_bsp.a(altera_avalon_lcd_16207.o)
 .sdata         0x0080cb34        0x8 ../hello-wirid_bsp/\libhal_bsp.a(alt_flash_dev.o)
                0x0080cb34                alt_flash_dev_list
 .sdata         0x0080cb3c        0x4 ../hello-wirid_bsp/\libhal_bsp.a(alt_irq_vars.o)
                0x0080cb3c                alt_priority_mask
 .sdata         0x0080cb40        0x8 ../hello-wirid_bsp/\libhal_bsp.a(alt_tick.o)
                0x0080cb40                alt_alarm_list
 .sdata         0x0080cb48        0x4 c:/altera/13.0/nios2eds/bin/gnu/h-i686-mingw32/bin/../lib/gcc/nios2-elf/4.1.2/../../../../nios2-elf/lib\libc.a(lib_a-ctype_.o)
                0x0080cb48                __ctype_ptr
 *(.sdata2 .sdata2.* .gnu.linkonce.s2.*)
                0x0080cb4c                . = ALIGN (0x4)
                0x0080cb4c                _edata = ABSOLUTE (.)
                0x0080cb4c                PROVIDE (edata, ABSOLUTE (.))
                0x0080cb4c                PROVIDE (__ram_rwdata_end, ABSOLUTE (.))
                0x0080ad70                PROVIDE (__flash_rwdata_start, LOADADDR (.rwdata))

.bss            0x0080cb4c      0x2e0
                0x0080cb4c                __bss_start = ABSOLUTE (.)
                0x0080cb4c                PROVIDE (__sbss_start, ABSOLUTE (.))
                0x0080cb4c                PROVIDE (___sbss_start, ABSOLUTE (.))
 *(.dynsbss)
 *(.sbss .sbss.* .gnu.linkonce.sb.*)
 .sbss          0x0080cb4c        0xc c:/altera/13.0/nios2eds/bin/gnu/h-i686-mingw32/bin/../lib/gcc/nios2-elf/4.1.2/../../../../nios2-elf/lib\libc.a(lib_a-mallocr.o)
                0x0080cb4c                __malloc_top_pad
                0x0080cb50                __malloc_max_sbrked_mem
                0x0080cb54                __malloc_max_total_mem
 .sbss          0x0080cb58        0x4 c:/altera/13.0/nios2eds/bin/gnu/h-i686-mingw32/bin/../lib/gcc/nios2-elf/4.1.2/../../../../nios2-elf/lib\libc.a(lib_a-int_errno.o)
                0x0080cb58                errno
 .sbss          0x0080cb5c        0xc ../hello-wirid_bsp/\libhal_bsp.a(alt_main.o)
                0x0080cb5c                alt_argc
                0x0080cb60                alt_argv
                0x0080cb64                alt_envp
 .sbss          0x0080cb68        0x4 ../hello-wirid_bsp/\libhal_bsp.a(alt_irq_vars.o)
                0x0080cb68                alt_irq_active
 .sbss          0x0080cb6c        0x8 ../hello-wirid_bsp/\libhal_bsp.a(alt_tick.o)
                0x0080cb6c                _alt_tick_rate
                0x0080cb70                _alt_nticks
 *(.sbss2 .sbss2.* .gnu.linkonce.sb2.*)
 *(.scommon)
                0x0080cb74                PROVIDE (__sbss_end, ABSOLUTE (.))
                0x0080cb74                PROVIDE (___sbss_end, ABSOLUTE (.))
 *(.dynbss)
 *(.bss .bss.* .gnu.linkonce.b.*)
 .bss           0x0080cb74        0x0 ../hello-wirid_bsp//obj/HAL/src/crt0.o
 .bss           0x0080cb74        0x0 obj/default/hello_world.o
 .bss           0x0080cb74        0x0 c:/altera/13.0/nios2eds/bin/gnu/h-i686-mingw32/bin/../lib/gcc/nios2-elf/4.1.2/../../../../nios2-elf/lib\libc.a(lib_a-puts.o)
 .bss           0x0080cb74        0x0 c:/altera/13.0/nios2eds/bin/gnu/h-i686-mingw32/bin/../lib/gcc/nios2-elf/4.1.2/../../../../nios2-elf/lib\libc.a(lib_a-strlen.o)
 .bss           0x0080cb74        0x0 c:/altera/13.0/nios2eds/bin/gnu/h-i686-mingw32/bin/../lib/gcc/nios2-elf/4.1.2/../../../../nios2-elf/lib\libc.a(lib_a-fvwrite.o)
 .bss           0x0080cb74        0x0 c:/altera/13.0/nios2eds/bin/gnu/h-i686-mingw32/bin/../lib/gcc/nios2-elf/4.1.2/../../../../nios2-elf/lib\libc.a(lib_a-impure.o)
 .bss           0x0080cb74       0x28 c:/altera/13.0/nios2eds/bin/gnu/h-i686-mingw32/bin/../lib/gcc/nios2-elf/4.1.2/../../../../nios2-elf/lib\libc.a(lib_a-mallocr.o)
                0x0080cb74                __malloc_current_mallinfo
 .bss           0x0080cb9c        0x0 c:/altera/13.0/nios2eds/bin/gnu/h-i686-mingw32/bin/../lib/gcc/nios2-elf/4.1.2/../../../../nios2-elf/lib\libc.a(lib_a-memchr.o)
 .bss           0x0080cb9c        0x0 c:/altera/13.0/nios2eds/bin/gnu/h-i686-mingw32/bin/../lib/gcc/nios2-elf/4.1.2/../../../../nios2-elf/lib\libc.a(lib_a-memcpy.o)
 .bss           0x0080cb9c        0x0 c:/altera/13.0/nios2eds/bin/gnu/h-i686-mingw32/bin/../lib/gcc/nios2-elf/4.1.2/../../../../nios2-elf/lib\libc.a(lib_a-memmove.o)
 .bss           0x0080cb9c        0x0 c:/altera/13.0/nios2eds/bin/gnu/h-i686-mingw32/bin/../lib/gcc/nios2-elf/4.1.2/../../../../nios2-elf/lib\libc.a(lib_a-reallocr.o)
 .bss           0x0080cb9c        0x0 c:/altera/13.0/nios2eds/bin/gnu/h-i686-mingw32/bin/../lib/gcc/nios2-elf/4.1.2/../../../../nios2-elf/lib\libc.a(lib_a-sbrkr.o)
 .bss           0x0080cb9c        0x0 c:/altera/13.0/nios2eds/bin/gnu/h-i686-mingw32/bin/../lib/gcc/nios2-elf/4.1.2/../../../../nios2-elf/lib\libc.a(lib_a-wsetup.o)
 .bss           0x0080cb9c        0x0 c:/altera/13.0/nios2eds/bin/gnu/h-i686-mingw32/bin/../lib/gcc/nios2-elf/4.1.2/../../../../nios2-elf/lib\libc.a(lib_a-fflush.o)
 .bss           0x0080cb9c        0x0 c:/altera/13.0/nios2eds/bin/gnu/h-i686-mingw32/bin/../lib/gcc/nios2-elf/4.1.2/../../../../nios2-elf/lib\libc.a(lib_a-findfp.o)
 .bss           0x0080cb9c        0x0 c:/altera/13.0/nios2eds/bin/gnu/h-i686-mingw32/bin/../lib/gcc/nios2-elf/4.1.2/../../../../nios2-elf/lib\libc.a(lib_a-freer.o)
 .bss           0x0080cb9c        0x0 c:/altera/13.0/nios2eds/bin/gnu/h-i686-mingw32/bin/../lib/gcc/nios2-elf/4.1.2/../../../../nios2-elf/lib\libc.a(lib_a-fwalk.o)
 .bss           0x0080cb9c        0x0 c:/altera/13.0/nios2eds/bin/gnu/h-i686-mingw32/bin/../lib/gcc/nios2-elf/4.1.2/../../../../nios2-elf/lib\libc.a(lib_a-int_errno.o)
 .bss           0x0080cb9c        0x0 c:/altera/13.0/nios2eds/bin/gnu/h-i686-mingw32/bin/../lib/gcc/nios2-elf/4.1.2/../../../../nios2-elf/lib\libc.a(lib_a-makebuf.o)
 .bss           0x0080cb9c        0x0 c:/altera/13.0/nios2eds/bin/gnu/h-i686-mingw32/bin/../lib/gcc/nios2-elf/4.1.2/../../../../nios2-elf/lib\libc.a(lib_a-memset.o)
 .bss           0x0080cb9c        0x0 c:/altera/13.0/nios2eds/bin/gnu/h-i686-mingw32/bin/../lib/gcc/nios2-elf/4.1.2/../../../../nios2-elf/lib\libc.a(lib_a-stdio.o)
 .bss           0x0080cb9c        0x0 c:/altera/13.0/nios2eds/bin/gnu/h-i686-mingw32/bin/../lib/gcc/nios2-elf/4.1.2/../../../../nios2-elf/lib\libc.a(lib_a-writer.o)
 .bss           0x0080cb9c        0x0 c:/altera/13.0/nios2eds/bin/gnu/h-i686-mingw32/bin/../lib/gcc/nios2-elf/4.1.2/../../../../nios2-elf/lib\libc.a(lib_a-closer.o)
 .bss           0x0080cb9c        0x0 c:/altera/13.0/nios2eds/bin/gnu/h-i686-mingw32/bin/../lib/gcc/nios2-elf/4.1.2/../../../../nios2-elf/lib\libc.a(lib_a-fclose.o)
 .bss           0x0080cb9c        0x0 c:/altera/13.0/nios2eds/bin/gnu/h-i686-mingw32/bin/../lib/gcc/nios2-elf/4.1.2/../../../../nios2-elf/lib\libc.a(lib_a-fstatr.o)
 .bss           0x0080cb9c        0x0 c:/altera/13.0/nios2eds/bin/gnu/h-i686-mingw32/bin/../lib/gcc/nios2-elf/4.1.2/../../../../nios2-elf/lib\libc.a(lib_a-isattyr.o)
 .bss           0x0080cb9c        0x0 c:/altera/13.0/nios2eds/bin/gnu/h-i686-mingw32/bin/../lib/gcc/nios2-elf/4.1.2/../../../../nios2-elf/lib\libc.a(lib_a-lseekr.o)
 .bss           0x0080cb9c        0x0 c:/altera/13.0/nios2eds/bin/gnu/h-i686-mingw32/bin/../lib/gcc/nios2-elf/4.1.2/../../../../nios2-elf/lib\libc.a(lib_a-readr.o)
 .bss           0x0080cb9c        0x0 ../hello-wirid_bsp/\libhal_bsp.a(alt_close.o)
 .bss           0x0080cb9c        0x0 ../hello-wirid_bsp/\libhal_bsp.a(alt_dev.o)
 .bss           0x0080cb9c        0x0 ../hello-wirid_bsp/\libhal_bsp.a(alt_errno.o)
 .bss           0x0080cb9c        0x0 ../hello-wirid_bsp/\libhal_bsp.a(alt_fstat.o)
 .bss           0x0080cb9c        0x0 ../hello-wirid_bsp/\libhal_bsp.a(alt_isatty.o)
 .bss           0x0080cb9c        0x0 ../hello-wirid_bsp/\libhal_bsp.a(alt_lseek.o)
 .bss           0x0080cb9c        0x0 ../hello-wirid_bsp/\libhal_bsp.a(alt_main.o)
 .bss           0x0080cb9c        0x0 ../hello-wirid_bsp/\libhal_bsp.a(alt_malloc_lock.o)
 .bss           0x0080cb9c        0x0 ../hello-wirid_bsp/\libhal_bsp.a(alt_read.o)
 .bss           0x0080cb9c        0x0 ../hello-wirid_bsp/\libhal_bsp.a(alt_release_fd.o)
 .bss           0x0080cb9c        0x0 ../hello-wirid_bsp/\libhal_bsp.a(alt_sbrk.o)
 .bss           0x0080cb9c        0x0 ../hello-wirid_bsp/\libhal_bsp.a(alt_write.o)
 .bss           0x0080cb9c        0x0 ../hello-wirid_bsp/\libhal_bsp.a(alt_sys_init.o)
 .bss           0x0080cb9c        0x0 ../hello-wirid_bsp/\libhal_bsp.a(altera_avalon_cfi_flash.o)
 .bss           0x0080cb9c        0x0 ../hello-wirid_bsp/\libhal_bsp.a(altera_avalon_cfi_flash_table.o)
 .bss           0x0080cb9c        0x0 ../hello-wirid_bsp/\libhal_bsp.a(altera_avalon_epcs_flash_controller.o)
 .bss           0x0080cb9c        0x0 ../hello-wirid_bsp/\libhal_bsp.a(altera_avalon_jtag_uart_fd.o)
 .bss           0x0080cb9c        0x0 ../hello-wirid_bsp/\libhal_bsp.a(altera_avalon_jtag_uart_init.o)
 .bss           0x0080cb9c        0x0 ../hello-wirid_bsp/\libhal_bsp.a(altera_avalon_jtag_uart_ioctl.o)
 .bss           0x0080cb9c        0x0 ../hello-wirid_bsp/\libhal_bsp.a(altera_avalon_jtag_uart_read.o)
 .bss           0x0080cb9c        0x0 ../hello-wirid_bsp/\libhal_bsp.a(altera_avalon_jtag_uart_write.o)
 .bss           0x0080cb9c        0x0 ../hello-wirid_bsp/\libhal_bsp.a(altera_avalon_lcd_16207.o)
 .bss           0x0080cb9c        0x0 ../hello-wirid_bsp/\libhal_bsp.a(altera_avalon_lcd_16207_fd.o)
 .bss           0x0080cb9c        0x0 ../hello-wirid_bsp/\libhal_bsp.a(altera_avalon_timer_sc.o)
 .bss           0x0080cb9c        0x0 ../hello-wirid_bsp/\libhal_bsp.a(altera_avalon_uart_fd.o)
 .bss           0x0080cb9c        0x0 ../hello-wirid_bsp/\libhal_bsp.a(altera_avalon_uart_init.o)
 .bss           0x0080cb9c        0x0 ../hello-wirid_bsp/\libhal_bsp.a(altera_avalon_uart_read.o)
 .bss           0x0080cb9c        0x0 ../hello-wirid_bsp/\libhal_bsp.a(altera_avalon_uart_write.o)
 .bss           0x0080cb9c        0x0 ../hello-wirid_bsp/\libhal_bsp.a(epcs_commands.o)
 .bss           0x0080cb9c        0x0 ../hello-wirid_bsp/\libhal_bsp.a(alt_alarm_start.o)
 .bss           0x0080cb9c        0x0 ../hello-wirid_bsp/\libhal_bsp.a(alt_dcache_flush.o)
 .bss           0x0080cb9c        0x0 ../hello-wirid_bsp/\libhal_bsp.a(alt_dev_llist_insert.o)
 .bss           0x0080cb9c        0x0 ../hello-wirid_bsp/\libhal_bsp.a(alt_do_ctors.o)
 .bss           0x0080cb9c        0x0 ../hello-wirid_bsp/\libhal_bsp.a(alt_do_dtors.o)
 .bss           0x0080cb9c        0x0 ../hello-wirid_bsp/\libhal_bsp.a(alt_flash_dev.o)
 .bss           0x0080cb9c        0x0 ../hello-wirid_bsp/\libhal_bsp.a(alt_iic.o)
 .bss           0x0080cb9c        0x0 ../hello-wirid_bsp/\libhal_bsp.a(alt_iic_isr_register.o)
 .bss           0x0080cb9c        0x0 ../hello-wirid_bsp/\libhal_bsp.a(alt_io_redirect.o)
 .bss           0x0080cb9c        0x0 ../hello-wirid_bsp/\libhal_bsp.a(alt_irq_entry.o)
 .bss           0x0080cb9c        0x0 ../hello-wirid_bsp/\libhal_bsp.a(alt_irq_handler.o)
 .bss           0x0080cb9c        0x0 ../hello-wirid_bsp/\libhal_bsp.a(alt_irq_vars.o)
 .bss           0x0080cb9c        0x0 ../hello-wirid_bsp/\libhal_bsp.a(alt_open.o)
 .bss           0x0080cb9c        0x0 ../hello-wirid_bsp/\libhal_bsp.a(alt_tick.o)
 .bss           0x0080cb9c        0x0 ../hello-wirid_bsp/\libhal_bsp.a(alt_usleep.o)
 .bss           0x0080cb9c        0x0 ../hello-wirid_bsp/\libhal_bsp.a(altera_nios2_qsys_irq.o)
 .bss           0x0080cb9c        0x0 ../hello-wirid_bsp/\libhal_bsp.a(altera_avalon_cfi_flash_amd.o)
 .bss           0x0080cb9c        0x0 ../hello-wirid_bsp/\libhal_bsp.a(altera_avalon_cfi_flash_intel.o)
 .bss           0x0080cb9c        0x0 ../hello-wirid_bsp/\libhal_bsp.a(altera_avalon_spi.o)
 .bss           0x0080cb9c        0x0 ../hello-wirid_bsp/\libhal_bsp.a(alt_busy_sleep.o)
 .bss           0x0080cb9c        0x0 ../hello-wirid_bsp/\libhal_bsp.a(alt_exception_entry.o)
 .bss           0x0080cb9c        0x0 ../hello-wirid_bsp/\libhal_bsp.a(alt_find_dev.o)
 .bss           0x0080cb9c        0x0 ../hello-wirid_bsp/\libhal_bsp.a(alt_find_file.o)
 .bss           0x0080cb9c        0x0 ../hello-wirid_bsp/\libhal_bsp.a(alt_get_fd.o)
 .bss           0x0080cb9c        0x0 c:/altera/13.0/nios2eds/bin/gnu/h-i686-mingw32/bin/../lib/gcc/nios2-elf/4.1.2/../../../../nios2-elf/lib\libc.a(lib_a-atexit.o)
 .bss           0x0080cb9c        0x0 c:/altera/13.0/nios2eds/bin/gnu/h-i686-mingw32/bin/../lib/gcc/nios2-elf/4.1.2/../../../../nios2-elf/lib\libc.a(lib_a-ctype_.o)
 .bss           0x0080cb9c        0x0 c:/altera/13.0/nios2eds/bin/gnu/h-i686-mingw32/bin/../lib/gcc/nios2-elf/4.1.2/../../../../nios2-elf/lib\libc.a(lib_a-exit.o)
 .bss           0x0080cb9c        0x0 c:/altera/13.0/nios2eds/bin/gnu/h-i686-mingw32/bin/../lib/gcc/nios2-elf/4.1.2/../../../../nios2-elf/lib\libc.a(lib_a-memcmp.o)
 .bss           0x0080cb9c        0x0 c:/altera/13.0/nios2eds/bin/gnu/h-i686-mingw32/bin/../lib/gcc/nios2-elf/4.1.2/../../../../nios2-elf/lib\libc.a(lib_a-__atexit.o)
 .bss           0x0080cb9c        0x0 c:/altera/13.0/nios2eds/bin/gnu/h-i686-mingw32/bin/../lib/gcc/nios2-elf/4.1.2/../../../../nios2-elf/lib\libc.a(lib_a-__call_atexit.o)
 .bss           0x0080cb9c        0x0 c:/altera/13.0/nios2eds/bin/gnu/h-i686-mingw32/bin/../lib/gcc/nios2-elf/4.1.2\libgcc.a(lib2-divmod.o)
 .bss           0x0080cb9c        0x0 ../hello-wirid_bsp/\libhal_bsp.a(alt_exit.o)
 *(COMMON)
 COMMON         0x0080cb9c      0x100 ../hello-wirid_bsp/\libhal_bsp.a(alt_irq_handler.o)
                0x0080cb9c                alt_irq
 COMMON         0x0080cc9c      0x190 c:/altera/13.0/nios2eds/bin/gnu/h-i686-mingw32/bin/../lib/gcc/nios2-elf/4.1.2/../../../../nios2-elf/lib\libc.a(lib_a-atexit.o)
                0x0080cc9c                _atexit0
                0x0080ce2c                . = ALIGN (0x4)
                0x0080ce2c                __bss_end = ABSOLUTE (.)

.sdram_0        0x0080ce2c        0x0
                0x0080ce2c                PROVIDE (_alt_partition_sdram_0_start, ABSOLUTE (.))
 *(.sdram_0. sdram_0.*)
                0x0080ce2c                . = ALIGN (0x4)
                0x0080ce2c                PROVIDE (_alt_partition_sdram_0_end, ABSOLUTE (.))
                0x0080ce2c                _end = ABSOLUTE (.)
                0x0080ce2c                end = ABSOLUTE (.)
                0x0080ce2c                __alt_stack_base = ABSOLUTE (.)
                0x0080ce2c                PROVIDE (_alt_partition_sdram_0_load_addr, LOADADDR (.sdram_0))

.cfi_flash_0    0x01400020        0x0
                0x01400020                PROVIDE (_alt_partition_cfi_flash_0_start, ABSOLUTE (.))
 *(.cfi_flash_0. cfi_flash_0.*)
                0x01400020                . = ALIGN (0x4)
                0x01400020                PROVIDE (_alt_partition_cfi_flash_0_end, ABSOLUTE (.))
                0x01400020                PROVIDE (_alt_partition_cfi_flash_0_load_addr, LOADADDR (.cfi_flash_0))

.sram_0         0x01a00000        0x0
                0x01a00000                PROVIDE (_alt_partition_sram_0_start, ABSOLUTE (.))
 *(.sram_0. sram_0.*)
                0x01a00000                . = ALIGN (0x4)
                0x01a00000                PROVIDE (_alt_partition_sram_0_end, ABSOLUTE (.))
                0x01a00000                PROVIDE (_alt_partition_sram_0_load_addr, LOADADDR (.sram_0))

.epcs_controller
                0x01a81800        0x0
                0x01a81800                PROVIDE (_alt_partition_epcs_controller_start, ABSOLUTE (.))
 *(.epcs_controller. epcs_controller.*)
                0x01a81800                . = ALIGN (0x4)
                0x01a81800                PROVIDE (_alt_partition_epcs_controller_end, ABSOLUTE (.))
                0x01a81800                PROVIDE (_alt_partition_epcs_controller_load_addr, LOADADDR (.epcs_controller))

.stab
 *(.stab)

.stabstr
 *(.stabstr)

.stab.excl
 *(.stab.excl)

.stab.exclstr
 *(.stab.exclstr)

.stab.index
 *(.stab.index)

.stab.indexstr
 *(.stab.indexstr)

.comment        0x00000000       0x23
 *(.comment)
 .comment       0x00000000       0x23 obj/default/hello_world.o
                                 0x24 (size before relaxing)
 .comment       0x00000000       0x24 c:/altera/13.0/nios2eds/bin/gnu/h-i686-mingw32/bin/../lib/gcc/nios2-elf/4.1.2/../../../../nios2-elf/lib\libc.a(lib_a-puts.o)
 .comment       0x00000000       0x24 c:/altera/13.0/nios2eds/bin/gnu/h-i686-mingw32/bin/../lib/gcc/nios2-elf/4.1.2/../../../../nios2-elf/lib\libc.a(lib_a-strlen.o)
 .comment       0x00000000       0x24 c:/altera/13.0/nios2eds/bin/gnu/h-i686-mingw32/bin/../lib/gcc/nios2-elf/4.1.2/../../../../nios2-elf/lib\libc.a(lib_a-fvwrite.o)
 .comment       0x00000000       0x24 c:/altera/13.0/nios2eds/bin/gnu/h-i686-mingw32/bin/../lib/gcc/nios2-elf/4.1.2/../../../../nios2-elf/lib\libc.a(lib_a-impure.o)
 .comment       0x00000000       0x24 c:/altera/13.0/nios2eds/bin/gnu/h-i686-mingw32/bin/../lib/gcc/nios2-elf/4.1.2/../../../../nios2-elf/lib\libc.a(lib_a-mallocr.o)
 .comment       0x00000000       0x24 c:/altera/13.0/nios2eds/bin/gnu/h-i686-mingw32/bin/../lib/gcc/nios2-elf/4.1.2/../../../../nios2-elf/lib\libc.a(lib_a-memchr.o)
 .comment       0x00000000       0x24 c:/altera/13.0/nios2eds/bin/gnu/h-i686-mingw32/bin/../lib/gcc/nios2-elf/4.1.2/../../../../nios2-elf/lib\libc.a(lib_a-memcpy.o)
 .comment       0x00000000       0x24 c:/altera/13.0/nios2eds/bin/gnu/h-i686-mingw32/bin/../lib/gcc/nios2-elf/4.1.2/../../../../nios2-elf/lib\libc.a(lib_a-memmove.o)
 .comment       0x00000000       0x24 c:/altera/13.0/nios2eds/bin/gnu/h-i686-mingw32/bin/../lib/gcc/nios2-elf/4.1.2/../../../../nios2-elf/lib\libc.a(lib_a-reallocr.o)
 .comment       0x00000000       0x24 c:/altera/13.0/nios2eds/bin/gnu/h-i686-mingw32/bin/../lib/gcc/nios2-elf/4.1.2/../../../../nios2-elf/lib\libc.a(lib_a-sbrkr.o)
 .comment       0x00000000       0x24 c:/altera/13.0/nios2eds/bin/gnu/h-i686-mingw32/bin/../lib/gcc/nios2-elf/4.1.2/../../../../nios2-elf/lib\libc.a(lib_a-wsetup.o)
 .comment       0x00000000       0x24 c:/altera/13.0/nios2eds/bin/gnu/h-i686-mingw32/bin/../lib/gcc/nios2-elf/4.1.2/../../../../nios2-elf/lib\libc.a(lib_a-fflush.o)
 .comment       0x00000000       0x24 c:/altera/13.0/nios2eds/bin/gnu/h-i686-mingw32/bin/../lib/gcc/nios2-elf/4.1.2/../../../../nios2-elf/lib\libc.a(lib_a-findfp.o)
 .comment       0x00000000       0x24 c:/altera/13.0/nios2eds/bin/gnu/h-i686-mingw32/bin/../lib/gcc/nios2-elf/4.1.2/../../../../nios2-elf/lib\libc.a(lib_a-freer.o)
 .comment       0x00000000       0x24 c:/altera/13.0/nios2eds/bin/gnu/h-i686-mingw32/bin/../lib/gcc/nios2-elf/4.1.2/../../../../nios2-elf/lib\libc.a(lib_a-fwalk.o)
 .comment       0x00000000       0x24 c:/altera/13.0/nios2eds/bin/gnu/h-i686-mingw32/bin/../lib/gcc/nios2-elf/4.1.2/../../../../nios2-elf/lib\libc.a(lib_a-int_errno.o)
 .comment       0x00000000       0x24 c:/altera/13.0/nios2eds/bin/gnu/h-i686-mingw32/bin/../lib/gcc/nios2-elf/4.1.2/../../../../nios2-elf/lib\libc.a(lib_a-makebuf.o)
 .comment       0x00000000       0x24 c:/altera/13.0/nios2eds/bin/gnu/h-i686-mingw32/bin/../lib/gcc/nios2-elf/4.1.2/../../../../nios2-elf/lib\libc.a(lib_a-memset.o)
 .comment       0x00000000       0x24 c:/altera/13.0/nios2eds/bin/gnu/h-i686-mingw32/bin/../lib/gcc/nios2-elf/4.1.2/../../../../nios2-elf/lib\libc.a(lib_a-stdio.o)
 .comment       0x00000000       0x24 c:/altera/13.0/nios2eds/bin/gnu/h-i686-mingw32/bin/../lib/gcc/nios2-elf/4.1.2/../../../../nios2-elf/lib\libc.a(lib_a-writer.o)
 .comment       0x00000000       0x24 c:/altera/13.0/nios2eds/bin/gnu/h-i686-mingw32/bin/../lib/gcc/nios2-elf/4.1.2/../../../../nios2-elf/lib\libc.a(lib_a-closer.o)
 .comment       0x00000000       0x24 c:/altera/13.0/nios2eds/bin/gnu/h-i686-mingw32/bin/../lib/gcc/nios2-elf/4.1.2/../../../../nios2-elf/lib\libc.a(lib_a-fclose.o)
 .comment       0x00000000       0x24 c:/altera/13.0/nios2eds/bin/gnu/h-i686-mingw32/bin/../lib/gcc/nios2-elf/4.1.2/../../../../nios2-elf/lib\libc.a(lib_a-fstatr.o)
 .comment       0x00000000       0x24 c:/altera/13.0/nios2eds/bin/gnu/h-i686-mingw32/bin/../lib/gcc/nios2-elf/4.1.2/../../../../nios2-elf/lib\libc.a(lib_a-isattyr.o)
 .comment       0x00000000       0x24 c:/altera/13.0/nios2eds/bin/gnu/h-i686-mingw32/bin/../lib/gcc/nios2-elf/4.1.2/../../../../nios2-elf/lib\libc.a(lib_a-lseekr.o)
 .comment       0x00000000       0x24 c:/altera/13.0/nios2eds/bin/gnu/h-i686-mingw32/bin/../lib/gcc/nios2-elf/4.1.2/../../../../nios2-elf/lib\libc.a(lib_a-readr.o)
 .comment       0x00000000       0x24 ../hello-wirid_bsp/\libhal_bsp.a(alt_close.o)
 .comment       0x00000000       0x24 ../hello-wirid_bsp/\libhal_bsp.a(alt_dev.o)
 .comment       0x00000000       0x24 ../hello-wirid_bsp/\libhal_bsp.a(alt_errno.o)
 .comment       0x00000000       0x24 ../hello-wirid_bsp/\libhal_bsp.a(alt_fstat.o)
 .comment       0x00000000       0x24 ../hello-wirid_bsp/\libhal_bsp.a(alt_isatty.o)
 .comment       0x00000000       0x24 ../hello-wirid_bsp/\libhal_bsp.a(alt_lseek.o)
 .comment       0x00000000       0x24 ../hello-wirid_bsp/\libhal_bsp.a(alt_main.o)
 .comment       0x00000000       0x24 ../hello-wirid_bsp/\libhal_bsp.a(alt_malloc_lock.o)
 .comment       0x00000000       0x24 ../hello-wirid_bsp/\libhal_bsp.a(alt_read.o)
 .comment       0x00000000       0x24 ../hello-wirid_bsp/\libhal_bsp.a(alt_release_fd.o)
 .comment       0x00000000       0x24 ../hello-wirid_bsp/\libhal_bsp.a(alt_sbrk.o)
 .comment       0x00000000       0x24 ../hello-wirid_bsp/\libhal_bsp.a(alt_write.o)
 .comment       0x00000000       0x24 ../hello-wirid_bsp/\libhal_bsp.a(alt_sys_init.o)
 .comment       0x00000000       0x24 ../hello-wirid_bsp/\libhal_bsp.a(altera_avalon_cfi_flash.o)
 .comment       0x00000000       0x24 ../hello-wirid_bsp/\libhal_bsp.a(altera_avalon_cfi_flash_table.o)
 .comment       0x00000000       0x24 ../hello-wirid_bsp/\libhal_bsp.a(altera_avalon_epcs_flash_controller.o)
 .comment       0x00000000       0x24 ../hello-wirid_bsp/\libhal_bsp.a(altera_avalon_jtag_uart_fd.o)
 .comment       0x00000000       0x24 ../hello-wirid_bsp/\libhal_bsp.a(altera_avalon_jtag_uart_init.o)
 .comment       0x00000000       0x24 ../hello-wirid_bsp/\libhal_bsp.a(altera_avalon_jtag_uart_ioctl.o)
 .comment       0x00000000       0x24 ../hello-wirid_bsp/\libhal_bsp.a(altera_avalon_jtag_uart_read.o)
 .comment       0x00000000       0x24 ../hello-wirid_bsp/\libhal_bsp.a(altera_avalon_jtag_uart_write.o)
 .comment       0x00000000       0x24 ../hello-wirid_bsp/\libhal_bsp.a(altera_avalon_lcd_16207.o)
 .comment       0x00000000       0x24 ../hello-wirid_bsp/\libhal_bsp.a(altera_avalon_lcd_16207_fd.o)
 .comment       0x00000000       0x24 ../hello-wirid_bsp/\libhal_bsp.a(altera_avalon_timer_sc.o)
 .comment       0x00000000       0x24 ../hello-wirid_bsp/\libhal_bsp.a(altera_avalon_uart_fd.o)
 .comment       0x00000000       0x24 ../hello-wirid_bsp/\libhal_bsp.a(altera_avalon_uart_init.o)
 .comment       0x00000000       0x24 ../hello-wirid_bsp/\libhal_bsp.a(altera_avalon_uart_read.o)
 .comment       0x00000000       0x24 ../hello-wirid_bsp/\libhal_bsp.a(altera_avalon_uart_write.o)
 .comment       0x00000000       0x24 ../hello-wirid_bsp/\libhal_bsp.a(epcs_commands.o)
 .comment       0x00000000       0x24 ../hello-wirid_bsp/\libhal_bsp.a(alt_alarm_start.o)
 .comment       0x00000000       0x24 ../hello-wirid_bsp/\libhal_bsp.a(alt_dcache_flush.o)
 .comment       0x00000000       0x24 ../hello-wirid_bsp/\libhal_bsp.a(alt_dev_llist_insert.o)
 .comment       0x00000000       0x24 ../hello-wirid_bsp/\libhal_bsp.a(alt_do_ctors.o)
 .comment       0x00000000       0x24 ../hello-wirid_bsp/\libhal_bsp.a(alt_do_dtors.o)
 .comment       0x00000000       0x24 ../hello-wirid_bsp/\libhal_bsp.a(alt_flash_dev.o)
 .comment       0x00000000       0x24 ../hello-wirid_bsp/\libhal_bsp.a(alt_iic.o)
 .comment       0x00000000       0x24 ../hello-wirid_bsp/\libhal_bsp.a(alt_iic_isr_register.o)
 .comment       0x00000000       0x24 ../hello-wirid_bsp/\libhal_bsp.a(alt_io_redirect.o)
 .comment       0x00000000       0x24 ../hello-wirid_bsp/\libhal_bsp.a(alt_irq_handler.o)
 .comment       0x00000000       0x24 ../hello-wirid_bsp/\libhal_bsp.a(alt_irq_vars.o)
 .comment       0x00000000       0x24 ../hello-wirid_bsp/\libhal_bsp.a(alt_open.o)
 .comment       0x00000000       0x24 ../hello-wirid_bsp/\libhal_bsp.a(alt_tick.o)
 .comment       0x00000000       0x24 ../hello-wirid_bsp/\libhal_bsp.a(alt_usleep.o)
 .comment       0x00000000       0x24 ../hello-wirid_bsp/\libhal_bsp.a(altera_nios2_qsys_irq.o)
 .comment       0x00000000       0x24 ../hello-wirid_bsp/\libhal_bsp.a(altera_avalon_cfi_flash_amd.o)
 .comment       0x00000000       0x24 ../hello-wirid_bsp/\libhal_bsp.a(altera_avalon_cfi_flash_intel.o)
 .comment       0x00000000       0x24 ../hello-wirid_bsp/\libhal_bsp.a(altera_avalon_spi.o)
 .comment       0x00000000       0x24 ../hello-wirid_bsp/\libhal_bsp.a(alt_busy_sleep.o)
 .comment       0x00000000       0x24 ../hello-wirid_bsp/\libhal_bsp.a(alt_find_dev.o)
 .comment       0x00000000       0x24 ../hello-wirid_bsp/\libhal_bsp.a(alt_find_file.o)
 .comment       0x00000000       0x24 ../hello-wirid_bsp/\libhal_bsp.a(alt_get_fd.o)
 .comment       0x00000000       0x24 c:/altera/13.0/nios2eds/bin/gnu/h-i686-mingw32/bin/../lib/gcc/nios2-elf/4.1.2/../../../../nios2-elf/lib\libc.a(lib_a-atexit.o)
 .comment       0x00000000       0x24 c:/altera/13.0/nios2eds/bin/gnu/h-i686-mingw32/bin/../lib/gcc/nios2-elf/4.1.2/../../../../nios2-elf/lib\libc.a(lib_a-ctype_.o)
 .comment       0x00000000       0x24 c:/altera/13.0/nios2eds/bin/gnu/h-i686-mingw32/bin/../lib/gcc/nios2-elf/4.1.2/../../../../nios2-elf/lib\libc.a(lib_a-exit.o)
 .comment       0x00000000       0x24 c:/altera/13.0/nios2eds/bin/gnu/h-i686-mingw32/bin/../lib/gcc/nios2-elf/4.1.2/../../../../nios2-elf/lib\libc.a(lib_a-memcmp.o)
 .comment       0x00000000       0x24 c:/altera/13.0/nios2eds/bin/gnu/h-i686-mingw32/bin/../lib/gcc/nios2-elf/4.1.2/../../../../nios2-elf/lib\libc.a(lib_a-__atexit.o)
 .comment       0x00000000       0x24 c:/altera/13.0/nios2eds/bin/gnu/h-i686-mingw32/bin/../lib/gcc/nios2-elf/4.1.2/../../../../nios2-elf/lib\libc.a(lib_a-__call_atexit.o)
 .comment       0x00000000       0x24 c:/altera/13.0/nios2eds/bin/gnu/h-i686-mingw32/bin/../lib/gcc/nios2-elf/4.1.2\libgcc.a(lib2-divmod.o)
 .comment       0x00000000       0x24 ../hello-wirid_bsp/\libhal_bsp.a(alt_exit.o)

.debug
 *(.debug)

.line
 *(.line)

.debug_srcinfo
 *(.debug_srcinfo)

.debug_sfnames
 *(.debug_sfnames)

.debug_aranges  0x00000000      0xab0
 *(.debug_aranges)
 .debug_aranges
                0x00000000       0x20 ../hello-wirid_bsp//obj/HAL/src/crt0.o
 .debug_aranges
                0x00000020       0x20 obj/default/hello_world.o
 .debug_aranges
                0x00000040       0x20 c:/altera/13.0/nios2eds/bin/gnu/h-i686-mingw32/bin/../lib/gcc/nios2-elf/4.1.2/../../../../nios2-elf/lib\libc.a(lib_a-puts.o)
 .debug_aranges
                0x00000060       0x20 c:/altera/13.0/nios2eds/bin/gnu/h-i686-mingw32/bin/../lib/gcc/nios2-elf/4.1.2/../../../../nios2-elf/lib\libc.a(lib_a-strlen.o)
 .debug_aranges
                0x00000080       0x20 c:/altera/13.0/nios2eds/bin/gnu/h-i686-mingw32/bin/../lib/gcc/nios2-elf/4.1.2/../../../../nios2-elf/lib\libc.a(lib_a-fvwrite.o)
 .debug_aranges
                0x000000a0       0x20 c:/altera/13.0/nios2eds/bin/gnu/h-i686-mingw32/bin/../lib/gcc/nios2-elf/4.1.2/../../../../nios2-elf/lib\libc.a(lib_a-mallocr.o)
 .debug_aranges
                0x000000c0       0x20 c:/altera/13.0/nios2eds/bin/gnu/h-i686-mingw32/bin/../lib/gcc/nios2-elf/4.1.2/../../../../nios2-elf/lib\libc.a(lib_a-memchr.o)
 .debug_aranges
                0x000000e0       0x20 c:/altera/13.0/nios2eds/bin/gnu/h-i686-mingw32/bin/../lib/gcc/nios2-elf/4.1.2/../../../../nios2-elf/lib\libc.a(lib_a-memcpy.o)
 .debug_aranges
                0x00000100       0x20 c:/altera/13.0/nios2eds/bin/gnu/h-i686-mingw32/bin/../lib/gcc/nios2-elf/4.1.2/../../../../nios2-elf/lib\libc.a(lib_a-memmove.o)
 .debug_aranges
                0x00000120       0x20 c:/altera/13.0/nios2eds/bin/gnu/h-i686-mingw32/bin/../lib/gcc/nios2-elf/4.1.2/../../../../nios2-elf/lib\libc.a(lib_a-reallocr.o)
 .debug_aranges
                0x00000140       0x20 c:/altera/13.0/nios2eds/bin/gnu/h-i686-mingw32/bin/../lib/gcc/nios2-elf/4.1.2/../../../../nios2-elf/lib\libc.a(lib_a-sbrkr.o)
 .debug_aranges
                0x00000160       0x20 c:/altera/13.0/nios2eds/bin/gnu/h-i686-mingw32/bin/../lib/gcc/nios2-elf/4.1.2/../../../../nios2-elf/lib\libc.a(lib_a-wsetup.o)
 .debug_aranges
                0x00000180       0x20 c:/altera/13.0/nios2eds/bin/gnu/h-i686-mingw32/bin/../lib/gcc/nios2-elf/4.1.2/../../../../nios2-elf/lib\libc.a(lib_a-fflush.o)
 .debug_aranges
                0x000001a0       0x20 c:/altera/13.0/nios2eds/bin/gnu/h-i686-mingw32/bin/../lib/gcc/nios2-elf/4.1.2/../../../../nios2-elf/lib\libc.a(lib_a-findfp.o)
 .debug_aranges
                0x000001c0       0x20 c:/altera/13.0/nios2eds/bin/gnu/h-i686-mingw32/bin/../lib/gcc/nios2-elf/4.1.2/../../../../nios2-elf/lib\libc.a(lib_a-freer.o)
 .debug_aranges
                0x000001e0       0x20 c:/altera/13.0/nios2eds/bin/gnu/h-i686-mingw32/bin/../lib/gcc/nios2-elf/4.1.2/../../../../nios2-elf/lib\libc.a(lib_a-fwalk.o)
 .debug_aranges
                0x00000200       0x20 c:/altera/13.0/nios2eds/bin/gnu/h-i686-mingw32/bin/../lib/gcc/nios2-elf/4.1.2/../../../../nios2-elf/lib\libc.a(lib_a-makebuf.o)
 .debug_aranges
                0x00000220       0x20 c:/altera/13.0/nios2eds/bin/gnu/h-i686-mingw32/bin/../lib/gcc/nios2-elf/4.1.2/../../../../nios2-elf/lib\libc.a(lib_a-memset.o)
 .debug_aranges
                0x00000240       0x20 c:/altera/13.0/nios2eds/bin/gnu/h-i686-mingw32/bin/../lib/gcc/nios2-elf/4.1.2/../../../../nios2-elf/lib\libc.a(lib_a-stdio.o)
 .debug_aranges
                0x00000260       0x20 c:/altera/13.0/nios2eds/bin/gnu/h-i686-mingw32/bin/../lib/gcc/nios2-elf/4.1.2/../../../../nios2-elf/lib\libc.a(lib_a-writer.o)
 .debug_aranges
                0x00000280       0x20 c:/altera/13.0/nios2eds/bin/gnu/h-i686-mingw32/bin/../lib/gcc/nios2-elf/4.1.2/../../../../nios2-elf/lib\libc.a(lib_a-closer.o)
 .debug_aranges
                0x000002a0       0x20 c:/altera/13.0/nios2eds/bin/gnu/h-i686-mingw32/bin/../lib/gcc/nios2-elf/4.1.2/../../../../nios2-elf/lib\libc.a(lib_a-fclose.o)
 .debug_aranges
                0x000002c0       0x20 c:/altera/13.0/nios2eds/bin/gnu/h-i686-mingw32/bin/../lib/gcc/nios2-elf/4.1.2/../../../../nios2-elf/lib\libc.a(lib_a-fstatr.o)
 .debug_aranges
                0x000002e0       0x20 c:/altera/13.0/nios2eds/bin/gnu/h-i686-mingw32/bin/../lib/gcc/nios2-elf/4.1.2/../../../../nios2-elf/lib\libc.a(lib_a-isattyr.o)
 .debug_aranges
                0x00000300       0x20 c:/altera/13.0/nios2eds/bin/gnu/h-i686-mingw32/bin/../lib/gcc/nios2-elf/4.1.2/../../../../nios2-elf/lib\libc.a(lib_a-lseekr.o)
 .debug_aranges
                0x00000320       0x20 c:/altera/13.0/nios2eds/bin/gnu/h-i686-mingw32/bin/../lib/gcc/nios2-elf/4.1.2/../../../../nios2-elf/lib\libc.a(lib_a-readr.o)
 .debug_aranges
                0x00000340       0x20 ../hello-wirid_bsp/\libhal_bsp.a(alt_close.o)
 .debug_aranges
                0x00000360       0x20 ../hello-wirid_bsp/\libhal_bsp.a(alt_dev.o)
 .debug_aranges
                0x00000380       0x20 ../hello-wirid_bsp/\libhal_bsp.a(alt_fstat.o)
 .debug_aranges
                0x000003a0       0x20 ../hello-wirid_bsp/\libhal_bsp.a(alt_isatty.o)
 .debug_aranges
                0x000003c0       0x20 ../hello-wirid_bsp/\libhal_bsp.a(alt_lseek.o)
 .debug_aranges
                0x000003e0       0x20 ../hello-wirid_bsp/\libhal_bsp.a(alt_main.o)
 .debug_aranges
                0x00000400       0x20 ../hello-wirid_bsp/\libhal_bsp.a(alt_malloc_lock.o)
 .debug_aranges
                0x00000420       0x20 ../hello-wirid_bsp/\libhal_bsp.a(alt_read.o)
 .debug_aranges
                0x00000440       0x20 ../hello-wirid_bsp/\libhal_bsp.a(alt_release_fd.o)
 .debug_aranges
                0x00000460       0x20 ../hello-wirid_bsp/\libhal_bsp.a(alt_sbrk.o)
 .debug_aranges
                0x00000480       0x20 ../hello-wirid_bsp/\libhal_bsp.a(alt_write.o)
 .debug_aranges
                0x000004a0       0x20 ../hello-wirid_bsp/\libhal_bsp.a(alt_sys_init.o)
 .debug_aranges
                0x000004c0       0x20 ../hello-wirid_bsp/\libhal_bsp.a(altera_avalon_cfi_flash.o)
 .debug_aranges
                0x000004e0       0x20 ../hello-wirid_bsp/\libhal_bsp.a(altera_avalon_cfi_flash_table.o)
 .debug_aranges
                0x00000500       0x20 ../hello-wirid_bsp/\libhal_bsp.a(altera_avalon_epcs_flash_controller.o)
 .debug_aranges
                0x00000520       0x20 ../hello-wirid_bsp/\libhal_bsp.a(altera_avalon_jtag_uart_fd.o)
 .debug_aranges
                0x00000540       0x20 ../hello-wirid_bsp/\libhal_bsp.a(altera_avalon_jtag_uart_init.o)
 .debug_aranges
                0x00000560       0x20 ../hello-wirid_bsp/\libhal_bsp.a(altera_avalon_jtag_uart_ioctl.o)
 .debug_aranges
                0x00000580       0x20 ../hello-wirid_bsp/\libhal_bsp.a(altera_avalon_jtag_uart_read.o)
 .debug_aranges
                0x000005a0       0x20 ../hello-wirid_bsp/\libhal_bsp.a(altera_avalon_jtag_uart_write.o)
 .debug_aranges
                0x000005c0       0x20 ../hello-wirid_bsp/\libhal_bsp.a(altera_avalon_lcd_16207.o)
 .debug_aranges
                0x000005e0       0x20 ../hello-wirid_bsp/\libhal_bsp.a(altera_avalon_lcd_16207_fd.o)
 .debug_aranges
                0x00000600       0x20 ../hello-wirid_bsp/\libhal_bsp.a(altera_avalon_timer_sc.o)
 .debug_aranges
                0x00000620       0x20 ../hello-wirid_bsp/\libhal_bsp.a(altera_avalon_uart_fd.o)
 .debug_aranges
                0x00000640       0x20 ../hello-wirid_bsp/\libhal_bsp.a(altera_avalon_uart_init.o)
 .debug_aranges
                0x00000660       0x20 ../hello-wirid_bsp/\libhal_bsp.a(altera_avalon_uart_read.o)
 .debug_aranges
                0x00000680       0x20 ../hello-wirid_bsp/\libhal_bsp.a(altera_avalon_uart_write.o)
 .debug_aranges
                0x000006a0       0x20 ../hello-wirid_bsp/\libhal_bsp.a(epcs_commands.o)
 .debug_aranges
                0x000006c0       0x20 ../hello-wirid_bsp/\libhal_bsp.a(alt_alarm_start.o)
 .debug_aranges
                0x000006e0       0x20 ../hello-wirid_bsp/\libhal_bsp.a(alt_dcache_flush.o)
 .debug_aranges
                0x00000700       0x20 ../hello-wirid_bsp/\libhal_bsp.a(alt_dev_llist_insert.o)
 .debug_aranges
                0x00000720       0x20 ../hello-wirid_bsp/\libhal_bsp.a(alt_do_ctors.o)
 .debug_aranges
                0x00000740       0x20 ../hello-wirid_bsp/\libhal_bsp.a(alt_do_dtors.o)
 .debug_aranges
                0x00000760       0x20 ../hello-wirid_bsp/\libhal_bsp.a(alt_flash_dev.o)
 .debug_aranges
                0x00000780       0x20 ../hello-wirid_bsp/\libhal_bsp.a(alt_iic.o)
 .debug_aranges
                0x000007a0       0x20 ../hello-wirid_bsp/\libhal_bsp.a(alt_iic_isr_register.o)
 .debug_aranges
                0x000007c0       0x20 ../hello-wirid_bsp/\libhal_bsp.a(alt_io_redirect.o)
 .debug_aranges
                0x000007e0       0x30 ../hello-wirid_bsp/\libhal_bsp.a(alt_irq_entry.o)
 .debug_aranges
                0x00000810       0x28 ../hello-wirid_bsp/\libhal_bsp.a(alt_irq_handler.o)
 .debug_aranges
                0x00000838       0x20 ../hello-wirid_bsp/\libhal_bsp.a(alt_open.o)
 .debug_aranges
                0x00000858       0x20 ../hello-wirid_bsp/\libhal_bsp.a(alt_tick.o)
 .debug_aranges
                0x00000878       0x20 ../hello-wirid_bsp/\libhal_bsp.a(alt_usleep.o)
 .debug_aranges
                0x00000898       0x20 ../hello-wirid_bsp/\libhal_bsp.a(altera_nios2_qsys_irq.o)
 .debug_aranges
                0x000008b8       0x20 ../hello-wirid_bsp/\libhal_bsp.a(altera_avalon_cfi_flash_amd.o)
 .debug_aranges
                0x000008d8       0x20 ../hello-wirid_bsp/\libhal_bsp.a(altera_avalon_cfi_flash_intel.o)
 .debug_aranges
                0x000008f8       0x20 ../hello-wirid_bsp/\libhal_bsp.a(altera_avalon_spi.o)
 .debug_aranges
                0x00000918       0x20 ../hello-wirid_bsp/\libhal_bsp.a(alt_busy_sleep.o)
 .debug_aranges
                0x00000938       0x38 ../hello-wirid_bsp/\libhal_bsp.a(alt_exception_entry.o)
 .debug_aranges
                0x00000970       0x20 ../hello-wirid_bsp/\libhal_bsp.a(alt_find_dev.o)
 .debug_aranges
                0x00000990       0x20 ../hello-wirid_bsp/\libhal_bsp.a(alt_find_file.o)
 .debug_aranges
                0x000009b0       0x20 ../hello-wirid_bsp/\libhal_bsp.a(alt_get_fd.o)
 .debug_aranges
                0x000009d0       0x20 c:/altera/13.0/nios2eds/bin/gnu/h-i686-mingw32/bin/../lib/gcc/nios2-elf/4.1.2/../../../../nios2-elf/lib\libc.a(lib_a-atexit.o)
 .debug_aranges
                0x000009f0       0x20 c:/altera/13.0/nios2eds/bin/gnu/h-i686-mingw32/bin/../lib/gcc/nios2-elf/4.1.2/../../../../nios2-elf/lib\libc.a(lib_a-exit.o)
 .debug_aranges
                0x00000a10       0x20 c:/altera/13.0/nios2eds/bin/gnu/h-i686-mingw32/bin/../lib/gcc/nios2-elf/4.1.2/../../../../nios2-elf/lib\libc.a(lib_a-memcmp.o)
 .debug_aranges
                0x00000a30       0x20 c:/altera/13.0/nios2eds/bin/gnu/h-i686-mingw32/bin/../lib/gcc/nios2-elf/4.1.2/../../../../nios2-elf/lib\libc.a(lib_a-__atexit.o)
 .debug_aranges
                0x00000a50       0x20 c:/altera/13.0/nios2eds/bin/gnu/h-i686-mingw32/bin/../lib/gcc/nios2-elf/4.1.2/../../../../nios2-elf/lib\libc.a(lib_a-__call_atexit.o)
 .debug_aranges
                0x00000a70       0x20 c:/altera/13.0/nios2eds/bin/gnu/h-i686-mingw32/bin/../lib/gcc/nios2-elf/4.1.2\libgcc.a(lib2-divmod.o)
 .debug_aranges
                0x00000a90       0x20 ../hello-wirid_bsp/\libhal_bsp.a(alt_exit.o)

.debug_pubnames
                0x00000000     0x1531
 *(.debug_pubnames)
 .debug_pubnames
                0x00000000       0x1b obj/default/hello_world.o
 .debug_pubnames
                0x0000001b       0x27 c:/altera/13.0/nios2eds/bin/gnu/h-i686-mingw32/bin/../lib/gcc/nios2-elf/4.1.2/../../../../nios2-elf/lib\libc.a(lib_a-puts.o)
 .debug_pubnames
                0x00000042       0x1d c:/altera/13.0/nios2eds/bin/gnu/h-i686-mingw32/bin/../lib/gcc/nios2-elf/4.1.2/../../../../nios2-elf/lib\libc.a(lib_a-strlen.o)
 .debug_pubnames
                0x0000005f       0x23 c:/altera/13.0/nios2eds/bin/gnu/h-i686-mingw32/bin/../lib/gcc/nios2-elf/4.1.2/../../../../nios2-elf/lib\libc.a(lib_a-fvwrite.o)
 .debug_pubnames
                0x00000082       0x39 c:/altera/13.0/nios2eds/bin/gnu/h-i686-mingw32/bin/../lib/gcc/nios2-elf/4.1.2/../../../../nios2-elf/lib\libc.a(lib_a-impure.o)
 .debug_pubnames
                0x000000bb       0xce c:/altera/13.0/nios2eds/bin/gnu/h-i686-mingw32/bin/../lib/gcc/nios2-elf/4.1.2/../../../../nios2-elf/lib\libc.a(lib_a-mallocr.o)
 .debug_pubnames
                0x00000189       0x1d c:/altera/13.0/nios2eds/bin/gnu/h-i686-mingw32/bin/../lib/gcc/nios2-elf/4.1.2/../../../../nios2-elf/lib\libc.a(lib_a-memchr.o)
 .debug_pubnames
                0x000001a6       0x1d c:/altera/13.0/nios2eds/bin/gnu/h-i686-mingw32/bin/../lib/gcc/nios2-elf/4.1.2/../../../../nios2-elf/lib\libc.a(lib_a-memcpy.o)
 .debug_pubnames
                0x000001c3       0x1e c:/altera/13.0/nios2eds/bin/gnu/h-i686-mingw32/bin/../lib/gcc/nios2-elf/4.1.2/../../../../nios2-elf/lib\libc.a(lib_a-memmove.o)
 .debug_pubnames
                0x000001e1       0x21 c:/altera/13.0/nios2eds/bin/gnu/h-i686-mingw32/bin/../lib/gcc/nios2-elf/4.1.2/../../../../nios2-elf/lib\libc.a(lib_a-reallocr.o)
 .debug_pubnames
                0x00000202       0x1e c:/altera/13.0/nios2eds/bin/gnu/h-i686-mingw32/bin/../lib/gcc/nios2-elf/4.1.2/../../../../nios2-elf/lib\libc.a(lib_a-sbrkr.o)
 .debug_pubnames
                0x00000220       0x22 c:/altera/13.0/nios2eds/bin/gnu/h-i686-mingw32/bin/../lib/gcc/nios2-elf/4.1.2/../../../../nios2-elf/lib\libc.a(lib_a-wsetup.o)
 .debug_pubnames
                0x00000242       0x2b c:/altera/13.0/nios2eds/bin/gnu/h-i686-mingw32/bin/../lib/gcc/nios2-elf/4.1.2/../../../../nios2-elf/lib\libc.a(lib_a-fflush.o)
 .debug_pubnames
                0x0000026d       0xdb c:/altera/13.0/nios2eds/bin/gnu/h-i686-mingw32/bin/../lib/gcc/nios2-elf/4.1.2/../../../../nios2-elf/lib\libc.a(lib_a-findfp.o)
 .debug_pubnames
                0x00000348       0x31 c:/altera/13.0/nios2eds/bin/gnu/h-i686-mingw32/bin/../lib/gcc/nios2-elf/4.1.2/../../../../nios2-elf/lib\libc.a(lib_a-freer.o)
 .debug_pubnames
                0x00000379       0x2e c:/altera/13.0/nios2eds/bin/gnu/h-i686-mingw32/bin/../lib/gcc/nios2-elf/4.1.2/../../../../nios2-elf/lib\libc.a(lib_a-fwalk.o)
 .debug_pubnames
                0x000003a7       0x1c c:/altera/13.0/nios2eds/bin/gnu/h-i686-mingw32/bin/../lib/gcc/nios2-elf/4.1.2/../../../../nios2-elf/lib\libc.a(lib_a-int_errno.o)
 .debug_pubnames
                0x000003c3       0x23 c:/altera/13.0/nios2eds/bin/gnu/h-i686-mingw32/bin/../lib/gcc/nios2-elf/4.1.2/../../../../nios2-elf/lib\libc.a(lib_a-makebuf.o)
 .debug_pubnames
                0x000003e6       0x1d c:/altera/13.0/nios2eds/bin/gnu/h-i686-mingw32/bin/../lib/gcc/nios2-elf/4.1.2/../../../../nios2-elf/lib\libc.a(lib_a-memset.o)
 .debug_pubnames
                0x00000403       0x44 c:/altera/13.0/nios2eds/bin/gnu/h-i686-mingw32/bin/../lib/gcc/nios2-elf/4.1.2/../../../../nios2-elf/lib\libc.a(lib_a-stdio.o)
 .debug_pubnames
                0x00000447       0x1f c:/altera/13.0/nios2eds/bin/gnu/h-i686-mingw32/bin/../lib/gcc/nios2-elf/4.1.2/../../../../nios2-elf/lib\libc.a(lib_a-writer.o)
 .debug_pubnames
                0x00000466       0x1f c:/altera/13.0/nios2eds/bin/gnu/h-i686-mingw32/bin/../lib/gcc/nios2-elf/4.1.2/../../../../nios2-elf/lib\libc.a(lib_a-closer.o)
 .debug_pubnames
                0x00000485       0x2b c:/altera/13.0/nios2eds/bin/gnu/h-i686-mingw32/bin/../lib/gcc/nios2-elf/4.1.2/../../../../nios2-elf/lib\libc.a(lib_a-fclose.o)
 .debug_pubnames
                0x000004b0       0x1f c:/altera/13.0/nios2eds/bin/gnu/h-i686-mingw32/bin/../lib/gcc/nios2-elf/4.1.2/../../../../nios2-elf/lib\libc.a(lib_a-fstatr.o)
 .debug_pubnames
                0x000004cf       0x20 c:/altera/13.0/nios2eds/bin/gnu/h-i686-mingw32/bin/../lib/gcc/nios2-elf/4.1.2/../../../../nios2-elf/lib\libc.a(lib_a-isattyr.o)
 .debug_pubnames
                0x000004ef       0x1f c:/altera/13.0/nios2eds/bin/gnu/h-i686-mingw32/bin/../lib/gcc/nios2-elf/4.1.2/../../../../nios2-elf/lib\libc.a(lib_a-lseekr.o)
 .debug_pubnames
                0x0000050e       0x1e c:/altera/13.0/nios2eds/bin/gnu/h-i686-mingw32/bin/../lib/gcc/nios2-elf/4.1.2/../../../../nios2-elf/lib\libc.a(lib_a-readr.o)
 .debug_pubnames
                0x0000052c       0x1c ../hello-wirid_bsp/\libhal_bsp.a(alt_close.o)
 .debug_pubnames
                0x00000548       0x63 ../hello-wirid_bsp/\libhal_bsp.a(alt_dev.o)
 .debug_pubnames
                0x000005ab       0x20 ../hello-wirid_bsp/\libhal_bsp.a(alt_errno.o)
 .debug_pubnames
                0x000005cb       0x1c ../hello-wirid_bsp/\libhal_bsp.a(alt_fstat.o)
 .debug_pubnames
                0x000005e7       0x1d ../hello-wirid_bsp/\libhal_bsp.a(alt_isatty.o)
 .debug_pubnames
                0x00000604       0x1c ../hello-wirid_bsp/\libhal_bsp.a(alt_lseek.o)
 .debug_pubnames
                0x00000620       0x46 ../hello-wirid_bsp/\libhal_bsp.a(alt_main.o)
 .debug_pubnames
                0x00000666       0x38 ../hello-wirid_bsp/\libhal_bsp.a(alt_malloc_lock.o)
 .debug_pubnames
                0x0000069e       0x1b ../hello-wirid_bsp/\libhal_bsp.a(alt_read.o)
 .debug_pubnames
                0x000006b9       0x25 ../hello-wirid_bsp/\libhal_bsp.a(alt_release_fd.o)
 .debug_pubnames
                0x000006de       0x1b ../hello-wirid_bsp/\libhal_bsp.a(alt_sbrk.o)
 .debug_pubnames
                0x000006f9       0x1c ../hello-wirid_bsp/\libhal_bsp.a(alt_write.o)
 .debug_pubnames
                0x00000715       0x34 ../hello-wirid_bsp/\libhal_bsp.a(alt_sys_init.o)
 .debug_pubnames
                0x00000749       0xac ../hello-wirid_bsp/\libhal_bsp.a(altera_avalon_cfi_flash.o)
 .debug_pubnames
                0x000007f5      0x27a ../hello-wirid_bsp/\libhal_bsp.a(altera_avalon_cfi_flash_table.o)
 .debug_pubnames
                0x00000a6f       0xb5 ../hello-wirid_bsp/\libhal_bsp.a(altera_avalon_epcs_flash_controller.o)
 .debug_pubnames
                0x00000b24       0xa5 ../hello-wirid_bsp/\libhal_bsp.a(altera_avalon_jtag_uart_fd.o)
 .debug_pubnames
                0x00000bc9       0x55 ../hello-wirid_bsp/\libhal_bsp.a(altera_avalon_jtag_uart_init.o)
 .debug_pubnames
                0x00000c1e       0x34 ../hello-wirid_bsp/\libhal_bsp.a(altera_avalon_jtag_uart_ioctl.o)
 .debug_pubnames
                0x00000c52       0x33 ../hello-wirid_bsp/\libhal_bsp.a(altera_avalon_jtag_uart_read.o)
 .debug_pubnames
                0x00000c85       0x34 ../hello-wirid_bsp/\libhal_bsp.a(altera_avalon_jtag_uart_write.o)
 .debug_pubnames
                0x00000cb9       0x55 ../hello-wirid_bsp/\libhal_bsp.a(altera_avalon_lcd_16207.o)
 .debug_pubnames
                0x00000d0e       0x37 ../hello-wirid_bsp/\libhal_bsp.a(altera_avalon_lcd_16207_fd.o)
 .debug_pubnames
                0x00000d45       0x2f ../hello-wirid_bsp/\libhal_bsp.a(altera_avalon_timer_sc.o)
 .debug_pubnames
                0x00000d74       0x71 ../hello-wirid_bsp/\libhal_bsp.a(altera_avalon_uart_fd.o)
 .debug_pubnames
                0x00000de5       0x4b ../hello-wirid_bsp/\libhal_bsp.a(altera_avalon_uart_init.o)
 .debug_pubnames
                0x00000e30       0x2e ../hello-wirid_bsp/\libhal_bsp.a(altera_avalon_uart_read.o)
 .debug_pubnames
                0x00000e5e       0x2f ../hello-wirid_bsp/\libhal_bsp.a(altera_avalon_uart_write.o)
 .debug_pubnames
                0x00000e8d      0x118 ../hello-wirid_bsp/\libhal_bsp.a(epcs_commands.o)
 .debug_pubnames
                0x00000fa5       0x26 ../hello-wirid_bsp/\libhal_bsp.a(alt_alarm_start.o)
 .debug_pubnames
                0x00000fcb       0x27 ../hello-wirid_bsp/\libhal_bsp.a(alt_dcache_flush.o)
 .debug_pubnames
                0x00000ff2       0x2b ../hello-wirid_bsp/\libhal_bsp.a(alt_dev_llist_insert.o)
 .debug_pubnames
                0x0000101d       0x20 ../hello-wirid_bsp/\libhal_bsp.a(alt_do_ctors.o)
 .debug_pubnames
                0x0000103d       0x20 ../hello-wirid_bsp/\libhal_bsp.a(alt_do_dtors.o)
 .debug_pubnames
                0x0000105d       0x58 ../hello-wirid_bsp/\libhal_bsp.a(alt_flash_dev.o)
 .debug_pubnames
                0x000010b5       0x6e ../hello-wirid_bsp/\libhal_bsp.a(alt_iic.o)
 .debug_pubnames
                0x00001123       0x2b ../hello-wirid_bsp/\libhal_bsp.a(alt_iic_isr_register.o)
 .debug_pubnames
                0x0000114e       0x26 ../hello-wirid_bsp/\libhal_bsp.a(alt_io_redirect.o)
 .debug_pubnames
                0x00001174       0x32 ../hello-wirid_bsp/\libhal_bsp.a(alt_irq_handler.o)
 .debug_pubnames
                0x000011a6       0x3b ../hello-wirid_bsp/\libhal_bsp.a(alt_irq_vars.o)
 .debug_pubnames
                0x000011e1       0x1b ../hello-wirid_bsp/\libhal_bsp.a(alt_open.o)
 .debug_pubnames
                0x000011fc       0x68 ../hello-wirid_bsp/\libhal_bsp.a(alt_tick.o)
 .debug_pubnames
                0x00001264       0x1d ../hello-wirid_bsp/\libhal_bsp.a(alt_usleep.o)
 .debug_pubnames
                0x00001281       0x31 ../hello-wirid_bsp/\libhal_bsp.a(altera_nios2_qsys_irq.o)
 .debug_pubnames
                0x000012b2       0x3e ../hello-wirid_bsp/\libhal_bsp.a(altera_avalon_cfi_flash_amd.o)
 .debug_pubnames
                0x000012f0       0x42 ../hello-wirid_bsp/\libhal_bsp.a(altera_avalon_cfi_flash_intel.o)
 .debug_pubnames
                0x00001332       0x2d ../hello-wirid_bsp/\libhal_bsp.a(altera_avalon_spi.o)
 .debug_pubnames
                0x0000135f       0x25 ../hello-wirid_bsp/\libhal_bsp.a(alt_busy_sleep.o)
 .debug_pubnames
                0x00001384       0x23 ../hello-wirid_bsp/\libhal_bsp.a(alt_find_dev.o)
 .debug_pubnames
                0x000013a7       0x24 ../hello-wirid_bsp/\libhal_bsp.a(alt_find_file.o)
 .debug_pubnames
                0x000013cb       0x21 ../hello-wirid_bsp/\libhal_bsp.a(alt_get_fd.o)
 .debug_pubnames
                0x000013ec       0x2a c:/altera/13.0/nios2eds/bin/gnu/h-i686-mingw32/bin/../lib/gcc/nios2-elf/4.1.2/../../../../nios2-elf/lib\libc.a(lib_a-atexit.o)
 .debug_pubnames
                0x00001416       0x2e c:/altera/13.0/nios2eds/bin/gnu/h-i686-mingw32/bin/../lib/gcc/nios2-elf/4.1.2/../../../../nios2-elf/lib\libc.a(lib_a-ctype_.o)
 .debug_pubnames
                0x00001444       0x1b c:/altera/13.0/nios2eds/bin/gnu/h-i686-mingw32/bin/../lib/gcc/nios2-elf/4.1.2/../../../../nios2-elf/lib\libc.a(lib_a-exit.o)
 .debug_pubnames
                0x0000145f       0x1d c:/altera/13.0/nios2eds/bin/gnu/h-i686-mingw32/bin/../lib/gcc/nios2-elf/4.1.2/../../../../nios2-elf/lib\libc.a(lib_a-memcmp.o)
 .debug_pubnames
                0x0000147c       0x2a c:/altera/13.0/nios2eds/bin/gnu/h-i686-mingw32/bin/../lib/gcc/nios2-elf/4.1.2/../../../../nios2-elf/lib\libc.a(lib_a-__atexit.o)
 .debug_pubnames
                0x000014a6       0x27 c:/altera/13.0/nios2eds/bin/gnu/h-i686-mingw32/bin/../lib/gcc/nios2-elf/4.1.2/../../../../nios2-elf/lib\libc.a(lib_a-__call_atexit.o)
 .debug_pubnames
                0x000014cd       0x48 c:/altera/13.0/nios2eds/bin/gnu/h-i686-mingw32/bin/../lib/gcc/nios2-elf/4.1.2\libgcc.a(lib2-divmod.o)
 .debug_pubnames
                0x00001515       0x1c ../hello-wirid_bsp/\libhal_bsp.a(alt_exit.o)

.debug_info     0x00000000    0x20ef9
 *(.debug_info .gnu.linkonce.wi.*)
 .debug_info    0x00000000       0x88 ../hello-wirid_bsp//obj/HAL/src/crt0.o
 .debug_info    0x00000088      0x143 obj/default/hello_world.o
 .debug_info    0x000001cb      0xa25 c:/altera/13.0/nios2eds/bin/gnu/h-i686-mingw32/bin/../lib/gcc/nios2-elf/4.1.2/../../../../nios2-elf/lib\libc.a(lib_a-puts.o)
 .debug_info    0x00000bf0       0xdb c:/altera/13.0/nios2eds/bin/gnu/h-i686-mingw32/bin/../lib/gcc/nios2-elf/4.1.2/../../../../nios2-elf/lib\libc.a(lib_a-strlen.o)
 .debug_info    0x00000ccb      0xa88 c:/altera/13.0/nios2eds/bin/gnu/h-i686-mingw32/bin/../lib/gcc/nios2-elf/4.1.2/../../../../nios2-elf/lib\libc.a(lib_a-fvwrite.o)
 .debug_info    0x00001753      0x93d c:/altera/13.0/nios2eds/bin/gnu/h-i686-mingw32/bin/../lib/gcc/nios2-elf/4.1.2/../../../../nios2-elf/lib\libc.a(lib_a-impure.o)
 .debug_info    0x00002090      0xcd0 c:/altera/13.0/nios2eds/bin/gnu/h-i686-mingw32/bin/../lib/gcc/nios2-elf/4.1.2/../../../../nios2-elf/lib\libc.a(lib_a-mallocr.o)
 .debug_info    0x00002d60      0x138 c:/altera/13.0/nios2eds/bin/gnu/h-i686-mingw32/bin/../lib/gcc/nios2-elf/4.1.2/../../../../nios2-elf/lib\libc.a(lib_a-memchr.o)
 .debug_info    0x00002e98      0x106 c:/altera/13.0/nios2eds/bin/gnu/h-i686-mingw32/bin/../lib/gcc/nios2-elf/4.1.2/../../../../nios2-elf/lib\libc.a(lib_a-memcpy.o)
 .debug_info    0x00002f9e      0x13e c:/altera/13.0/nios2eds/bin/gnu/h-i686-mingw32/bin/../lib/gcc/nios2-elf/4.1.2/../../../../nios2-elf/lib\libc.a(lib_a-memmove.o)
 .debug_info    0x000030dc      0xbd7 c:/altera/13.0/nios2eds/bin/gnu/h-i686-mingw32/bin/../lib/gcc/nios2-elf/4.1.2/../../../../nios2-elf/lib\libc.a(lib_a-reallocr.o)
 .debug_info    0x00003cb3      0x962 c:/altera/13.0/nios2eds/bin/gnu/h-i686-mingw32/bin/../lib/gcc/nios2-elf/4.1.2/../../../../nios2-elf/lib\libc.a(lib_a-sbrkr.o)
 .debug_info    0x00004615      0x95d c:/altera/13.0/nios2eds/bin/gnu/h-i686-mingw32/bin/../lib/gcc/nios2-elf/4.1.2/../../../../nios2-elf/lib\libc.a(lib_a-wsetup.o)
 .debug_info    0x00004f72      0x9fe c:/altera/13.0/nios2eds/bin/gnu/h-i686-mingw32/bin/../lib/gcc/nios2-elf/4.1.2/../../../../nios2-elf/lib\libc.a(lib_a-fflush.o)
 .debug_info    0x00005970      0xb72 c:/altera/13.0/nios2eds/bin/gnu/h-i686-mingw32/bin/../lib/gcc/nios2-elf/4.1.2/../../../../nios2-elf/lib\libc.a(lib_a-findfp.o)
 .debug_info    0x000064e2      0xbc9 c:/altera/13.0/nios2eds/bin/gnu/h-i686-mingw32/bin/../lib/gcc/nios2-elf/4.1.2/../../../../nios2-elf/lib\libc.a(lib_a-freer.o)
 .debug_info    0x000070ab      0xaed c:/altera/13.0/nios2eds/bin/gnu/h-i686-mingw32/bin/../lib/gcc/nios2-elf/4.1.2/../../../../nios2-elf/lib\libc.a(lib_a-fwalk.o)
 .debug_info    0x00007b98       0x8c c:/altera/13.0/nios2eds/bin/gnu/h-i686-mingw32/bin/../lib/gcc/nios2-elf/4.1.2/../../../../nios2-elf/lib\libc.a(lib_a-int_errno.o)
 .debug_info    0x00007c24      0xb1a c:/altera/13.0/nios2eds/bin/gnu/h-i686-mingw32/bin/../lib/gcc/nios2-elf/4.1.2/../../../../nios2-elf/lib\libc.a(lib_a-makebuf.o)
 .debug_info    0x0000873e      0x113 c:/altera/13.0/nios2eds/bin/gnu/h-i686-mingw32/bin/../lib/gcc/nios2-elf/4.1.2/../../../../nios2-elf/lib\libc.a(lib_a-memset.o)
 .debug_info    0x00008851      0xaac c:/altera/13.0/nios2eds/bin/gnu/h-i686-mingw32/bin/../lib/gcc/nios2-elf/4.1.2/../../../../nios2-elf/lib\libc.a(lib_a-stdio.o)
 .debug_info    0x000092fd      0x993 c:/altera/13.0/nios2eds/bin/gnu/h-i686-mingw32/bin/../lib/gcc/nios2-elf/4.1.2/../../../../nios2-elf/lib\libc.a(lib_a-writer.o)
 .debug_info    0x00009c90      0x958 c:/altera/13.0/nios2eds/bin/gnu/h-i686-mingw32/bin/../lib/gcc/nios2-elf/4.1.2/../../../../nios2-elf/lib\libc.a(lib_a-closer.o)
 .debug_info    0x0000a5e8      0x994 c:/altera/13.0/nios2eds/bin/gnu/h-i686-mingw32/bin/../lib/gcc/nios2-elf/4.1.2/../../../../nios2-elf/lib\libc.a(lib_a-fclose.o)
 .debug_info    0x0000af7c      0xafc c:/altera/13.0/nios2eds/bin/gnu/h-i686-mingw32/bin/../lib/gcc/nios2-elf/4.1.2/../../../../nios2-elf/lib\libc.a(lib_a-fstatr.o)
 .debug_info    0x0000ba78      0x958 c:/altera/13.0/nios2eds/bin/gnu/h-i686-mingw32/bin/../lib/gcc/nios2-elf/4.1.2/../../../../nios2-elf/lib\libc.a(lib_a-isattyr.o)
 .debug_info    0x0000c3d0      0x981 c:/altera/13.0/nios2eds/bin/gnu/h-i686-mingw32/bin/../lib/gcc/nios2-elf/4.1.2/../../../../nios2-elf/lib\libc.a(lib_a-lseekr.o)
 .debug_info    0x0000cd51      0x98c c:/altera/13.0/nios2eds/bin/gnu/h-i686-mingw32/bin/../lib/gcc/nios2-elf/4.1.2/../../../../nios2-elf/lib\libc.a(lib_a-readr.o)
 .debug_info    0x0000d6dd      0x470 ../hello-wirid_bsp/\libhal_bsp.a(alt_close.o)
 .debug_info    0x0000db4d      0x688 ../hello-wirid_bsp/\libhal_bsp.a(alt_dev.o)
 .debug_info    0x0000e1d5      0x16d ../hello-wirid_bsp/\libhal_bsp.a(alt_errno.o)
 .debug_info    0x0000e342      0x669 ../hello-wirid_bsp/\libhal_bsp.a(alt_fstat.o)